Archive member included to satisfy reference by file (symbol)

D:/ST/STM32CubeCLT_1.18.0/GNU-tools-for-STM32/bin/../lib/gcc/arm-none-eabi/13.3.1/thumb/v7e-m+dp/hard\libgcc.a(_aeabi_uldivmod.o)
                              cmake/stm32cubemx/CMakeFiles/STM32_Drivers.dir/__/__/Drivers/STM32F7xx_HAL_Driver/Src/stm32f7xx_hal_rcc.c.obj (__aeabi_uldivmod)
D:/ST/STM32CubeCLT_1.18.0/GNU-tools-for-STM32/bin/../lib/gcc/arm-none-eabi/13.3.1/thumb/v7e-m+dp/hard\libgcc.a(_udivmoddi4.o)
                              D:/ST/STM32CubeCLT_1.18.0/GNU-tools-for-STM32/bin/../lib/gcc/arm-none-eabi/13.3.1/thumb/v7e-m+dp/hard\libgcc.a(_aeabi_uldivmod.o) (__udivmoddi4)
D:/ST/STM32CubeCLT_1.18.0/GNU-tools-for-STM32/bin/../lib/gcc/arm-none-eabi/13.3.1/thumb/v7e-m+dp/hard\libgcc.a(_dvmd_tls.o)
                              D:/ST/STM32CubeCLT_1.18.0/GNU-tools-for-STM32/bin/../lib/gcc/arm-none-eabi/13.3.1/thumb/v7e-m+dp/hard\libgcc.a(_aeabi_uldivmod.o) (__aeabi_ldiv0)
D:/ST/STM32CubeCLT_1.18.0/GNU-tools-for-STM32/bin/../lib/gcc/arm-none-eabi/13.3.1/../../../../arm-none-eabi/lib/thumb/v7e-m+dp/hard\libg_nano.a(libc_a-exit.o)
                              D:/ST/STM32CubeCLT_1.18.0/GNU-tools-for-STM32/bin/../lib/gcc/arm-none-eabi/13.3.1/../../../../arm-none-eabi/lib/thumb/v7e-m+dp/hard/crt0.o (exit)
D:/ST/STM32CubeCLT_1.18.0/GNU-tools-for-STM32/bin/../lib/gcc/arm-none-eabi/13.3.1/../../../../arm-none-eabi/lib/thumb/v7e-m+dp/hard\libg_nano.a(libc_a-findfp.o)
                              D:/ST/STM32CubeCLT_1.18.0/GNU-tools-for-STM32/bin/../lib/gcc/arm-none-eabi/13.3.1/../../../../arm-none-eabi/lib/thumb/v7e-m+dp/hard\libg_nano.a(libc_a-exit.o) (__stdio_exit_handler)
D:/ST/STM32CubeCLT_1.18.0/GNU-tools-for-STM32/bin/../lib/gcc/arm-none-eabi/13.3.1/../../../../arm-none-eabi/lib/thumb/v7e-m+dp/hard\libg_nano.a(libc_a-fwalk.o)
                              D:/ST/STM32CubeCLT_1.18.0/GNU-tools-for-STM32/bin/../lib/gcc/arm-none-eabi/13.3.1/../../../../arm-none-eabi/lib/thumb/v7e-m+dp/hard\libg_nano.a(libc_a-findfp.o) (_fwalk_sglue)
D:/ST/STM32CubeCLT_1.18.0/GNU-tools-for-STM32/bin/../lib/gcc/arm-none-eabi/13.3.1/../../../../arm-none-eabi/lib/thumb/v7e-m+dp/hard\libg_nano.a(libc_a-printf.o)
                              CMakeFiles/BOOT.dir/Core/Src/main.c.obj (printf)
D:/ST/STM32CubeCLT_1.18.0/GNU-tools-for-STM32/bin/../lib/gcc/arm-none-eabi/13.3.1/../../../../arm-none-eabi/lib/thumb/v7e-m+dp/hard\libg_nano.a(libc_a-puts.o)
                              CMakeFiles/BOOT.dir/Core/Src/main.c.obj (puts)
D:/ST/STM32CubeCLT_1.18.0/GNU-tools-for-STM32/bin/../lib/gcc/arm-none-eabi/13.3.1/../../../../arm-none-eabi/lib/thumb/v7e-m+dp/hard\libg_nano.a(libc_a-stdio.o)
                              D:/ST/STM32CubeCLT_1.18.0/GNU-tools-for-STM32/bin/../lib/gcc/arm-none-eabi/13.3.1/../../../../arm-none-eabi/lib/thumb/v7e-m+dp/hard\libg_nano.a(libc_a-findfp.o) (__sread)
D:/ST/STM32CubeCLT_1.18.0/GNU-tools-for-STM32/bin/../lib/gcc/arm-none-eabi/13.3.1/../../../../arm-none-eabi/lib/thumb/v7e-m+dp/hard\libg_nano.a(libc_a-wbuf.o)
                              D:/ST/STM32CubeCLT_1.18.0/GNU-tools-for-STM32/bin/../lib/gcc/arm-none-eabi/13.3.1/../../../../arm-none-eabi/lib/thumb/v7e-m+dp/hard\libg_nano.a(libc_a-puts.o) (__swbuf_r)
D:/ST/STM32CubeCLT_1.18.0/GNU-tools-for-STM32/bin/../lib/gcc/arm-none-eabi/13.3.1/../../../../arm-none-eabi/lib/thumb/v7e-m+dp/hard\libg_nano.a(libc_a-wsetup.o)
                              D:/ST/STM32CubeCLT_1.18.0/GNU-tools-for-STM32/bin/../lib/gcc/arm-none-eabi/13.3.1/../../../../arm-none-eabi/lib/thumb/v7e-m+dp/hard\libg_nano.a(libc_a-puts.o) (__swsetup_r)
D:/ST/STM32CubeCLT_1.18.0/GNU-tools-for-STM32/bin/../lib/gcc/arm-none-eabi/13.3.1/../../../../arm-none-eabi/lib/thumb/v7e-m+dp/hard\libg_nano.a(libc_a-memcmp.o)
                              CMakeFiles/BOOT.dir/Core/Src/main.c.obj (memcmp)
D:/ST/STM32CubeCLT_1.18.0/GNU-tools-for-STM32/bin/../lib/gcc/arm-none-eabi/13.3.1/../../../../arm-none-eabi/lib/thumb/v7e-m+dp/hard\libg_nano.a(libc_a-memset.o)
                              D:/ST/STM32CubeCLT_1.18.0/GNU-tools-for-STM32/bin/../lib/gcc/arm-none-eabi/13.3.1/../../../../arm-none-eabi/lib/thumb/v7e-m+dp/hard/crt0.o (memset)
D:/ST/STM32CubeCLT_1.18.0/GNU-tools-for-STM32/bin/../lib/gcc/arm-none-eabi/13.3.1/../../../../arm-none-eabi/lib/thumb/v7e-m+dp/hard\libg_nano.a(libc_a-closer.o)
                              D:/ST/STM32CubeCLT_1.18.0/GNU-tools-for-STM32/bin/../lib/gcc/arm-none-eabi/13.3.1/../../../../arm-none-eabi/lib/thumb/v7e-m+dp/hard\libg_nano.a(libc_a-stdio.o) (_close_r)
D:/ST/STM32CubeCLT_1.18.0/GNU-tools-for-STM32/bin/../lib/gcc/arm-none-eabi/13.3.1/../../../../arm-none-eabi/lib/thumb/v7e-m+dp/hard\libg_nano.a(libc_a-reent.o)
                              D:/ST/STM32CubeCLT_1.18.0/GNU-tools-for-STM32/bin/../lib/gcc/arm-none-eabi/13.3.1/../../../../arm-none-eabi/lib/thumb/v7e-m+dp/hard\libg_nano.a(libc_a-closer.o) (errno)
[...]
Memory Configuration

Name             Origin             Length             Attributes
RAM              0x20000000         0x00080000         xrw
FLASH            0x08000000         0x00100000         xr
*default*        0x00000000         0xffffffff

Linker script and memory map

LOAD D:/ST/STM32CubeCLT_1.18.0/GNU-tools-for-STM32/bin/../lib/gcc/arm-none-eabi/13.3.1/thumb/v7e-m+dp/hard/crti.o
LOAD D:/ST/STM32CubeCLT_1.18.0/GNU-tools-for-STM32/bin/../lib/gcc/arm-none-eabi/13.3.1/thumb/v7e-m+dp/hard/crtbegin.o
LOAD D:/ST/STM32CubeCLT_1.18.0/GNU-tools-for-STM32/bin/../lib/gcc/arm-none-eabi/13.3.1/../../../../arm-none-eabi/lib/thumb/v7e-m+dp/hard/crt0.o
LOAD cmake/stm32cubemx/CMakeFiles/STM32_Drivers.dir/__/__/Core/Src/system_stm32f7xx.c.obj
LOAD cmake/stm32cubemx/CMakeFiles/STM32_Drivers.dir/__/__/Drivers/STM32F7xx_HAL_Driver/Src/stm32f7xx_hal_cortex.c.obj
LOAD cmake/stm32cubemx/CMakeFiles/STM32_Drivers.dir/__/__/Drivers/STM32F7xx_HAL_Driver/Src/stm32f7xx_hal_uart.c.obj
LOAD cmake/stm32cubemx/CMakeFiles/STM32_Drivers.dir/__/__/Drivers/STM32F7xx_HAL_Driver/Src/stm32f7xx_hal_uart_ex.c.obj
LOAD cmake/stm32cubemx/CMakeFiles/STM32_Drivers.dir/__/__/Drivers/STM32F7xx_HAL_Driver/Src/stm32f7xx_hal_rcc.c.obj
LOAD cmake/stm32cubemx/CMakeFiles/STM32_Drivers.dir/__/__/Drivers/STM32F7xx_HAL_Driver/Src/stm32f7xx_hal_rcc_ex.c.obj
LOAD cmake/stm32cubemx/CMakeFiles/STM32_Drivers.dir/__/__/Drivers/STM32F7xx_HAL_Driver/Src/stm32f7xx_hal_flash.c.obj
LOAD cmake/stm32cubemx/CMakeFiles/STM32_Drivers.dir/__/__/Drivers/STM32F7xx_HAL_Driver/Src/stm32f7xx_hal_flash_ex.c.obj
LOAD cmake/stm32cubemx/CMakeFiles/STM32_Drivers.dir/__/__/Drivers/STM32F7xx_HAL_Driver/Src/stm32f7xx_hal_gpio.c.obj
LOAD cmake/stm32cubemx/CMakeFiles/STM32_Drivers.dir/__/__/Drivers/STM32F7xx_HAL_Driver/Src/stm32f7xx_hal_dma.c.obj
LOAD cmake/stm32cubemx/CMakeFiles/STM32_Drivers.dir/__/__/Drivers/STM32F7xx_HAL_Driver/Src/stm32f7xx_hal_dma_ex.c.obj
LOAD cmake/stm32cubemx/CMakeFiles/STM32_Drivers.dir/__/__/Drivers/STM32F7xx_HAL_Driver/Src/stm32f7xx_hal_pwr.c.obj
LOAD cmake/stm32cubemx/CMakeFiles/STM32_Drivers.dir/__/__/Drivers/STM32F7xx_HAL_Driver/Src/stm32f7xx_hal_pwr_ex.c.obj
LOAD cmake/stm32cubemx/CMakeFiles/STM32_Drivers.dir/__/__/Drivers/STM32F7xx_HAL_Driver/Src/stm32f7xx_hal.c.obj
LOAD cmake/stm32cubemx/CMakeFiles/STM32_Drivers.dir/__/__/Drivers/STM32F7xx_HAL_Driver/Src/stm32f7xx_hal_i2c.c.obj
LOAD cmake/stm32cubemx/CMakeFiles/STM32_Drivers.dir/__/__/Drivers/STM32F7xx_HAL_Driver/Src/stm32f7xx_hal_i2c_ex.c.obj
LOAD cmake/stm32cubemx/CMakeFiles/STM32_Drivers.dir/__/__/Drivers/STM32F7xx_HAL_Driver/Src/stm32f7xx_hal_exti.c.obj
LOAD CMakeFiles/BOOT.dir/Core/Src/main.c.obj
LOAD CMakeFiles/BOOT.dir/Core/Src/gpio.c.obj
LOAD CMakeFiles/BOOT.dir/Core/Src/usart.c.obj
LOAD CMakeFiles/BOOT.dir/Core/Src/stm32f7xx_it.c.obj
LOAD CMakeFiles/BOOT.dir/Core/Src/stm32f7xx_hal_msp.c.obj
LOAD CMakeFiles/BOOT.dir/Core/Src/sysmem.c.obj
LOAD CMakeFiles/BOOT.dir/Core/Src/syscalls.c.obj
LOAD CMakeFiles/BOOT.dir/startup_stm32f767xx.s.obj
LOAD CMakeFiles/BOOT.dir/APP/LED/led.c.obj
LOAD CMakeFiles/BOOT.dir/APP/Printf/printf.c.obj
LOAD CMakeFiles/BOOT.dir/APP/KEY/key.c.obj
LOAD CMakeFiles/BOOT.dir/APP/FLASH/flash.c.obj
LOAD CMakeFiles/BOOT.dir/bootloader/ymodem.c.obj
LOAD D:/ST/STM32CubeCLT_1.18.0/GNU-tools-for-STM32/bin/../lib/gcc/arm-none-eabi/13.3.1/../../../../arm-none-eabi/lib/thumb/v7e-m+dp/hard\libm.a
START GROUP
LOAD D:/ST/STM32CubeCLT_1.18.0/GNU-tools-for-STM32/bin/../lib/gcc/arm-none-eabi/13.3.1/thumb/v7e-m+dp/hard\libgcc.a
LOAD D:/ST/STM32CubeCLT_1.18.0/GNU-tools-for-STM32/bin/../lib/gcc/arm-none-eabi/13.3.1/../../../../arm-none-eabi/lib/thumb/v7e-m+dp/hard\libg_nano.a
LOAD D:/ST/STM32CubeCLT_1.18.0/GNU-tools-for-STM32/bin/../lib/gcc/arm-none-eabi/13.3.1/../../../../arm-none-eabi/lib/thumb/v7e-m+dp/hard\libc_nano.a
END GROUP
START GROUP
LOAD D:/ST/STM32CubeCLT_1.18.0/GNU-tools-for-STM32/bin/../lib/gcc/arm-none-eabi/13.3.1/thumb/v7e-m+dp/hard\libgcc.a
LOAD D:/ST/STM32CubeCLT_1.18.0/GNU-tools-for-STM32/bin/../lib/gcc/arm-none-eabi/13.3.1/../../../../arm-none-eabi/lib/thumb/v7e-m+dp/hard\libc_nano.a
END GROUP
LOAD D:/ST/STM32CubeCLT_1.18.0/GNU-tools-for-STM32/bin/../lib/gcc/arm-none-eabi/13.3.1/thumb/v7e-m+dp/hard/crtend.o
LOAD D:/ST/STM32CubeCLT_1.18.0/GNU-tools-for-STM32/bin/../lib/gcc/arm-none-eabi/13.3.1/thumb/v7e-m+dp/hard/crtn.o
                0x20080000                        _estack = (ORIGIN (RAM) + LENGTH (RAM))
                0x00000800                        _Min_Heap_Size = 0x800
                0x00000800                        _Min_Stack_Size = 0x800

.isr_vector     0x08000000      0x1f8
                0x08000000                        . = ALIGN (0x4)
 *(.isr_vector)
 .isr_vector    0x08000000      0x1f8 CMakeFiles/BOOT.dir/startup_stm32f767xx.s.obj
                0x08000000                g_pfnVectors
                0x080001f8                        . = ALIGN (0x4)

.text           0x08000200     0x59f4
                0x08000200                        . = ALIGN (0x4)
 *(.text)
 .text          0x08000200       0x40 D:/ST/STM32CubeCLT_1.18.0/GNU-tools-for-STM32/bin/../lib/gcc/arm-none-eabi/13.3.1/thumb/v7e-m+dp/hard/crtbegin.o
 .text          0x08000240       0x30 D:/ST/STM32CubeCLT_1.18.0/GNU-tools-for-STM32/bin/../lib/gcc/arm-none-eabi/13.3.1/thumb/v7e-m+dp/hard\libgcc.a(_aeabi_uldivmod.o)
                0x08000240                __aeabi_uldivmod
 .text          0x08000270      0x2f8 D:/ST/STM32CubeCLT_1.18.0/GNU-tools-for-STM32/bin/../lib/gcc/arm-none-eabi/13.3.1/thumb/v7e-m+dp/hard\libgcc.a(_udivmoddi4.o)
                0x08000270                __udivmoddi4
 .text          0x08000568        0x4 D:/ST/STM32CubeCLT_1.18.0/GNU-tools-for-STM32/bin/../lib/gcc/arm-none-eabi/13.3.1/thumb/v7e-m+dp/hard\libgcc.a(_dvmd_tls.o)
                0x08000568                __aeabi_idiv0
                0x08000568                __aeabi_ldiv0
 *fill*         0x0800056c        0x4 
 .text          0x08000570       0xa0 D:/ST/STM32CubeCLT_1.18.0/GNU-tools-for-STM32/bin/../lib/gcc/arm-none-eabi/13.3.1/../../../../arm-none-eabi/lib/thumb/v7e-m+dp/hard\libg_nano.a(libc_a-memchr.o)
                0x08000570                memchr
 *(.text*)
 .text.SystemInit
                0x08000610       0x24 cmake/stm32cubemx/CMakeFiles/STM32_Drivers.dir/__/__/Core/Src/system_stm32f7xx.c.obj
                0x08000610                SystemInit
 .text.__NVIC_SetPriorityGrouping
                0x08000634       0x48 cmake/stm32cubemx/CMakeFiles/STM32_Drivers.dir/__/__/Drivers/STM32F7xx_HAL_Driver/Src/stm32f7xx_hal_cortex.c.obj
 .text.__NVIC_GetPriorityGrouping
                0x0800067c       0x1c cmake/stm32cubemx/CMakeFiles/STM32_Drivers.dir/__/__/Drivers/STM32F7xx_HAL_Driver/Src/stm32f7xx_hal_cortex.c.obj
 .text.__NVIC_EnableIRQ
                0x08000698       0x3c cmake/stm32cubemx/CMakeFiles/STM32_Drivers.dir/__/__/Drivers/STM32F7xx_HAL_Driver/Src/stm32f7xx_hal_cortex.c.obj
 .text.__NVIC_SetPriority
                0x080006d4       0x54 cmake/stm32cubemx/CMakeFiles/STM32_Drivers.dir/__/__/Drivers/STM32F7xx_HAL_Driver/Src/stm32f7xx_hal_cortex.c.obj
 .text.NVIC_EncodePriority
                0x08000728       0x66 cmake/stm32cubemx/CMakeFiles/STM32_Drivers.dir/__/__/Drivers/STM32F7xx_HAL_Driver/Src/stm32f7xx_hal_cortex.c.obj
 *fill*         0x0800078e        0x2 
 .text.SysTick_Config
                0x08000790       0x44 cmake/stm32cubemx/CMakeFiles/STM32_Drivers.dir/__/__/Drivers/STM32F7xx_HAL_Driver/Src/stm32f7xx_hal_cortex.c.obj
 .text.HAL_NVIC_SetPriorityGrouping
                0x080007d4       0x16 cmake/stm32cubemx/CMakeFiles/STM32_Drivers.dir/__/__/Drivers/STM32F7xx_HAL_Driver/Src/stm32f7xx_hal_cortex.c.obj
                0x080007d4                HAL_NVIC_SetPriorityGrouping
 .text.HAL_NVIC_SetPriority
                0x080007ea       0x38 cmake/stm32cubemx/CMakeFiles/STM32_Drivers.dir/__/__/Drivers/STM32F7xx_HAL_Driver/Src/stm32f7xx_hal_cortex.c.obj
                0x080007ea                HAL_NVIC_SetPriority
 .text.HAL_NVIC_EnableIRQ
                0x08000822       0x1c cmake/stm32cubemx/CMakeFiles/STM32_Drivers.dir/__/__/Drivers/STM32F7xx_HAL_Driver/Src/stm32f7xx_hal_cortex.c.obj
                0x08000822                HAL_NVIC_EnableIRQ
 .text.HAL_SYSTICK_Config
                0x0800083e       0x18 cmake/stm32cubemx/CMakeFiles/STM32_Drivers.dir/__/__/Drivers/STM32F7xx_HAL_Driver/Src/stm32f7xx_hal_cortex.c.obj
                0x0800083e                HAL_SYSTICK_Config
 *fill*         0x08000856        0x2 
 .text.HAL_MPU_Disable
                0x08000858       0x30 cmake/stm32cubemx/CMakeFiles/STM32_Drivers.dir/__/__/Drivers/STM32F7xx_HAL_Driver/Src/stm32f7xx_hal_cortex.c.obj
                0x08000858                HAL_MPU_Disable
 .text.HAL_UART_Init
                0x08000888       0x9c cmake/stm32cubemx/CMakeFiles/STM32_Drivers.dir/__/__/Drivers/STM32F7xx_HAL_Driver/Src/stm32f7xx_hal_uart.c.obj
                0x08000888                HAL_UART_Init
 .text.HAL_UART_Transmit
                0x08000924      0x112 cmake/stm32cubemx/CMakeFiles/STM32_Drivers.dir/__/__/Drivers/STM32F7xx_HAL_Driver/Src/stm32f7xx_hal_uart.c.obj
                0x08000924                HAL_UART_Transmit
 .text.HAL_UART_Receive
                0x08000a36      0x190 cmake/stm32cubemx/CMakeFiles/STM32_Drivers.dir/__/__/Drivers/STM32F7xx_HAL_Driver/Src/stm32f7xx_hal_uart.c.obj
                0x08000a36                HAL_UART_Receive
 *fill*         0x08000bc6        0x2 
 .text.HAL_UART_IRQHandler
                0x08000bc8      0x604 cmake/stm32cubemx/CMakeFiles/STM32_Drivers.dir/__/__/Drivers/STM32F7xx_HAL_Driver/Src/stm32f7xx_hal_uart.c.obj
                0x08000bc8                HAL_UART_IRQHandler
 .text.HAL_UART_TxCpltCallback
                0x080011cc       0x14 cmake/stm32cubemx/CMakeFiles/STM32_Drivers.dir/__/__/Drivers/STM32F7xx_HAL_Driver/Src/stm32f7xx_hal_uart.c.obj
                0x080011cc                HAL_UART_TxCpltCallback
 .text.HAL_UART_ErrorCallback
                0x080011e0       0x14 cmake/stm32cubemx/CMakeFiles/STM32_Drivers.dir/__/__/Drivers/STM32F7xx_HAL_Driver/Src/stm32f7xx_hal_uart.c.obj
                0x080011e0                HAL_UART_ErrorCallback
 .text.HAL_UARTEx_RxEventCallback
                0x080011f4       0x18 cmake/stm32cubemx/CMakeFiles/STM32_Drivers.dir/__/__/Drivers/STM32F7xx_HAL_Driver/Src/stm32f7xx_hal_uart.c.obj
                0x080011f4                HAL_UARTEx_RxEventCallback
 .text.HAL_UARTEx_WakeupCallback
                0x0800120c       0x14 cmake/stm32cubemx/CMakeFiles/STM32_Drivers.dir/__/__/Drivers/STM32F7xx_HAL_Driver/Src/stm32f7xx_hal_uart.c.obj
                0x0800120c                HAL_UARTEx_WakeupCallback
 .text.UART_SetConfig
                0x08001220      0x4c8 cmake/stm32cubemx/CMakeFiles/STM32_Drivers.dir/__/__/Drivers/STM32F7xx_HAL_Driver/Src/stm32f7xx_hal_uart.c.obj
                0x08001220                UART_SetConfig
 .text.UART_AdvFeatureConfig
                0x080016e8      0x144 cmake/stm32cubemx/CMakeFiles/STM32_Drivers.dir/__/__/Drivers/STM32F7xx_HAL_Driver/Src/stm32f7xx_hal_uart.c.obj
                0x080016e8                UART_AdvFeatureConfig
 .text.UART_CheckIdleState
                0x0800182c      0x150 cmake/stm32cubemx/CMakeFiles/STM32_Drivers.dir/__/__/Drivers/STM32F7xx_HAL_Driver/Src/stm32f7xx_hal_uart.c.obj
                0x0800182c                UART_CheckIdleState
 .text.UART_WaitOnFlagUntilTimeout
                0x0800197c       0xda cmake/stm32cubemx/CMakeFiles/STM32_Drivers.dir/__/__/Drivers/STM32F7xx_HAL_Driver/Src/stm32f7xx_hal_uart.c.obj
                0x0800197c                UART_WaitOnFlagUntilTimeout
 .text.UART_EndRxTransfer
                0x08001a56       0xc8 cmake/stm32cubemx/CMakeFiles/STM32_Drivers.dir/__/__/Drivers/STM32F7xx_HAL_Driver/Src/stm32f7xx_hal_uart.c.obj
 .text.UART_DMAAbortOnError
                0x08001b1e       0x24 cmake/stm32cubemx/CMakeFiles/STM32_Drivers.dir/__/__/Drivers/STM32F7xx_HAL_Driver/Src/stm32f7xx_hal_uart.c.obj
 .text.UART_EndTransmit_IT
                0x08001b42       0x54 cmake/stm32cubemx/CMakeFiles/STM32_Drivers.dir/__/__/Drivers/STM32F7xx_HAL_Driver/Src/stm32f7xx_hal_uart.c.obj
 *fill*         0x08001b96        0x2 
 .text.HAL_RCC_OscConfig
                0x08001b98      0x55c cmake/stm32cubemx/CMakeFiles/STM32_Drivers.dir/__/__/Drivers/STM32F7xx_HAL_Driver/Src/stm32f7xx_hal_rcc.c.obj
                0x08001b98                HAL_RCC_OscConfig
 .text.HAL_RCC_ClockConfig
                0x080020f4      0x1d8 cmake/stm32cubemx/CMakeFiles/STM32_Drivers.dir/__/__/Drivers/STM32F7xx_HAL_Driver/Src/stm32f7xx_hal_rcc.c.obj
                0x080020f4                HAL_RCC_ClockConfig
 .text.HAL_RCC_GetSysClockFreq
                0x080022cc      0x18c cmake/stm32cubemx/CMakeFiles/STM32_Drivers.dir/__/__/Drivers/STM32F7xx_HAL_Driver/Src/stm32f7xx_hal_rcc.c.obj
                0x080022cc                HAL_RCC_GetSysClockFreq
 .text.HAL_RCC_GetHCLKFreq
                0x08002458       0x18 cmake/stm32cubemx/CMakeFiles/STM32_Drivers.dir/__/__/Drivers/STM32F7xx_HAL_Driver/Src/stm32f7xx_hal_rcc.c.obj
                0x08002458                HAL_RCC_GetHCLKFreq
 .text.HAL_RCC_GetPCLK1Freq
                0x08002470       0x28 cmake/stm32cubemx/CMakeFiles/STM32_Drivers.dir/__/__/Drivers/STM32F7xx_HAL_Driver/Src/stm32f7xx_hal_rcc.c.obj
                0x08002470                HAL_RCC_GetPCLK1Freq
 .text.HAL_RCC_GetPCLK2Freq
                0x08002498       0x28 cmake/stm32cubemx/CMakeFiles/STM32_Drivers.dir/__/__/Drivers/STM32F7xx_HAL_Driver/Src/stm32f7xx_hal_rcc.c.obj
                0x08002498                HAL_RCC_GetPCLK2Freq
 .text.HAL_RCCEx_PeriphCLKConfig
                0x080024c0      0x850 cmake/stm32cubemx/CMakeFiles/STM32_Drivers.dir/__/__/Drivers/STM32F7xx_HAL_Driver/Src/stm32f7xx_hal_rcc_ex.c.obj
                0x080024c0                HAL_RCCEx_PeriphCLKConfig
 .text.HAL_FLASH_Program
                0x08002d10       0xb4 cmake/stm32cubemx/CMakeFiles/STM32_Drivers.dir/__/__/Drivers/STM32F7xx_HAL_Driver/Src/stm32f7xx_hal_flash.c.obj
                0x08002d10                HAL_FLASH_Program
 .text.HAL_FLASH_Unlock
                0x08002dc4       0x44 cmake/stm32cubemx/CMakeFiles/STM32_Drivers.dir/__/__/Drivers/STM32F7xx_HAL_Driver/Src/stm32f7xx_hal_flash.c.obj
                0x08002dc4                HAL_FLASH_Unlock
 .text.HAL_FLASH_Lock
                0x08002e08       0x20 cmake/stm32cubemx/CMakeFiles/STM32_Drivers.dir/__/__/Drivers/STM32F7xx_HAL_Driver/Src/stm32f7xx_hal_flash.c.obj
                0x08002e08                HAL_FLASH_Lock
 .text.FLASH_WaitForLastOperation
                0x08002e28       0x80 cmake/stm32cubemx/CMakeFiles/STM32_Drivers.dir/__/__/Drivers/STM32F7xx_HAL_Driver/Src/stm32f7xx_hal_flash.c.obj
                0x08002e28                FLASH_WaitForLastOperation
 .text.FLASH_Program_DoubleWord
                0x08002ea8       0x6c cmake/stm32cubemx/CMakeFiles/STM32_Drivers.dir/__/__/Drivers/STM32F7xx_HAL_Driver/Src/stm32f7xx_hal_flash.c.obj
 .text.FLASH_Program_Word
                0x08002f14       0x4c cmake/stm32cubemx/CMakeFiles/STM32_Drivers.dir/__/__/Drivers/STM32F7xx_HAL_Driver/Src/stm32f7xx_hal_flash.c.obj
 .text.FLASH_Program_HalfWord
                0x08002f60       0x4c cmake/stm32cubemx/CMakeFiles/STM32_Drivers.dir/__/__/Drivers/STM32F7xx_HAL_Driver/Src/stm32f7xx_hal_flash.c.obj
 .text.FLASH_Program_Byte
                0x08002fac       0x48 cmake/stm32cubemx/CMakeFiles/STM32_Drivers.dir/__/__/Drivers/STM32F7xx_HAL_Driver/Src/stm32f7xx_hal_flash.c.obj
 .text.FLASH_SetErrorCode
                0x08002ff4       0x94 cmake/stm32cubemx/CMakeFiles/STM32_Drivers.dir/__/__/Drivers/STM32F7xx_HAL_Driver/Src/stm32f7xx_hal_flash.c.obj
 .text.HAL_FLASHEx_Erase
                0x08003088       0xdc cmake/stm32cubemx/CMakeFiles/STM32_Drivers.dir/__/__/Drivers/STM32F7xx_HAL_Driver/Src/stm32f7xx_hal_flash_ex.c.obj
                0x08003088                HAL_FLASHEx_Erase
 .text.FLASH_MassErase
                0x08003164       0x78 cmake/stm32cubemx/CMakeFiles/STM32_Drivers.dir/__/__/Drivers/STM32F7xx_HAL_Driver/Src/stm32f7xx_hal_flash_ex.c.obj
 .text.FLASH_Erase_Sector
                0x080031dc       0xa4 cmake/stm32cubemx/CMakeFiles/STM32_Drivers.dir/__/__/Drivers/STM32F7xx_HAL_Driver/Src/stm32f7xx_hal_flash_ex.c.obj
                0x080031dc                FLASH_Erase_Sector
 .text.HAL_GPIO_Init
                0x08003280      0x358 cmake/stm32cubemx/CMakeFiles/STM32_Drivers.dir/__/__/Drivers/STM32F7xx_HAL_Driver/Src/stm32f7xx_hal_gpio.c.obj
                0x08003280                HAL_GPIO_Init
 .text.HAL_GPIO_WritePin
                0x080035d8       0x32 cmake/stm32cubemx/CMakeFiles/STM32_Drivers.dir/__/__/Drivers/STM32F7xx_HAL_Driver/Src/stm32f7xx_hal_gpio.c.obj
                0x080035d8                HAL_GPIO_WritePin
 .text.HAL_GPIO_TogglePin
                0x0800360a       0x34 cmake/stm32cubemx/CMakeFiles/STM32_Drivers.dir/__/__/Drivers/STM32F7xx_HAL_Driver/Src/stm32f7xx_hal_gpio.c.obj
                0x0800360a                HAL_GPIO_TogglePin
 .text.HAL_DMA_Abort
                0x0800363e       0xe0 cmake/stm32cubemx/CMakeFiles/STM32_Drivers.dir/__/__/Drivers/STM32F7xx_HAL_Driver/Src/stm32f7xx_hal_dma.c.obj
                0x0800363e                HAL_DMA_Abort
 .text.HAL_DMA_Abort_IT
                0x0800371e       0x44 cmake/stm32cubemx/CMakeFiles/STM32_Drivers.dir/__/__/Drivers/STM32F7xx_HAL_Driver/Src/stm32f7xx_hal_dma.c.obj
                0x0800371e                HAL_DMA_Abort_IT
 *fill*         0x08003762        0x2 
 .text.HAL_PWREx_EnableOverDrive
                0x08003764       0xa0 cmake/stm32cubemx/CMakeFiles/STM32_Drivers.dir/__/__/Drivers/STM32F7xx_HAL_Driver/Src/stm32f7xx_hal_pwr_ex.c.obj
                0x08003764                HAL_PWREx_EnableOverDrive
 .text.HAL_Init
                0x08003804       0x1a cmake/stm32cubemx/CMakeFiles/STM32_Drivers.dir/__/__/Drivers/STM32F7xx_HAL_Driver/Src/stm32f7xx_hal.c.obj
                0x08003804                HAL_Init
 *fill*         0x0800381e        0x2 
 .text.HAL_InitTick
                0x08003820       0x60 cmake/stm32cubemx/CMakeFiles/STM32_Drivers.dir/__/__/Drivers/STM32F7xx_HAL_Driver/Src/stm32f7xx_hal.c.obj
                0x08003820                HAL_InitTick
 .text.HAL_IncTick
                0x08003880       0x28 cmake/stm32cubemx/CMakeFiles/STM32_Drivers.dir/__/__/Drivers/STM32F7xx_HAL_Driver/Src/stm32f7xx_hal.c.obj
                0x08003880                HAL_IncTick
 .text.HAL_GetTick
                0x080038a8       0x18 cmake/stm32cubemx/CMakeFiles/STM32_Drivers.dir/__/__/Drivers/STM32F7xx_HAL_Driver/Src/stm32f7xx_hal.c.obj
                0x080038a8                HAL_GetTick
 .text.HAL_Delay
                0x080038c0       0x48 cmake/stm32cubemx/CMakeFiles/STM32_Drivers.dir/__/__/Drivers/STM32F7xx_HAL_Driver/Src/stm32f7xx_hal.c.obj
                0x080038c0                HAL_Delay
 .text.__NVIC_SystemReset
                0x08003908       0x2c CMakeFiles/BOOT.dir/Core/Src/main.c.obj
 .text.main     0x08003934      0x308 CMakeFiles/BOOT.dir/Core/Src/main.c.obj
                0x08003934                main
 .text.SystemClock_Config
                0x08003c3c       0xe0 CMakeFiles/BOOT.dir/Core/Src/main.c.obj
                0x08003c3c                SystemClock_Config
 .text.Error_Handler
                0x08003d1c       0x14 CMakeFiles/BOOT.dir/Core/Src/main.c.obj
                0x08003d1c                Error_Handler
 .text.MX_GPIO_Init
                0x08003d30       0xb0 CMakeFiles/BOOT.dir/Core/Src/gpio.c.obj
                0x08003d30                MX_GPIO_Init
 .text.MX_USART2_UART_Init
                0x08003de0       0x60 CMakeFiles/BOOT.dir/Core/Src/usart.c.obj
                0x08003de0                MX_USART2_UART_Init
 .text.HAL_UART_MspInit
                0x08003e40       0xcc CMakeFiles/BOOT.dir/Core/Src/usart.c.obj
                0x08003e40                HAL_UART_MspInit
 .text.NMI_Handler
                0x08003f0c        0x8 CMakeFiles/BOOT.dir/Core/Src/stm32f7xx_it.c.obj
                0x08003f0c                NMI_Handler
 .text.HardFault_Handler
                0x08003f14        0x8 CMakeFiles/BOOT.dir/Core/Src/stm32f7xx_it.c.obj
                0x08003f14                HardFault_Handler
 .text.MemManage_Handler
                0x08003f1c        0x8 CMakeFiles/BOOT.dir/Core/Src/stm32f7xx_it.c.obj
                0x08003f1c                MemManage_Handler
 .text.BusFault_Handler
                0x08003f24        0x8 CMakeFiles/BOOT.dir/Core/Src/stm32f7xx_it.c.obj
                0x08003f24                BusFault_Handler
 .text.UsageFault_Handler
                0x08003f2c        0x8 CMakeFiles/BOOT.dir/Core/Src/stm32f7xx_it.c.obj
                0x08003f2c                UsageFault_Handler
 .text.SVC_Handler
                0x08003f34        0xe CMakeFiles/BOOT.dir/Core/Src/stm32f7xx_it.c.obj
                0x08003f34                SVC_Handler
 .text.DebugMon_Handler
                0x08003f42        0xe CMakeFiles/BOOT.dir/Core/Src/stm32f7xx_it.c.obj
                0x08003f42                DebugMon_Handler
 .text.PendSV_Handler
                0x08003f50        0xe CMakeFiles/BOOT.dir/Core/Src/stm32f7xx_it.c.obj
                0x08003f50                PendSV_Handler
 .text.SysTick_Handler
                0x08003f5e        0xc CMakeFiles/BOOT.dir/Core/Src/stm32f7xx_it.c.obj
                0x08003f5e                SysTick_Handler
 *fill*         0x08003f6a        0x2 
 .text.USART2_IRQHandler
                0x08003f6c       0x14 CMakeFiles/BOOT.dir/Core/Src/stm32f7xx_it.c.obj
                0x08003f6c                USART2_IRQHandler
 .text.HAL_MspInit
                0x08003f80       0x48 CMakeFiles/BOOT.dir/Core/Src/stm32f7xx_hal_msp.c.obj
                0x08003f80                HAL_MspInit
 .text._sbrk    0x08003fc8       0x6c CMakeFiles/BOOT.dir/Core/Src/sysmem.c.obj
                0x08003fc8                _sbrk
 .text._read    0x08004034       0x3a CMakeFiles/BOOT.dir/Core/Src/syscalls.c.obj
                0x08004034                _read
 .text._write   0x0800406e       0x38 CMakeFiles/BOOT.dir/Core/Src/syscalls.c.obj
                0x0800406e                _write
 .text._close   0x080040a6       0x18 CMakeFiles/BOOT.dir/Core/Src/syscalls.c.obj
                0x080040a6                _close
 .text._fstat   0x080040be       0x20 CMakeFiles/BOOT.dir/Core/Src/syscalls.c.obj
                0x080040be                _fstat
 .text._isatty  0x080040de       0x16 CMakeFiles/BOOT.dir/Core/Src/syscalls.c.obj
                0x080040de                _isatty
 .text._lseek   0x080040f4       0x1a CMakeFiles/BOOT.dir/Core/Src/syscalls.c.obj
                0x080040f4                _lseek
 *fill*         0x0800410e        0x2 
 .text.Reset_Handler
                0x08004110       0x50 CMakeFiles/BOOT.dir/startup_stm32f767xx.s.obj
                0x08004110                Reset_Handler
 .text.Default_Handler
                0x08004160        0x2 CMakeFiles/BOOT.dir/startup_stm32f767xx.s.obj
                0x08004160                RTC_Alarm_IRQHandler
                0x08004160                EXTI2_IRQHandler
                0x08004160                TIM8_CC_IRQHandler
                0x08004160                UART8_IRQHandler
                0x08004160                SPI4_IRQHandler
                0x08004160                TIM1_CC_IRQHandler
                0x08004160                DMA2_Stream5_IRQHandler
                0x08004160                JPEG_IRQHandler
                0x08004160                DMA1_Stream5_IRQHandler
                0x08004160                CAN3_RX1_IRQHandler
                0x08004160                PVD_IRQHandler
                0x08004160                TAMP_STAMP_IRQHandler
                0x08004160                CAN2_RX1_IRQHandler
                0x08004160                EXTI3_IRQHandler
                0x08004160                TIM8_TRG_COM_TIM14_IRQHandler
                0x08004160                DFSDM1_FLT1_IRQHandler
                0x08004160                TIM1_UP_TIM10_IRQHandler
                0x08004160                TIM8_UP_TIM13_IRQHandler
                0x08004160                I2C3_ER_IRQHandler
                0x08004160                DFSDM1_FLT2_IRQHandler
                0x08004160                EXTI0_IRQHandler
                0x08004160                I2C2_EV_IRQHandler
                0x08004160                DMA1_Stream2_IRQHandler
                0x08004160                CAN1_RX0_IRQHandler
                0x08004160                FPU_IRQHandler
                0x08004160                OTG_HS_WKUP_IRQHandler
                0x08004160                CAN3_SCE_IRQHandler
                0x08004160                LTDC_ER_IRQHandler
                0x08004160                CAN2_SCE_IRQHandler
                0x08004160                DMA2_Stream2_IRQHandler
                0x08004160                SPI1_IRQHandler
                0x08004160                TIM6_DAC_IRQHandler
                0x08004160                TIM1_BRK_TIM9_IRQHandler
                0x08004160                DCMI_IRQHandler
                0x08004160                CAN2_RX0_IRQHandler
                0x08004160                DMA2_Stream3_IRQHandler
                0x08004160                SAI2_IRQHandler
                0x08004160                DFSDM1_FLT3_IRQHandler
                0x08004160                USART6_IRQHandler
                0x08004160                CAN3_RX0_IRQHandler
                0x08004160                USART3_IRQHandler
                0x08004160                CAN1_RX1_IRQHandler
                0x08004160                UART5_IRQHandler
                0x08004160                DMA2_Stream0_IRQHandler
                0x08004160                TIM4_IRQHandler
                0x08004160                QUADSPI_IRQHandler
                0x08004160                I2C1_EV_IRQHandler
                0x08004160                DMA1_Stream6_IRQHandler
                0x08004160                DMA1_Stream1_IRQHandler
                0x08004160                UART4_IRQHandler
                0x08004160                TIM3_IRQHandler
                0x08004160                RCC_IRQHandler
                0x08004160                TIM8_BRK_TIM12_IRQHandler
                0x08004160                Default_Handler
                0x08004160                CEC_IRQHandler
                0x08004160                EXTI15_10_IRQHandler
                0x08004160                ADC_IRQHandler
                0x08004160                DMA1_Stream7_IRQHandler
                0x08004160                SPI5_IRQHandler
                0x08004160                TIM7_IRQHandler
                0x08004160                SDMMC1_IRQHandler
                0x08004160                CAN2_TX_IRQHandler
                0x08004160                TIM5_IRQHandler
                0x08004160                DMA2_Stream7_IRQHandler
                0x08004160                I2C3_EV_IRQHandler
                0x08004160                EXTI9_5_IRQHandler
                0x08004160                RTC_WKUP_IRQHandler
                0x08004160                LTDC_IRQHandler
                0x08004160                ETH_WKUP_IRQHandler
                0x08004160                SPDIF_RX_IRQHandler
                0x08004160                SPI2_IRQHandler
                0x08004160                OTG_HS_EP1_IN_IRQHandler
                0x08004160                DMA1_Stream0_IRQHandler
                0x08004160                CAN1_TX_IRQHandler
                0x08004160                EXTI4_IRQHandler
                0x08004160                RNG_IRQHandler
                0x08004160                ETH_IRQHandler
                0x08004160                OTG_HS_EP1_OUT_IRQHandler
                0x08004160                WWDG_IRQHandler
                0x08004160                SPI6_IRQHandler
                0x08004160                MDIOS_IRQHandler
                0x08004160                I2C4_EV_IRQHandler
                0x08004160                CAN3_TX_IRQHandler
                0x08004160                TIM2_IRQHandler
                0x08004160                OTG_FS_WKUP_IRQHandler
                0x08004160                TIM1_TRG_COM_TIM11_IRQHandler
                0x08004160                OTG_HS_IRQHandler
                0x08004160                DMA2D_IRQHandler
                0x08004160                EXTI1_IRQHandler
                0x08004160                SDMMC2_IRQHandler
                0x08004160                UART7_IRQHandler
                0x08004160                DFSDM1_FLT0_IRQHandler
                0x08004160                I2C2_ER_IRQHandler
                0x08004160                DMA2_Stream1_IRQHandler
                0x08004160                CAN1_SCE_IRQHandler
                0x08004160                FLASH_IRQHandler
                0x08004160                DMA2_Stream4_IRQHandler
                0x08004160                USART1_IRQHandler
                0x08004160                OTG_FS_IRQHandler
                0x08004160                SPI3_IRQHandler
                0x08004160                DMA1_Stream4_IRQHandler
                0x08004160                I2C1_ER_IRQHandler
                0x08004160                FMC_IRQHandler
                0x08004160                LPTIM1_IRQHandler
                0x08004160                I2C4_ER_IRQHandler
                0x08004160                DMA2_Stream6_IRQHandler
                0x08004160                SAI1_IRQHandler
                0x08004160                DMA1_Stream3_IRQHandler
 *fill*         0x08004162        0x2 
 .text.LED_Init
                0x08004164       0x88 CMakeFiles/BOOT.dir/APP/LED/led.c.obj
                0x08004164                LED_Init
 .text.LED_Off  0x080041ec       0x3c CMakeFiles/BOOT.dir/APP/LED/led.c.obj
                0x080041ec                LED_Off
 .text.LED_Toggle
                0x08004228       0x38 CMakeFiles/BOOT.dir/APP/LED/led.c.obj
                0x08004228                LED_Toggle
 .text.LED_AllOff
                0x08004260       0x14 CMakeFiles/BOOT.dir/APP/LED/led.c.obj
                0x08004260                LED_AllOff
 .text.LED_Blink
                0x08004274       0x48 CMakeFiles/BOOT.dir/APP/LED/led.c.obj
                0x08004274                LED_Blink
 .text.Printf_Init
                0x080042bc        0xe CMakeFiles/BOOT.dir/APP/Printf/printf.c.obj
                0x080042bc                Printf_Init
 *fill*         0x080042ca        0x2 
 .text.__io_putchar
                0x080042cc       0x24 CMakeFiles/BOOT.dir/APP/Printf/printf.c.obj
                0x080042cc                __io_putchar
 .text.KEY_Init
                0x080042f0       0x78 CMakeFiles/BOOT.dir/APP/KEY/key.c.obj
                0x080042f0                KEY_Init
 .text.FLASH_WriteWord
                0x08004368       0x4c CMakeFiles/BOOT.dir/APP/FLASH/flash.c.obj
                0x08004368                FLASH_WriteWord
 .text.BOOT_JumpToApp
                0x080043b4       0x94 CMakeFiles/BOOT.dir/APP/FLASH/flash.c.obj
                0x080043b4                BOOT_JumpToApp
 .text.BOOT_VerifyAppFirmware
                0x08004448       0x98 CMakeFiles/BOOT.dir/APP/FLASH/flash.c.obj
                0x08004448                BOOT_VerifyAppFirmware
 .text.BOOT_SetFlag
                0x080044e0       0x1c CMakeFiles/BOOT.dir/APP/FLASH/flash.c.obj
                0x080044e0                BOOT_SetFlag
 .text.YMODEM_Init
                0x080044fc       0x84 CMakeFiles/BOOT.dir/bootloader/ymodem.c.obj
                0x080044fc                YMODEM_Init
 .text.GenerateResponse
                0x08004580      0x108 CMakeFiles/BOOT.dir/bootloader/ymodem.c.obj
 .text.YMODEM_Abort
                0x08004688       0x38 CMakeFiles/BOOT.dir/bootloader/ymodem.c.obj
                0x08004688                YMODEM_Abort
 .text.YMODEM_ReceiveByte
                0x080046c0      0x1b8 CMakeFiles/BOOT.dir/bootloader/ymodem.c.obj
                0x080046c0                YMODEM_ReceiveByte
 .text.YMODEM_ProcessPacket
                0x08004878       0x70 CMakeFiles/BOOT.dir/bootloader/ymodem.c.obj
 .text.YMODEM_ProcessDataPacket
                0x080048e8       0xd0 CMakeFiles/BOOT.dir/bootloader/ymodem.c.obj
 .text.YMODEM_ProcessFirstPacket
                0x080049b8      0x118 CMakeFiles/BOOT.dir/bootloader/ymodem.c.obj
 .text.Str2Int  0x08004ad0       0x92 CMakeFiles/BOOT.dir/bootloader/ymodem.c.obj
 .text.crc_update
                0x08004b62       0x44 CMakeFiles/BOOT.dir/bootloader/ymodem.c.obj
 .text.crc16    0x08004ba6       0x78 CMakeFiles/BOOT.dir/bootloader/ymodem.c.obj
 *fill*         0x08004c1e        0x2 
 .text.YMODEM_CheckCRC
                0x08004c20       0x84 CMakeFiles/BOOT.dir/bootloader/ymodem.c.obj
 .text.std      0x08004ca4       0x6c D:/ST/STM32CubeCLT_1.18.0/GNU-tools-for-STM32/bin/../lib/gcc/arm-none-eabi/13.3.1/../../../../arm-none-eabi/lib/thumb/v7e-m+dp/hard\libg_nano.a(libc_a-findfp.o)
 .text.stdio_exit_handler
                0x08004d10       0x18 D:/ST/STM32CubeCLT_1.18.0/GNU-tools-for-STM32/bin/../lib/gcc/arm-none-eabi/13.3.1/../../../../arm-none-eabi/lib/thumb/v7e-m+dp/hard\libg_nano.a(libc_a-findfp.o)
 .text.cleanup_stdio
                0x08004d28       0x40 D:/ST/STM32CubeCLT_1.18.0/GNU-tools-for-STM32/bin/../lib/gcc/arm-none-eabi/13.3.1/../../../../arm-none-eabi/lib/thumb/v7e-m+dp/hard\libg_nano.a(libc_a-findfp.o)
 .text.global_stdio_init.part.0
                0x08004d68       0x3c D:/ST/STM32CubeCLT_1.18.0/GNU-tools-for-STM32/bin/../lib/gcc/arm-none-eabi/13.3.1/../../../../arm-none-eabi/lib/thumb/v7e-m+dp/hard\libg_nano.a(libc_a-findfp.o)
 .text.__sfp_lock_acquire
                0x08004da4        0xc D:/ST/STM32CubeCLT_1.18.0/GNU-tools-for-STM32/bin/../lib/gcc/arm-none-eabi/13.3.1/../../../../arm-none-eabi/lib/thumb/v7e-m+dp/hard\libg_nano.a(libc_a-findfp.o)
                0x08004da4                __sfp_lock_acquire
 .text.__sfp_lock_release
                0x08004db0        0xc D:/ST/STM32CubeCLT_1.18.0/GNU-tools-for-STM32/bin/../lib/gcc/arm-none-eabi/13.3.1/../../../../arm-none-eabi/lib/thumb/v7e-m+dp/hard\libg_nano.a(libc_a-findfp.o)
                0x08004db0                __sfp_lock_release
 .text.__sinit  0x08004dbc       0x30 D:/ST/STM32CubeCLT_1.18.0/GNU-tools-for-STM32/bin/../lib/gcc/arm-none-eabi/13.3.1/../../../../arm-none-eabi/lib/thumb/v7e-m+dp/hard\libg_nano.a(libc_a-findfp.o)
                0x08004dbc                __sinit
 .text._fwalk_sglue
                0x08004dec       0x3c D:/ST/STM32CubeCLT_1.18.0/GNU-tools-for-STM32/bin/../lib/gcc/arm-none-eabi/13.3.1/../../../../arm-none-eabi/lib/thumb/v7e-m+dp/hard\libg_nano.a(libc_a-fwalk.o)
                0x08004dec                _fwalk_sglue
 .text.printf   0x08004e28       0x24 D:/ST/STM32CubeCLT_1.18.0/GNU-tools-for-STM32/bin/../lib/gcc/arm-none-eabi/13.3.1/../../../../arm-none-eabi/lib/thumb/v7e-m+dp/hard\libg_nano.a(libc_a-printf.o)
                0x08004e28                iprintf
                0x08004e28                printf
 .text._puts_r  0x08004e4c       0xaa D:/ST/STM32CubeCLT_1.18.0/GNU-tools-for-STM32/bin/../lib/gcc/arm-none-eabi/13.3.1/../../../../arm-none-eabi/lib/thumb/v7e-m+dp/hard\libg_nano.a(libc_a-puts.o)
                0x08004e4c                _puts_r
 *fill*         0x08004ef6        0x2 
 .text.puts     0x08004ef8       0x10 D:/ST/STM32CubeCLT_1.18.0/GNU-tools-for-STM32/bin/../lib/gcc/arm-none-eabi/13.3.1/../../../../arm-none-eabi/lib/thumb/v7e-m+dp/hard\libg_nano.a(libc_a-puts.o)
                0x08004ef8                puts
 .text.__sread  0x08004f08       0x22 D:/ST/STM32CubeCLT_1.18.0/GNU-tools-for-STM32/bin/../lib/gcc/arm-none-eabi/13.3.1/../../../../arm-none-eabi/lib/thumb/v7e-m+dp/hard\libg_nano.a(libc_a-stdio.o)
                0x08004f08                __sread
 .text.__swrite
                0x08004f2a       0x38 D:/ST/STM32CubeCLT_1.18.0/GNU-tools-for-STM32/bin/../lib/gcc/arm-none-eabi/13.3.1/../../../../arm-none-eabi/lib/thumb/v7e-m+dp/hard\libg_nano.a(libc_a-stdio.o)
                0x08004f2a                __swrite
 .text.__sseek  0x08004f62       0x24 D:/ST/STM32CubeCLT_1.18.0/GNU-tools-for-STM32/bin/../lib/gcc/arm-none-eabi/13.3.1/../../../../arm-none-eabi/lib/thumb/v7e-m+dp/hard\libg_nano.a(libc_a-stdio.o)
                0x08004f62                __sseek
 .text.__sclose
                0x08004f86        0x8 D:/ST/STM32CubeCLT_1.18.0/GNU-tools-for-STM32/bin/../lib/gcc/arm-none-eabi/13.3.1/../../../../arm-none-eabi/lib/thumb/v7e-m+dp/hard\libg_nano.a(libc_a-stdio.o)
                0x08004f86                __sclose
 .text.__swbuf_r
                0x08004f8e       0x7c D:/ST/STM32CubeCLT_1.18.0/GNU-tools-for-STM32/bin/../lib/gcc/arm-none-eabi/13.3.1/../../../../arm-none-eabi/lib/thumb/v7e-m+dp/hard\libg_nano.a(libc_a-wbuf.o)
                0x08004f8e                __swbuf_r
 *fill*         0x0800500a        0x2 
 .text.__swsetup_r
                0x0800500c       0xac D:/ST/STM32CubeCLT_1.18.0/GNU-tools-for-STM32/bin/../lib/gcc/arm-none-eabi/13.3.1/../../../../arm-none-eabi/lib/thumb/v7e-m+dp/hard\libg_nano.a(libc_a-wsetup.o)
                0x0800500c                __swsetup_r
 .text.memcmp   0x080050b8       0x20 D:/ST/STM32CubeCLT_1.18.0/GNU-tools-for-STM32/bin/../lib/gcc/arm-none-eabi/13.3.1/../../../../arm-none-eabi/lib/thumb/v7e-m+dp/hard\libg_nano.a(libc_a-memcmp.o)
                0x080050b8                memcmp
 .text.memset   0x080050d8       0x10 D:/ST/STM32CubeCLT_1.18.0/GNU-tools-for-STM32/bin/../lib/gcc/arm-none-eabi/13.3.1/../../../../arm-none-eabi/lib/thumb/v7e-m+dp/hard\libg_nano.a(libc_a-memset.o)
                0x080050d8                memset
 .text._close_r
                0x080050e8       0x20 D:/ST/STM32CubeCLT_1.18.0/GNU-tools-for-STM32/bin/../lib/gcc/arm-none-eabi/13.3.1/../../../../arm-none-eabi/lib/thumb/v7e-m+dp/hard\libg_nano.a(libc_a-closer.o)
                0x080050e8                _close_r
 .text._lseek_r
                0x08005108       0x24 D:/ST/STM32CubeCLT_1.18.0/GNU-tools-for-STM32/bin/../lib/gcc/arm-none-eabi/13.3.1/../../../../arm-none-eabi/lib/thumb/v7e-m+dp/hard\libg_nano.a(libc_a-lseekr.o)
                0x08005108                _lseek_r
 .text._read_r  0x0800512c       0x24 D:/ST/STM32CubeCLT_1.18.0/GNU-tools-for-STM32/bin/../lib/gcc/arm-none-eabi/13.3.1/../../../../arm-none-eabi/lib/thumb/v7e-m+dp/hard\libg_nano.a(libc_a-readr.o)
                0x0800512c                _read_r
 .text._write_r
                0x08005150       0x24 D:/ST/STM32CubeCLT_1.18.0/GNU-tools-for-STM32/bin/../lib/gcc/arm-none-eabi/13.3.1/../../../../arm-none-eabi/lib/thumb/v7e-m+dp/hard\libg_nano.a(libc_a-writer.o)
                0x08005150                _write_r
 .text.__errno  0x08005174        0xc D:/ST/STM32CubeCLT_1.18.0/GNU-tools-for-STM32/bin/../lib/gcc/arm-none-eabi/13.3.1/../../../../arm-none-eabi/lib/thumb/v7e-m+dp/hard\libg_nano.a(libc_a-errno.o)
                0x08005174                __errno
 .text.__libc_init_array
                0x08005180       0x48 D:/ST/STM32CubeCLT_1.18.0/GNU-tools-for-STM32/bin/../lib/gcc/arm-none-eabi/13.3.1/../../../../arm-none-eabi/lib/thumb/v7e-m+dp/hard\libg_nano.a(libc_a-init.o)
                0x08005180                __libc_init_array
 .text.__retarget_lock_init_recursive
                0x080051c8        0x2 D:/ST/STM32CubeCLT_1.18.0/GNU-tools-for-STM32/bin/../lib/gcc/arm-none-eabi/13.3.1/../../../../arm-none-eabi/lib/thumb/v7e-m+dp/hard\libg_nano.a(libc_a-lock.o)
                0x080051c8                __retarget_lock_init_recursive
 .text.__retarget_lock_acquire_recursive
                0x080051ca        0x2 D:/ST/STM32CubeCLT_1.18.0/GNU-tools-for-STM32/bin/../lib/gcc/arm-none-eabi/13.3.1/../../../../arm-none-eabi/lib/thumb/v7e-m+dp/hard\libg_nano.a(libc_a-lock.o)
                0x080051ca                __retarget_lock_acquire_recursive
 .text.__retarget_lock_release_recursive
                0x080051cc        0x2 D:/ST/STM32CubeCLT_1.18.0/GNU-tools-for-STM32/bin/../lib/gcc/arm-none-eabi/13.3.1/../../../../arm-none-eabi/lib/thumb/v7e-m+dp/hard\libg_nano.a(libc_a-lock.o)
                0x080051cc                __retarget_lock_release_recursive
 *fill*         0x080051ce        0x2 
 .text._free_r  0x080051d0       0x94 D:/ST/STM32CubeCLT_1.18.0/GNU-tools-for-STM32/bin/../lib/gcc/arm-none-eabi/13.3.1/../../../../arm-none-eabi/lib/thumb/v7e-m+dp/hard\libg_nano.a(libc_a-freer.o)
                0x080051d0                _free_r
 .text.sbrk_aligned
                0x08005264       0x44 D:/ST/STM32CubeCLT_1.18.0/GNU-tools-for-STM32/bin/../lib/gcc/arm-none-eabi/13.3.1/../../../../arm-none-eabi/lib/thumb/v7e-m+dp/hard\libg_nano.a(libc_a-mallocr.o)
 .text._malloc_r
                0x080052a8      0x100 D:/ST/STM32CubeCLT_1.18.0/GNU-tools-for-STM32/bin/../lib/gcc/arm-none-eabi/13.3.1/../../../../arm-none-eabi/lib/thumb/v7e-m+dp/hard\libg_nano.a(libc_a-mallocr.o)
                0x080052a8                _malloc_r
 .text.__malloc_lock
                0x080053a8        0xc D:/ST/STM32CubeCLT_1.18.0/GNU-tools-for-STM32/bin/../lib/gcc/arm-none-eabi/13.3.1/../../../../arm-none-eabi/lib/thumb/v7e-m+dp/hard\libg_nano.a(libc_a-mlock.o)
                0x080053a8                __malloc_lock
 .text.__malloc_unlock
                0x080053b4        0xc D:/ST/STM32CubeCLT_1.18.0/GNU-tools-for-STM32/bin/../lib/gcc/arm-none-eabi/13.3.1/../../../../arm-none-eabi/lib/thumb/v7e-m+dp/hard\libg_nano.a(libc_a-mlock.o)
                0x080053b4                __malloc_unlock
 .text.__sfputc_r
                0x080053c0       0x2e D:/ST/STM32CubeCLT_1.18.0/GNU-tools-for-STM32/bin/../lib/gcc/arm-none-eabi/13.3.1/../../../../arm-none-eabi/lib/thumb/v7e-m+dp/hard\libg_nano.a(libc_a-nano-vfprintf.o)
 .text.__sfputs_r
                0x080053ee       0x24 D:/ST/STM32CubeCLT_1.18.0/GNU-tools-for-STM32/bin/../lib/gcc/arm-none-eabi/13.3.1/../../../../arm-none-eabi/lib/thumb/v7e-m+dp/hard\libg_nano.a(libc_a-nano-vfprintf.o)
                0x080053ee                __sfputs_r
 *fill*         0x08005412        0x2 
 .text._vfprintf_r
                0x08005414      0x230 D:/ST/STM32CubeCLT_1.18.0/GNU-tools-for-STM32/bin/../lib/gcc/arm-none-eabi/13.3.1/../../../../arm-none-eabi/lib/thumb/v7e-m+dp/hard\libg_nano.a(libc_a-nano-vfprintf.o)
                0x08005414                _vfprintf_r
                0x08005414                _vfiprintf_r
 .text._printf_common
                0x08005644       0xda D:/ST/STM32CubeCLT_1.18.0/GNU-tools-for-STM32/bin/../lib/gcc/arm-none-eabi/13.3.1/../../../../arm-none-eabi/lib/thumb/v7e-m+dp/hard\libg_nano.a(libc_a-nano-vfprintf_i.o)
                0x08005644                _printf_common
 *fill*         0x0800571e        0x2 
 .text._printf_i
                0x08005720      0x23c D:/ST/STM32CubeCLT_1.18.0/GNU-tools-for-STM32/bin/../lib/gcc/arm-none-eabi/13.3.1/../../../../arm-none-eabi/lib/thumb/v7e-m+dp/hard\libg_nano.a(libc_a-nano-vfprintf_i.o)
                0x08005720                _printf_i
 .text.__sflush_r
                0x0800595c      0x108 D:/ST/STM32CubeCLT_1.18.0/GNU-tools-for-STM32/bin/../lib/gcc/arm-none-eabi/13.3.1/../../../../arm-none-eabi/lib/thumb/v7e-m+dp/hard\libg_nano.a(libc_a-fflush.o)
                0x0800595c                __sflush_r
 .text._fflush_r
                0x08005a64       0x50 D:/ST/STM32CubeCLT_1.18.0/GNU-tools-for-STM32/bin/../lib/gcc/arm-none-eabi/13.3.1/../../../../arm-none-eabi/lib/thumb/v7e-m+dp/hard\libg_nano.a(libc_a-fflush.o)
                0x08005a64                _fflush_r
 .text.__swhatbuf_r
                0x08005ab4       0x4c D:/ST/STM32CubeCLT_1.18.0/GNU-tools-for-STM32/bin/../lib/gcc/arm-none-eabi/13.3.1/../../../../arm-none-eabi/lib/thumb/v7e-m+dp/hard\libg_nano.a(libc_a-makebuf.o)
                0x08005ab4                __swhatbuf_r
 .text.__smakebuf_r
                0x08005b00       0x78 D:/ST/STM32CubeCLT_1.18.0/GNU-tools-for-STM32/bin/../lib/gcc/arm-none-eabi/13.3.1/../../../../arm-none-eabi/lib/thumb/v7e-m+dp/hard\libg_nano.a(libc_a-makebuf.o)
                0x08005b00                __smakebuf_r
 .text._fstat_r
                0x08005b78       0x24 D:/ST/STM32CubeCLT_1.18.0/GNU-tools-for-STM32/bin/../lib/gcc/arm-none-eabi/13.3.1/../../../../arm-none-eabi/lib/thumb/v7e-m+dp/hard\libg_nano.a(libc_a-fstatr.o)
                0x08005b78                _fstat_r
 .text._isatty_r
                0x08005b9c       0x20 D:/ST/STM32CubeCLT_1.18.0/GNU-tools-for-STM32/bin/../lib/gcc/arm-none-eabi/13.3.1/../../../../arm-none-eabi/lib/thumb/v7e-m+dp/hard\libg_nano.a(libc_a-isattyr.o)
                0x08005b9c                _isatty_r
 .text._sbrk_r  0x08005bbc       0x20 D:/ST/STM32CubeCLT_1.18.0/GNU-tools-for-STM32/bin/../lib/gcc/arm-none-eabi/13.3.1/../../../../arm-none-eabi/lib/thumb/v7e-m+dp/hard\libg_nano.a(libc_a-sbrkr.o)
                0x08005bbc                _sbrk_r
 *(.glue_7)
 .glue_7        0x08005bdc        0x0 linker stubs
 *(.glue_7t)
 .glue_7t       0x08005bdc        0x0 linker stubs
 *(.eh_frame)
 .eh_frame      0x08005bdc        0x0 D:/ST/STM32CubeCLT_1.18.0/GNU-tools-for-STM32/bin/../lib/gcc/arm-none-eabi/13.3.1/thumb/v7e-m+dp/hard/crtbegin.o
 *(.init)
 .init          0x08005bdc        0x4 D:/ST/STM32CubeCLT_1.18.0/GNU-tools-for-STM32/bin/../lib/gcc/arm-none-eabi/13.3.1/thumb/v7e-m+dp/hard/crti.o
                0x08005bdc                _init
 .init          0x08005be0        0x8 D:/ST/STM32CubeCLT_1.18.0/GNU-tools-for-STM32/bin/../lib/gcc/arm-none-eabi/13.3.1/thumb/v7e-m+dp/hard/crtn.o
 *(.fini)
 .fini          0x08005be8        0x4 D:/ST/STM32CubeCLT_1.18.0/GNU-tools-for-STM32/bin/../lib/gcc/arm-none-eabi/13.3.1/thumb/v7e-m+dp/hard/crti.o
                0x08005be8                _fini
 .fini          0x08005bec        0x8 D:/ST/STM32CubeCLT_1.18.0/GNU-tools-for-STM32/bin/../lib/gcc/arm-none-eabi/13.3.1/thumb/v7e-m+dp/hard/crtn.o
                0x08005bf4                        . = ALIGN (0x4)
                0x08005bf4                        _etext = .

.vfp11_veneer   0x08005bf4        0x0
 .vfp11_veneer  0x08005bf4        0x0 linker stubs

.v4_bx          0x08005bf4        0x0
 .v4_bx         0x08005bf4        0x0 linker stubs

.iplt           0x08005bf4        0x0
 .iplt          0x08005bf4        0x0 D:/ST/STM32CubeCLT_1.18.0/GNU-tools-for-STM32/bin/../lib/gcc/arm-none-eabi/13.3.1/thumb/v7e-m+dp/hard/crtbegin.o

.rodata         0x08005bf4      0x61c
                0x08005bf4                        . = ALIGN (0x4)
 *(.rodata)
 .rodata        0x08005bf4      0x35b CMakeFiles/BOOT.dir/Core/Src/main.c.obj
 *fill*         0x08005f4f        0x1 
 .rodata        0x08005f50      0x271 CMakeFiles/BOOT.dir/APP/FLASH/flash.c.obj
 *(.rodata*)
 *fill*         0x080061c1        0x3 
 .rodata.AHBPrescTable
                0x080061c4       0x10 cmake/stm32cubemx/CMakeFiles/STM32_Drivers.dir/__/__/Core/Src/system_stm32f7xx.c.obj
                0x080061c4                AHBPrescTable
 .rodata.APBPrescTable
                0x080061d4        0x8 cmake/stm32cubemx/CMakeFiles/STM32_Drivers.dir/__/__/Core/Src/system_stm32f7xx.c.obj
                0x080061d4                APBPrescTable
 .rodata._vfprintf_r.str1.1
                0x080061dc       0x33 D:/ST/STM32CubeCLT_1.18.0/GNU-tools-for-STM32/bin/../lib/gcc/arm-none-eabi/13.3.1/../../../../arm-none-eabi/lib/thumb/v7e-m+dp/hard\libg_nano.a(libc_a-nano-vfprintf.o)
                                 0x11 (size before relaxing)
 .rodata._printf_i.str1.1
                0x0800620f       0x22 D:/ST/STM32CubeCLT_1.18.0/GNU-tools-for-STM32/bin/../lib/gcc/arm-none-eabi/13.3.1/../../../../arm-none-eabi/lib/thumb/v7e-m+dp/hard\libg_nano.a(libc_a-nano-vfprintf_i.o)
                0x08006234                        . = ALIGN (0x4)
 *fill*         0x0800620f        0x1 

.ARM.extab      0x08006210        0x0
                0x08006210                        . = ALIGN (0x4)
 *(.ARM.extab* .gnu.linkonce.armextab.*)
                0x08006210                        . = ALIGN (0x4)

.ARM            0x08006210        0x8
                0x08006210                        . = ALIGN (0x4)
                0x08006210                        __exidx_start = .
 *(.ARM.exidx*)
 .ARM.exidx     0x08006210        0x8 D:/ST/STM32CubeCLT_1.18.0/GNU-tools-for-STM32/bin/../lib/gcc/arm-none-eabi/13.3.1/thumb/v7e-m+dp/hard\libgcc.a(_udivmoddi4.o)
 .ARM.exidx     0x08006218        0x0 D:/ST/STM32CubeCLT_1.18.0/GNU-tools-for-STM32/bin/../lib/gcc/arm-none-eabi/13.3.1/../../../../arm-none-eabi/lib/thumb/v7e-m+dp/hard\libg_nano.a(libc_a-memchr.o)
                                  0x8 (size before relaxing)
                0x08006218                        __exidx_end = .
                0x08006218                        . = ALIGN (0x4)

.preinit_array  0x08006218        0x0
                0x08006218                        . = ALIGN (0x4)
                0x08006218                        PROVIDE (__preinit_array_start = .)
 *(.preinit_array*)
                0x08006218                        PROVIDE (__preinit_array_end = .)
                0x08006218                        . = ALIGN (0x4)

.init_array     0x08006218        0x4
                0x08006218                        . = ALIGN (0x4)
                0x08006218                        PROVIDE (__init_array_start = .)
 *(SORT_BY_NAME(.init_array.*))
 *(.init_array*)
 .init_array    0x08006218        0x4 D:/ST/STM32CubeCLT_1.18.0/GNU-tools-for-STM32/bin/../lib/gcc/arm-none-eabi/13.3.1/thumb/v7e-m+dp/hard/crtbegin.o
                0x0800621c                        PROVIDE (__init_array_end = .)
                0x0800621c                        . = ALIGN (0x4)

.fini_array     0x0800621c        0x4
                0x0800621c                        . = ALIGN (0x4)
                [!provide]                        PROVIDE (__fini_array_start = .)
 *(SORT_BY_NAME(.fini_array.*))
 *(.fini_array*)
 .fini_array    0x0800621c        0x4 D:/ST/STM32CubeCLT_1.18.0/GNU-tools-for-STM32/bin/../lib/gcc/arm-none-eabi/13.3.1/thumb/v7e-m+dp/hard/crtbegin.o
                [!provide]                        PROVIDE (__fini_array_end = .)
                0x08006220                        . = ALIGN (0x4)
                0x08006220                        _sidata = LOADADDR (.data)

.rel.dyn        0x08006220        0x0
 .rel.iplt      0x08006220        0x0 D:/ST/STM32CubeCLT_1.18.0/GNU-tools-for-STM32/bin/../lib/gcc/arm-none-eabi/13.3.1/thumb/v7e-m+dp/hard/crtbegin.o

.data           0x20000000       0x68 load address 0x08006220
                0x20000000                        . = ALIGN (0x4)
                0x20000000                        _sdata = .
 *(.data)
 *(.data*)
 .data.SystemCoreClock
                0x20000000        0x4 cmake/stm32cubemx/CMakeFiles/STM32_Drivers.dir/__/__/Core/Src/system_stm32f7xx.c.obj
                0x20000000                SystemCoreClock
 .data.uwTickPrio
                0x20000004        0x4 cmake/stm32cubemx/CMakeFiles/STM32_Drivers.dir/__/__/Drivers/STM32F7xx_HAL_Driver/Src/stm32f7xx_hal.c.obj
                0x20000004                uwTickPrio
 .data.uwTickFreq
                0x20000008        0x1 cmake/stm32cubemx/CMakeFiles/STM32_Drivers.dir/__/__/Drivers/STM32F7xx_HAL_Driver/Src/stm32f7xx_hal.c.obj
                0x20000008                uwTickFreq
 *fill*         0x20000009        0x3 
 .data.__sglue  0x2000000c        0xc D:/ST/STM32CubeCLT_1.18.0/GNU-tools-for-STM32/bin/../lib/gcc/arm-none-eabi/13.3.1/../../../../arm-none-eabi/lib/thumb/v7e-m+dp/hard\libg_nano.a(libc_a-findfp.o)
                0x2000000c                __sglue
 .data._impure_ptr
                0x20000018        0x4 D:/ST/STM32CubeCLT_1.18.0/GNU-tools-for-STM32/bin/../lib/gcc/arm-none-eabi/13.3.1/../../../../arm-none-eabi/lib/thumb/v7e-m+dp/hard\libg_nano.a(libc_a-impure.o)
                0x20000018                _impure_ptr
 .data._impure_data
                0x2000001c       0x4c D:/ST/STM32CubeCLT_1.18.0/GNU-tools-for-STM32/bin/../lib/gcc/arm-none-eabi/13.3.1/../../../../arm-none-eabi/lib/thumb/v7e-m+dp/hard\libg_nano.a(libc_a-impure.o)
                0x2000001c                _impure_data
 *(.RamFunc)
 *(.RamFunc*)
                0x20000068                        . = ALIGN (0x4)

.igot.plt       0x20000068        0x0 load address 0x08006288
 .igot.plt      0x20000068        0x0 D:/ST/STM32CubeCLT_1.18.0/GNU-tools-for-STM32/bin/../lib/gcc/arm-none-eabi/13.3.1/thumb/v7e-m+dp/hard/crtbegin.o

.tdata          0x20000068        0x0 load address 0x08006288
 *(.tdata .tdata.* .gnu.linkonce.td.*)
                0x20000068                        . = ALIGN (0x4)
                0x20000068                        _edata = .
                [!provide]                        PROVIDE (__data_end = .)
                [!provide]                        PROVIDE (__tdata_end = .)
                [!provide]                        PROVIDE (__tdata_start = ADDR (.tdata))
                [!provide]                        PROVIDE (__tdata_size = (__tdata_end - __tdata_start))
                [!provide]                        PROVIDE (__data_start = ADDR (.data))
                [!provide]                        PROVIDE (__data_size = (__data_end - __data_start))
                [!provide]                        PROVIDE (__tdata_source = LOADADDR (.tdata))
                [!provide]                        PROVIDE (__tdata_source_end = (LOADADDR (.tdata) + SIZEOF (.tdata)))
                [!provide]                        PROVIDE (__tdata_source_size = (__tdata_source_end - __tdata_source))
                [!provide]                        PROVIDE (__data_source = LOADADDR (.data))
                [!provide]                        PROVIDE (__data_source_end = __tdata_source_end)
                [!provide]                        PROVIDE (__data_source_size = (__data_source_end - __data_source))

.tbss           0x20000068        0x0 load address 0x08006288
                0x20000068                        _sbss = .
                0x20000068                        __bss_start__ = _sbss
 *(.tbss .tbss.*)
                0x20000068                        . = ALIGN (0x4)
                [!provide]                        PROVIDE (__tbss_end = .)
                [!provide]                        PROVIDE (__tbss_start = ADDR (.tbss))
                [!provide]                        PROVIDE (__tbss_size = (__tbss_end - __tbss_start))
                [!provide]                        PROVIDE (__tbss_offset = (ADDR (.tbss) - ADDR (.tdata)))
                [!provide]                        PROVIDE (__tls_base = __tdata_start)
                [!provide]                        PROVIDE (__tls_end = __tbss_end)
                [!provide]                        PROVIDE (__tls_size = (__tls_end - __tls_base))
                [!provide]                        PROVIDE (__tls_align = MAX (ALIGNOF (.tdata), ALIGNOF (.tbss)))
                [!provide]                        PROVIDE (__tls_size_align = (((__tls_size + __tls_align) - 0x1) & ~ ((__tls_align - 0x1))))
                [!provide]                        PROVIDE (__arm32_tls_tcb_offset = MAX (0x8, __tls_align))
                [!provide]                        PROVIDE (__arm64_tls_tcb_offset = MAX (0x10, __tls_align))

.bss            0x20000068      0x768 load address 0x08006288
 *(.bss)
 .bss           0x20000068       0x1c D:/ST/STM32CubeCLT_1.18.0/GNU-tools-for-STM32/bin/../lib/gcc/arm-none-eabi/13.3.1/thumb/v7e-m+dp/hard/crtbegin.o
 *(.bss*)
 .bss.pFlash    0x20000084       0x1c cmake/stm32cubemx/CMakeFiles/STM32_Drivers.dir/__/__/Drivers/STM32F7xx_HAL_Driver/Src/stm32f7xx_hal_flash.c.obj
                0x20000084                pFlash
 .bss.uwTick    0x200000a0        0x4 cmake/stm32cubemx/CMakeFiles/STM32_Drivers.dir/__/__/Drivers/STM32F7xx_HAL_Driver/Src/stm32f7xx_hal.c.obj
                0x200000a0                uwTick
 .bss.rx_byte   0x200000a4        0x1 CMakeFiles/BOOT.dir/Core/Src/main.c.obj
 *fill*         0x200000a5        0x3 
 .bss.tx_buffer
                0x200000a8       0x10 CMakeFiles/BOOT.dir/Core/Src/main.c.obj
 .bss.tx_len    0x200000b8        0x1 CMakeFiles/BOOT.dir/Core/Src/main.c.obj
 .bss.ym_ret    0x200000b9        0x1 CMakeFiles/BOOT.dir/Core/Src/main.c.obj
 .bss.bIsBootloader
                0x200000ba        0x1 CMakeFiles/BOOT.dir/Core/Src/main.c.obj
 *fill*         0x200000bb        0x1 
 .bss.update_cmd_buffer
                0x200000bc        0x6 CMakeFiles/BOOT.dir/Core/Src/main.c.obj
 .bss.update_cmd_index
                0x200000c2        0x1 CMakeFiles/BOOT.dir/Core/Src/main.c.obj
 *fill*         0x200000c3        0x1 
 .bss.huart2    0x200000c4       0x88 CMakeFiles/BOOT.dir/Core/Src/usart.c.obj
                0x200000c4                huart2
 .bss.__sbrk_heap_end
                0x2000014c        0x4 CMakeFiles/BOOT.dir/Core/Src/sysmem.c.obj
 .bss.key_state
                0x20000150        0x1 CMakeFiles/BOOT.dir/APP/KEY/key.c.obj
 *fill*         0x20000151        0x3 
 .bss.packet_data
                0x20000154      0x405 CMakeFiles/BOOT.dir/bootloader/ymodem.c.obj
 *fill*         0x20000559        0x3 
 .bss.fileName  0x2000055c      0x100 CMakeFiles/BOOT.dir/bootloader/ymodem.c.obj
 .bss.fileSizeStr
                0x2000065c       0x10 CMakeFiles/BOOT.dir/bootloader/ymodem.c.obj
 .bss.fileSize  0x2000066c        0x4 CMakeFiles/BOOT.dir/bootloader/ymodem.c.obj
 .bss.prevC     0x20000670        0x1 CMakeFiles/BOOT.dir/bootloader/ymodem.c.obj
 .bss.startOfPacket
                0x20000671        0x1 CMakeFiles/BOOT.dir/bootloader/ymodem.c.obj
 .bss.eotReceived
                0x20000672        0x1 CMakeFiles/BOOT.dir/bootloader/ymodem.c.obj
 *fill*         0x20000673        0x1 
 .bss.packetBytes
                0x20000674        0x2 CMakeFiles/BOOT.dir/bootloader/ymodem.c.obj
 .bss.packetSize
                0x20000676        0x2 CMakeFiles/BOOT.dir/bootloader/ymodem.c.obj
 .bss.packetsReceived
                0x20000678        0x4 CMakeFiles/BOOT.dir/bootloader/ymodem.c.obj
 .bss.flashAddr
                0x2000067c        0x4 CMakeFiles/BOOT.dir/bootloader/ymodem.c.obj
 .bss.nextStatus
                0x20000680        0x1 CMakeFiles/BOOT.dir/bootloader/ymodem.c.obj
 *fill*         0x20000681        0x3 
 .bss.__sf      0x20000684      0x138 D:/ST/STM32CubeCLT_1.18.0/GNU-tools-for-STM32/bin/../lib/gcc/arm-none-eabi/13.3.1/../../../../arm-none-eabi/lib/thumb/v7e-m+dp/hard\libg_nano.a(libc_a-findfp.o)
                0x20000684                __sf
 .bss.__stdio_exit_handler
                0x200007bc        0x4 D:/ST/STM32CubeCLT_1.18.0/GNU-tools-for-STM32/bin/../lib/gcc/arm-none-eabi/13.3.1/../../../../arm-none-eabi/lib/thumb/v7e-m+dp/hard\libg_nano.a(libc_a-findfp.o)
                0x200007bc                __stdio_exit_handler
 .bss.errno     0x200007c0        0x4 D:/ST/STM32CubeCLT_1.18.0/GNU-tools-for-STM32/bin/../lib/gcc/arm-none-eabi/13.3.1/../../../../arm-none-eabi/lib/thumb/v7e-m+dp/hard\libg_nano.a(libc_a-reent.o)
                0x200007c0                errno
 .bss.__lock___malloc_recursive_mutex
                0x200007c4        0x1 D:/ST/STM32CubeCLT_1.18.0/GNU-tools-for-STM32/bin/../lib/gcc/arm-none-eabi/13.3.1/../../../../arm-none-eabi/lib/thumb/v7e-m+dp/hard\libg_nano.a(libc_a-lock.o)
                0x200007c4                __lock___malloc_recursive_mutex
 .bss.__lock___sfp_recursive_mutex
                0x200007c5        0x1 D:/ST/STM32CubeCLT_1.18.0/GNU-tools-for-STM32/bin/../lib/gcc/arm-none-eabi/13.3.1/../../../../arm-none-eabi/lib/thumb/v7e-m+dp/hard\libg_nano.a(libc_a-lock.o)
                0x200007c5                __lock___sfp_recursive_mutex
 *fill*         0x200007c6        0x2 
 .bss.__malloc_sbrk_start
                0x200007c8        0x4 D:/ST/STM32CubeCLT_1.18.0/GNU-tools-for-STM32/bin/../lib/gcc/arm-none-eabi/13.3.1/../../../../arm-none-eabi/lib/thumb/v7e-m+dp/hard\libg_nano.a(libc_a-mallocr.o)
                0x200007c8                __malloc_sbrk_start
 .bss.__malloc_free_list
                0x200007cc        0x4 D:/ST/STM32CubeCLT_1.18.0/GNU-tools-for-STM32/bin/../lib/gcc/arm-none-eabi/13.3.1/../../../../arm-none-eabi/lib/thumb/v7e-m+dp/hard\libg_nano.a(libc_a-mallocr.o)
                0x200007cc                __malloc_free_list
 *(COMMON)
                0x200007d0                        . = ALIGN (0x4)
                0x200007d0                        _ebss = .
                0x200007d0                        __bss_end__ = _ebss
                [!provide]                        PROVIDE (__bss_end = .)
                [!provide]                        PROVIDE (__non_tls_bss_start = ADDR (.bss))
                [!provide]                        PROVIDE (__bss_start = __tbss_start)
                [!provide]                        PROVIDE (__bss_size = (__bss_end - __bss_start))

._user_heap_stack
                0x200007d0     0x1000 load address 0x08006288
                0x200007d0                        . = ALIGN (0x8)
                [!provide]                        PROVIDE (end = .)
                0x200007d0                        PROVIDE (_end = .)
                0x20000fd0                        . = (. + _Min_Heap_Size)
 *fill*         0x200007d0      0x800 
                0x200017d0                        . = (. + _Min_Stack_Size)
 *fill*         0x20000fd0      0x800 
                0x200017d0                        . = ALIGN (0x8)

/DISCARD/
 libc.a:*(*)
 libm.a:*(*)
 libgcc.a:*(*)
OUTPUT(BOOT.elf elf32-littlearm)
LOAD linker stubs

.ARM.attributes
                0x00000000       0x2e
 .ARM.attributes
                0x00000000       0x20 D:/ST/STM32CubeCLT_1.18.0/GNU-tools-for-STM32/bin/../lib/gcc/arm-none-eabi/13.3.1/thumb/v7e-m+dp/hard/crti.o
 .ARM.attributes
                0x00000020       0x32 D:/ST/STM32CubeCLT_1.18.0/GNU-tools-for-STM32/bin/../lib/gcc/arm-none-eabi/13.3.1/thumb/v7e-m+dp/hard/crtbegin.o
 .ARM.attributes
                0x00000052       0x32 cmake/stm32cubemx/CMakeFiles/STM32_Drivers.dir/__/__/Core/Src/system_stm32f7xx.c.obj
 .ARM.attributes
                0x00000084       0x32 cmake/stm32cubemx/CMakeFiles/STM32_Drivers.dir/__/__/Drivers/STM32F7xx_HAL_Driver/Src/stm32f7xx_hal_cortex.c.obj
 .ARM.attributes
                0x000000b6       0x32 cmake/stm32cubemx/CMakeFiles/STM32_Drivers.dir/__/__/Drivers/STM32F7xx_HAL_Driver/Src/stm32f7xx_hal_uart.c.obj
 .ARM.attributes
                0x000000e8       0x32 cmake/stm32cubemx/CMakeFiles/STM32_Drivers.dir/__/__/Drivers/STM32F7xx_HAL_Driver/Src/stm32f7xx_hal_rcc.c.obj
 .ARM.attributes
                0x0000011a       0x32 cmake/stm32cubemx/CMakeFiles/STM32_Drivers.dir/__/__/Drivers/STM32F7xx_HAL_Driver/Src/stm32f7xx_hal_rcc_ex.c.obj
 .ARM.attributes
                0x0000014c       0x32 cmake/stm32cubemx/CMakeFiles/STM32_Drivers.dir/__/__/Drivers/STM32F7xx_HAL_Driver/Src/stm32f7xx_hal_flash.c.obj
 .ARM.attributes
                0x0000017e       0x32 cmake/stm32cubemx/CMakeFiles/STM32_Drivers.dir/__/__/Drivers/STM32F7xx_HAL_Driver/Src/stm32f7xx_hal_flash_ex.c.obj
 .ARM.attributes
                0x000001b0       0x32 cmake/stm32cubemx/CMakeFiles/STM32_Drivers.dir/__/__/Drivers/STM32F7xx_HAL_Driver/Src/stm32f7xx_hal_gpio.c.obj
 .ARM.attributes
                0x000001e2       0x32 cmake/stm32cubemx/CMakeFiles/STM32_Drivers.dir/__/__/Drivers/STM32F7xx_HAL_Driver/Src/stm32f7xx_hal_dma.c.obj
 .ARM.attributes
                0x00000214       0x32 cmake/stm32cubemx/CMakeFiles/STM32_Drivers.dir/__/__/Drivers/STM32F7xx_HAL_Driver/Src/stm32f7xx_hal_pwr_ex.c.obj
 .ARM.attributes
                0x00000246       0x32 cmake/stm32cubemx/CMakeFiles/STM32_Drivers.dir/__/__/Drivers/STM32F7xx_HAL_Driver/Src/stm32f7xx_hal.c.obj
 .ARM.attributes
                0x00000278       0x32 CMakeFiles/BOOT.dir/Core/Src/main.c.obj
 .ARM.attributes
                0x000002aa       0x32 CMakeFiles/BOOT.dir/Core/Src/gpio.c.obj
 .ARM.attributes
                0x000002dc       0x32 CMakeFiles/BOOT.dir/Core/Src/usart.c.obj
 .ARM.attributes
                0x0000030e       0x32 CMakeFiles/BOOT.dir/Core/Src/stm32f7xx_it.c.obj
 .ARM.attributes
                0x00000340       0x32 CMakeFiles/BOOT.dir/Core/Src/stm32f7xx_hal_msp.c.obj
 .ARM.attributes
                0x00000372       0x32 CMakeFiles/BOOT.dir/Core/Src/sysmem.c.obj
 .ARM.attributes
                0x000003a4       0x32 CMakeFiles/BOOT.dir/Core/Src/syscalls.c.obj
 .ARM.attributes
                0x000003d6       0x21 CMakeFiles/BOOT.dir/startup_stm32f767xx.s.obj
 .ARM.attributes
                0x000003f7       0x32 CMakeFiles/BOOT.dir/APP/LED/led.c.obj
 .ARM.attributes
                0x00000429       0x32 CMakeFiles/BOOT.dir/APP/Printf/printf.c.obj
 .ARM.attributes
                0x0000045b       0x32 CMakeFiles/BOOT.dir/APP/KEY/key.c.obj
 .ARM.attributes
                0x0000048d       0x32 CMakeFiles/BOOT.dir/APP/FLASH/flash.c.obj
 .ARM.attributes
                0x000004bf       0x32 CMakeFiles/BOOT.dir/bootloader/ymodem.c.obj
 .ARM.attributes
                0x000004f1       0x20 D:/ST/STM32CubeCLT_1.18.0/GNU-tools-for-STM32/bin/../lib/gcc/arm-none-eabi/13.3.1/thumb/v7e-m+dp/hard\libgcc.a(_aeabi_uldivmod.o)
 .ARM.attributes
                0x00000511       0x32 D:/ST/STM32CubeCLT_1.18.0/GNU-tools-for-STM32/bin/../lib/gcc/arm-none-eabi/13.3.1/thumb/v7e-m+dp/hard\libgcc.a(_udivmoddi4.o)
 .ARM.attributes
                0x00000543       0x20 D:/ST/STM32CubeCLT_1.18.0/GNU-tools-for-STM32/bin/../lib/gcc/arm-none-eabi/13.3.1/thumb/v7e-m+dp/hard\libgcc.a(_dvmd_tls.o)
 .ARM.attributes
                0x00000563       0x32 D:/ST/STM32CubeCLT_1.18.0/GNU-tools-for-STM32/bin/../lib/gcc/arm-none-eabi/13.3.1/../../../../arm-none-eabi/lib/thumb/v7e-m+dp/hard\libg_nano.a(libc_a-findfp.o)
 .ARM.attributes
                0x00000595       0x32 D:/ST/STM32CubeCLT_1.18.0/GNU-tools-for-STM32/bin/../lib/gcc/arm-none-eabi/13.3.1/../../../../arm-none-eabi/lib/thumb/v7e-m+dp/hard\libg_nano.a(libc_a-fwalk.o)
 .ARM.attributes
                0x000005c7       0x32 D:/ST/STM32CubeCLT_1.18.0/GNU-tools-for-STM32/bin/../lib/gcc/arm-none-eabi/13.3.1/../../../../arm-none-eabi/lib/thumb/v7e-m+dp/hard\libg_nano.a(libc_a-printf.o)
 .ARM.attributes
                0x000005f9       0x32 D:/ST/STM32CubeCLT_1.18.0/GNU-tools-for-STM32/bin/../lib/gcc/arm-none-eabi/13.3.1/../../../../arm-none-eabi/lib/thumb/v7e-m+dp/hard\libg_nano.a(libc_a-puts.o)
 .ARM.attributes
                0x0000062b       0x32 D:/ST/STM32CubeCLT_1.18.0/GNU-tools-for-STM32/bin/../lib/gcc/arm-none-eabi/13.3.1/../../../../arm-none-eabi/lib/thumb/v7e-m+dp/hard\libg_nano.a(libc_a-stdio.o)
 .ARM.attributes
                0x0000065d       0x32 D:/ST/STM32CubeCLT_1.18.0/GNU-tools-for-STM32/bin/../lib/gcc/arm-none-eabi/13.3.1/../../../../arm-none-eabi/lib/thumb/v7e-m+dp/hard\libg_nano.a(libc_a-wbuf.o)
 .ARM.attributes
                0x0000068f       0x32 D:/ST/STM32CubeCLT_1.18.0/GNU-tools-for-STM32/bin/../lib/gcc/arm-none-eabi/13.3.1/../../../../arm-none-eabi/lib/thumb/v7e-m+dp/hard\libg_nano.a(libc_a-wsetup.o)
 .ARM.attributes
                0x000006c1       0x32 D:/ST/STM32CubeCLT_1.18.0/GNU-tools-for-STM32/bin/../lib/gcc/arm-none-eabi/13.3.1/../../../../arm-none-eabi/lib/thumb/v7e-m+dp/hard\libg_nano.a(libc_a-memcmp.o)
 .ARM.attributes
                0x000006f3       0x32 D:/ST/STM32CubeCLT_1.18.0/GNU-tools-for-STM32/bin/../lib/gcc/arm-none-eabi/13.3.1/../../../../arm-none-eabi/lib/thumb/v7e-m+dp/hard\libg_nano.a(libc_a-memset.o)
 .ARM.attributes
                0x00000725       0x32 D:/ST/STM32CubeCLT_1.18.0/GNU-tools-for-STM32/bin/../lib/gcc/arm-none-eabi/13.3.1/../../../../arm-none-eabi/lib/thumb/v7e-m+dp/hard\libg_nano.a(libc_a-closer.o)
 .ARM.attributes
                0x00000757       0x32 D:/ST/STM32CubeCLT_1.18.0/GNU-tools-for-STM32/bin/../lib/gcc/arm-none-eabi/13.3.1/../../../../arm-none-eabi/lib/thumb/v7e-m+dp/hard\libg_nano.a(libc_a-reent.o)
 .ARM.attributes
                0x00000789       0x32 D:/ST/STM32CubeCLT_1.18.0/GNU-tools-for-STM32/bin/../lib/gcc/arm-none-eabi/13.3.1/../../../../arm-none-eabi/lib/thumb/v7e-m+dp/hard\libg_nano.a(libc_a-impure.o)
 .ARM.attributes
                0x000007bb       0x32 D:/ST/STM32CubeCLT_1.18.0/GNU-tools-for-STM32/bin/../lib/gcc/arm-none-eabi/13.3.1/../../../../arm-none-eabi/lib/thumb/v7e-m+dp/hard\libg_nano.a(libc_a-lseekr.o)
 .ARM.attributes
                0x000007ed       0x32 D:/ST/STM32CubeCLT_1.18.0/GNU-tools-for-STM32/bin/../lib/gcc/arm-none-eabi/13.3.1/../../../../arm-none-eabi/lib/thumb/v7e-m+dp/hard\libg_nano.a(libc_a-readr.o)
 .ARM.attributes
                0x0000081f       0x32 D:/ST/STM32CubeCLT_1.18.0/GNU-tools-for-STM32/bin/../lib/gcc/arm-none-eabi/13.3.1/../../../../arm-none-eabi/lib/thumb/v7e-m+dp/hard\libg_nano.a(libc_a-writer.o)
 .ARM.attributes
                0x00000851       0x32 D:/ST/STM32CubeCLT_1.18.0/GNU-tools-for-STM32/bin/../lib/gcc/arm-none-eabi/13.3.1/../../../../arm-none-eabi/lib/thumb/v7e-m+dp/hard\libg_nano.a(libc_a-errno.o)
 .ARM.attributes
                0x00000883       0x32 D:/ST/STM32CubeCLT_1.18.0/GNU-tools-for-STM32/bin/../lib/gcc/arm-none-eabi/13.3.1/../../../../arm-none-eabi/lib/thumb/v7e-m+dp/hard\libg_nano.a(libc_a-init.o)
 .ARM.attributes
                0x000008b5       0x32 D:/ST/STM32CubeCLT_1.18.0/GNU-tools-for-STM32/bin/../lib/gcc/arm-none-eabi/13.3.1/../../../../arm-none-eabi/lib/thumb/v7e-m+dp/hard\libg_nano.a(libc_a-lock.o)
 .ARM.attributes
                0x000008e7       0x32 D:/ST/STM32CubeCLT_1.18.0/GNU-tools-for-STM32/bin/../lib/gcc/arm-none-eabi/13.3.1/../../../../arm-none-eabi/lib/thumb/v7e-m+dp/hard\libg_nano.a(libc_a-freer.o)
 .ARM.attributes
                0x00000919       0x32 D:/ST/STM32CubeCLT_1.18.0/GNU-tools-for-STM32/bin/../lib/gcc/arm-none-eabi/13.3.1/../../../../arm-none-eabi/lib/thumb/v7e-m+dp/hard\libg_nano.a(libc_a-mallocr.o)
 .ARM.attributes
                0x0000094b       0x32 D:/ST/STM32CubeCLT_1.18.0/GNU-tools-for-STM32/bin/../lib/gcc/arm-none-eabi/13.3.1/../../../../arm-none-eabi/lib/thumb/v7e-m+dp/hard\libg_nano.a(libc_a-mlock.o)
 .ARM.attributes
                0x0000097d       0x32 D:/ST/STM32CubeCLT_1.18.0/GNU-tools-for-STM32/bin/../lib/gcc/arm-none-eabi/13.3.1/../../../../arm-none-eabi/lib/thumb/v7e-m+dp/hard\libg_nano.a(libc_a-nano-vfprintf.o)
 .ARM.attributes
                0x000009af       0x32 D:/ST/STM32CubeCLT_1.18.0/GNU-tools-for-STM32/bin/../lib/gcc/arm-none-eabi/13.3.1/../../../../arm-none-eabi/lib/thumb/v7e-m+dp/hard\libg_nano.a(libc_a-nano-vfprintf_i.o)
 .ARM.attributes
                0x000009e1       0x32 D:/ST/STM32CubeCLT_1.18.0/GNU-tools-for-STM32/bin/../lib/gcc/arm-none-eabi/13.3.1/../../../../arm-none-eabi/lib/thumb/v7e-m+dp/hard\libg_nano.a(libc_a-fflush.o)
 .ARM.attributes
                0x00000a13       0x32 D:/ST/STM32CubeCLT_1.18.0/GNU-tools-for-STM32/bin/../lib/gcc/arm-none-eabi/13.3.1/../../../../arm-none-eabi/lib/thumb/v7e-m+dp/hard\libg_nano.a(libc_a-makebuf.o)
 .ARM.attributes
                0x00000a45       0x32 D:/ST/STM32CubeCLT_1.18.0/GNU-tools-for-STM32/bin/../lib/gcc/arm-none-eabi/13.3.1/../../../../arm-none-eabi/lib/thumb/v7e-m+dp/hard\libg_nano.a(libc_a-fstatr.o)
 .ARM.attributes
                0x00000a77       0x32 D:/ST/STM32CubeCLT_1.18.0/GNU-tools-for-STM32/bin/../lib/gcc/arm-none-eabi/13.3.1/../../../../arm-none-eabi/lib/thumb/v7e-m+dp/hard\libg_nano.a(libc_a-isattyr.o)
 .ARM.attributes
                0x00000aa9       0x32 D:/ST/STM32CubeCLT_1.18.0/GNU-tools-for-STM32/bin/../lib/gcc/arm-none-eabi/13.3.1/../../../../arm-none-eabi/lib/thumb/v7e-m+dp/hard\libg_nano.a(libc_a-sbrkr.o)
 .ARM.attributes
                0x00000adb       0x1c D:/ST/STM32CubeCLT_1.18.0/GNU-tools-for-STM32/bin/../lib/gcc/arm-none-eabi/13.3.1/../../../../arm-none-eabi/lib/thumb/v7e-m+dp/hard\libg_nano.a(libc_a-memchr.o)
 .ARM.attributes
                0x00000af7       0x20 D:/ST/STM32CubeCLT_1.18.0/GNU-tools-for-STM32/bin/../lib/gcc/arm-none-eabi/13.3.1/thumb/v7e-m+dp/hard/crtn.o

.comment        0x00000000       0x43
 .comment       0x00000000       0x43 cmake/stm32cubemx/CMakeFiles/STM32_Drivers.dir/__/__/Core/Src/system_stm32f7xx.c.obj
                                 0x44 (size before relaxing)
 .comment       0x00000043       0x44 cmake/stm32cubemx/CMakeFiles/STM32_Drivers.dir/__/__/Drivers/STM32F7xx_HAL_Driver/Src/stm32f7xx_hal_cortex.c.obj
 .comment       0x00000043       0x44 cmake/stm32cubemx/CMakeFiles/STM32_Drivers.dir/__/__/Drivers/STM32F7xx_HAL_Driver/Src/stm32f7xx_hal_uart.c.obj
 .comment       0x00000043       0x44 cmake/stm32cubemx/CMakeFiles/STM32_Drivers.dir/__/__/Drivers/STM32F7xx_HAL_Driver/Src/stm32f7xx_hal_rcc.c.obj
 .comment       0x00000043       0x44 cmake/stm32cubemx/CMakeFiles/STM32_Drivers.dir/__/__/Drivers/STM32F7xx_HAL_Driver/Src/stm32f7xx_hal_rcc_ex.c.obj
 .comment       0x00000043       0x44 cmake/stm32cubemx/CMakeFiles/STM32_Drivers.dir/__/__/Drivers/STM32F7xx_HAL_Driver/Src/stm32f7xx_hal_flash.c.obj
 .comment       0x00000043       0x44 cmake/stm32cubemx/CMakeFiles/STM32_Drivers.dir/__/__/Drivers/STM32F7xx_HAL_Driver/Src/stm32f7xx_hal_flash_ex.c.obj
 .comment       0x00000043       0x44 cmake/stm32cubemx/CMakeFiles/STM32_Drivers.dir/__/__/Drivers/STM32F7xx_HAL_Driver/Src/stm32f7xx_hal_gpio.c.obj
 .comment       0x00000043       0x44 cmake/stm32cubemx/CMakeFiles/STM32_Drivers.dir/__/__/Drivers/STM32F7xx_HAL_Driver/Src/stm32f7xx_hal_dma.c.obj
 .comment       0x00000043       0x44 cmake/stm32cubemx/CMakeFiles/STM32_Drivers.dir/__/__/Drivers/STM32F7xx_HAL_Driver/Src/stm32f7xx_hal_pwr_ex.c.obj
 .comment       0x00000043       0x44 cmake/stm32cubemx/CMakeFiles/STM32_Drivers.dir/__/__/Drivers/STM32F7xx_HAL_Driver/Src/stm32f7xx_hal.c.obj
 .comment       0x00000043       0x44 CMakeFiles/BOOT.dir/Core/Src/main.c.obj
 .comment       0x00000043       0x44 CMakeFiles/BOOT.dir/Core/Src/gpio.c.obj
 .comment       0x00000043       0x44 CMakeFiles/BOOT.dir/Core/Src/usart.c.obj
 .comment       0x00000043       0x44 CMakeFiles/BOOT.dir/Core/Src/stm32f7xx_it.c.obj
 .comment       0x00000043       0x44 CMakeFiles/BOOT.dir/Core/Src/stm32f7xx_hal_msp.c.obj
 .comment       0x00000043       0x44 CMakeFiles/BOOT.dir/Core/Src/sysmem.c.obj
 .comment       0x00000043       0x44 CMakeFiles/BOOT.dir/Core/Src/syscalls.c.obj
 .comment       0x00000043       0x44 CMakeFiles/BOOT.dir/APP/LED/led.c.obj
 .comment       0x00000043       0x44 CMakeFiles/BOOT.dir/APP/Printf/printf.c.obj
 .comment       0x00000043       0x44 CMakeFiles/BOOT.dir/APP/KEY/key.c.obj
 .comment       0x00000043       0x44 CMakeFiles/BOOT.dir/APP/FLASH/flash.c.obj
 .comment       0x00000043       0x44 CMakeFiles/BOOT.dir/bootloader/ymodem.c.obj
 .comment       0x00000043       0x44 D:/ST/STM32CubeCLT_1.18.0/GNU-tools-for-STM32/bin/../lib/gcc/arm-none-eabi/13.3.1/../../../../arm-none-eabi/lib/thumb/v7e-m+dp/hard\libg_nano.a(libc_a-findfp.o)
 .comment       0x00000043       0x44 D:/ST/STM32CubeCLT_1.18.0/GNU-tools-for-STM32/bin/../lib/gcc/arm-none-eabi/13.3.1/../../../../arm-none-eabi/lib/thumb/v7e-m+dp/hard\libg_nano.a(libc_a-fwalk.o)
 .comment       0x00000043       0x44 D:/ST/STM32CubeCLT_1.18.0/GNU-tools-for-STM32/bin/../lib/gcc/arm-none-eabi/13.3.1/../../../../arm-none-eabi/lib/thumb/v7e-m+dp/hard\libg_nano.a(libc_a-printf.o)
 .comment       0x00000043       0x44 D:/ST/STM32CubeCLT_1.18.0/GNU-tools-for-STM32/bin/../lib/gcc/arm-none-eabi/13.3.1/../../../../arm-none-eabi/lib/thumb/v7e-m+dp/hard\libg_nano.a(libc_a-puts.o)
 .comment       0x00000043       0x44 D:/ST/STM32CubeCLT_1.18.0/GNU-tools-for-STM32/bin/../lib/gcc/arm-none-eabi/13.3.1/../../../../arm-none-eabi/lib/thumb/v7e-m+dp/hard\libg_nano.a(libc_a-stdio.o)
 .comment       0x00000043       0x44 D:/ST/STM32CubeCLT_1.18.0/GNU-tools-for-STM32/bin/../lib/gcc/arm-none-eabi/13.3.1/../../../../arm-none-eabi/lib/thumb/v7e-m+dp/hard\libg_nano.a(libc_a-wbuf.o)
 .comment       0x00000043       0x44 D:/ST/STM32CubeCLT_1.18.0/GNU-tools-for-STM32/bin/../lib/gcc/arm-none-eabi/13.3.1/../../../../arm-none-eabi/lib/thumb/v7e-m+dp/hard\libg_nano.a(libc_a-wsetup.o)
 .comment       0x00000043       0x44 D:/ST/STM32CubeCLT_1.18.0/GNU-tools-for-STM32/bin/../lib/gcc/arm-none-eabi/13.3.1/../../../../arm-none-eabi/lib/thumb/v7e-m+dp/hard\libg_nano.a(libc_a-memcmp.o)
 .comment       0x00000043       0x44 D:/ST/STM32CubeCLT_1.18.0/GNU-tools-for-STM32/bin/../lib/gcc/arm-none-eabi/13.3.1/../../../../arm-none-eabi/lib/thumb/v7e-m+dp/hard\libg_nano.a(libc_a-memset.o)
 .comment       0x00000043       0x44 D:/ST/STM32CubeCLT_1.18.0/GNU-tools-for-STM32/bin/../lib/gcc/arm-none-eabi/13.3.1/../../../../arm-none-eabi/lib/thumb/v7e-m+dp/hard\libg_nano.a(libc_a-closer.o)
 .comment       0x00000043       0x44 D:/ST/STM32CubeCLT_1.18.0/GNU-tools-for-STM32/bin/../lib/gcc/arm-none-eabi/13.3.1/../../../../arm-none-eabi/lib/thumb/v7e-m+dp/hard\libg_nano.a(libc_a-reent.o)
 .comment       0x00000043       0x44 D:/ST/STM32CubeCLT_1.18.0/GNU-tools-for-STM32/bin/../lib/gcc/arm-none-eabi/13.3.1/../../../../arm-none-eabi/lib/thumb/v7e-m+dp/hard\libg_nano.a(libc_a-impure.o)
 .comment       0x00000043       0x44 D:/ST/STM32CubeCLT_1.18.0/GNU-tools-for-STM32/bin/../lib/gcc/arm-none-eabi/13.3.1/../../../../arm-none-eabi/lib/thumb/v7e-m+dp/hard\libg_nano.a(libc_a-lseekr.o)
 .comment       0x00000043       0x44 D:/ST/STM32CubeCLT_1.18.0/GNU-tools-for-STM32/bin/../lib/gcc/arm-none-eabi/13.3.1/../../../../arm-none-eabi/lib/thumb/v7e-m+dp/hard\libg_nano.a(libc_a-readr.o)
 .comment       0x00000043       0x44 D:/ST/STM32CubeCLT_1.18.0/GNU-tools-for-STM32/bin/../lib/gcc/arm-none-eabi/13.3.1/../../../../arm-none-eabi/lib/thumb/v7e-m+dp/hard\libg_nano.a(libc_a-writer.o)
 .comment       0x00000043       0x44 D:/ST/STM32CubeCLT_1.18.0/GNU-tools-for-STM32/bin/../lib/gcc/arm-none-eabi/13.3.1/../../../../arm-none-eabi/lib/thumb/v7e-m+dp/hard\libg_nano.a(libc_a-errno.o)
 .comment       0x00000043       0x44 D:/ST/STM32CubeCLT_1.18.0/GNU-tools-for-STM32/bin/../lib/gcc/arm-none-eabi/13.3.1/../../../../arm-none-eabi/lib/thumb/v7e-m+dp/hard\libg_nano.a(libc_a-init.o)
 .comment       0x00000043       0x44 D:/ST/STM32CubeCLT_1.18.0/GNU-tools-for-STM32/bin/../lib/gcc/arm-none-eabi/13.3.1/../../../../arm-none-eabi/lib/thumb/v7e-m+dp/hard\libg_nano.a(libc_a-lock.o)
 .comment       0x00000043       0x44 D:/ST/STM32CubeCLT_1.18.0/GNU-tools-for-STM32/bin/../lib/gcc/arm-none-eabi/13.3.1/../../../../arm-none-eabi/lib/thumb/v7e-m+dp/hard\libg_nano.a(libc_a-freer.o)
 .comment       0x00000043       0x44 D:/ST/STM32CubeCLT_1.18.0/GNU-tools-for-STM32/bin/../lib/gcc/arm-none-eabi/13.3.1/../../../../arm-none-eabi/lib/thumb/v7e-m+dp/hard\libg_nano.a(libc_a-mallocr.o)
 .comment       0x00000043       0x44 D:/ST/STM32CubeCLT_1.18.0/GNU-tools-for-STM32/bin/../lib/gcc/arm-none-eabi/13.3.1/../../../../arm-none-eabi/lib/thumb/v7e-m+dp/hard\libg_nano.a(libc_a-mlock.o)
 .comment       0x00000043       0x44 D:/ST/STM32CubeCLT_1.18.0/GNU-tools-for-STM32/bin/../lib/gcc/arm-none-eabi/13.3.1/../../../../arm-none-eabi/lib/thumb/v7e-m+dp/hard\libg_nano.a(libc_a-nano-vfprintf.o)
 .comment       0x00000043       0x44 D:/ST/STM32CubeCLT_1.18.0/GNU-tools-for-STM32/bin/../lib/gcc/arm-none-eabi/13.3.1/../../../../arm-none-eabi/lib/thumb/v7e-m+dp/hard\libg_nano.a(libc_a-nano-vfprintf_i.o)
 .comment       0x00000043       0x44 D:/ST/STM32CubeCLT_1.18.0/GNU-tools-for-STM32/bin/../lib/gcc/arm-none-eabi/13.3.1/../../../../arm-none-eabi/lib/thumb/v7e-m+dp/hard\libg_nano.a(libc_a-fflush.o)
 .comment       0x00000043       0x44 D:/ST/STM32CubeCLT_1.18.0/GNU-tools-for-STM32/bin/../lib/gcc/arm-none-eabi/13.3.1/../../../../arm-none-eabi/lib/thumb/v7e-m+dp/hard\libg_nano.a(libc_a-makebuf.o)
 .comment       0x00000043       0x44 D:/ST/STM32CubeCLT_1.18.0/GNU-tools-for-STM32/bin/../lib/gcc/arm-none-eabi/13.3.1/../../../../arm-none-eabi/lib/thumb/v7e-m+dp/hard\libg_nano.a(libc_a-fstatr.o)
 .comment       0x00000043       0x44 D:/ST/STM32CubeCLT_1.18.0/GNU-tools-for-STM32/bin/../lib/gcc/arm-none-eabi/13.3.1/../../../../arm-none-eabi/lib/thumb/v7e-m+dp/hard\libg_nano.a(libc_a-isattyr.o)
 .comment       0x00000043       0x44 D:/ST/STM32CubeCLT_1.18.0/GNU-tools-for-STM32/bin/../lib/gcc/arm-none-eabi/13.3.1/../../../../arm-none-eabi/lib/thumb/v7e-m+dp/hard\libg_nano.a(libc_a-sbrkr.o)

.debug_info     0x00000000    0x1d3f0
 .debug_info    0x00000000      0x6ed cmake/stm32cubemx/CMakeFiles/STM32_Drivers.dir/__/__/Core/Src/system_stm32f7xx.c.obj
 .debug_info    0x000006ed      0xfc0 cmake/stm32cubemx/CMakeFiles/STM32_Drivers.dir/__/__/Drivers/STM32F7xx_HAL_Driver/Src/stm32f7xx_hal_cortex.c.obj
 .debug_info    0x000016ad     0x3b13 cmake/stm32cubemx/CMakeFiles/STM32_Drivers.dir/__/__/Drivers/STM32F7xx_HAL_Driver/Src/stm32f7xx_hal_uart.c.obj
 .debug_info    0x000051c0      0x94b cmake/stm32cubemx/CMakeFiles/STM32_Drivers.dir/__/__/Drivers/STM32F7xx_HAL_Driver/Src/stm32f7xx_hal_rcc.c.obj
 .debug_info    0x00005b0b      0x6e1 cmake/stm32cubemx/CMakeFiles/STM32_Drivers.dir/__/__/Drivers/STM32F7xx_HAL_Driver/Src/stm32f7xx_hal_rcc_ex.c.obj
 .debug_info    0x000061ec      0x5a7 cmake/stm32cubemx/CMakeFiles/STM32_Drivers.dir/__/__/Drivers/STM32F7xx_HAL_Driver/Src/stm32f7xx_hal_flash.c.obj
 .debug_info    0x00006793      0x71d cmake/stm32cubemx/CMakeFiles/STM32_Drivers.dir/__/__/Drivers/STM32F7xx_HAL_Driver/Src/stm32f7xx_hal_flash_ex.c.obj
 .debug_info    0x00006eb0      0x6f3 cmake/stm32cubemx/CMakeFiles/STM32_Drivers.dir/__/__/Drivers/STM32F7xx_HAL_Driver/Src/stm32f7xx_hal_gpio.c.obj
 .debug_info    0x000075a3      0x8e7 cmake/stm32cubemx/CMakeFiles/STM32_Drivers.dir/__/__/Drivers/STM32F7xx_HAL_Driver/Src/stm32f7xx_hal_dma.c.obj
 .debug_info    0x00007e8a      0x8cd cmake/stm32cubemx/CMakeFiles/STM32_Drivers.dir/__/__/Drivers/STM32F7xx_HAL_Driver/Src/stm32f7xx_hal_pwr_ex.c.obj
 .debug_info    0x00008757      0xa4c cmake/stm32cubemx/CMakeFiles/STM32_Drivers.dir/__/__/Drivers/STM32F7xx_HAL_Driver/Src/stm32f7xx_hal.c.obj
 .debug_info    0x000091a3     0x117e CMakeFiles/BOOT.dir/Core/Src/main.c.obj
 .debug_info    0x0000a321      0x411 CMakeFiles/BOOT.dir/Core/Src/gpio.c.obj
 .debug_info    0x0000a732      0xf92 CMakeFiles/BOOT.dir/Core/Src/usart.c.obj
 .debug_info    0x0000b6c4      0x71e CMakeFiles/BOOT.dir/Core/Src/stm32f7xx_it.c.obj
 .debug_info    0x0000bde2      0x28d CMakeFiles/BOOT.dir/Core/Src/stm32f7xx_hal_msp.c.obj
 .debug_info    0x0000c06f      0x168 CMakeFiles/BOOT.dir/Core/Src/sysmem.c.obj
 .debug_info    0x0000c1d7      0x6b4 CMakeFiles/BOOT.dir/Core/Src/syscalls.c.obj
 .debug_info    0x0000c88b       0x30 CMakeFiles/BOOT.dir/startup_stm32f767xx.s.obj
 .debug_info    0x0000c8bb      0x594 CMakeFiles/BOOT.dir/APP/LED/led.c.obj
 .debug_info    0x0000ce4f      0x6fb CMakeFiles/BOOT.dir/APP/Printf/printf.c.obj
 .debug_info    0x0000d54a      0x5e8 CMakeFiles/BOOT.dir/APP/KEY/key.c.obj
 .debug_info    0x0000db32      0xd97 CMakeFiles/BOOT.dir/APP/FLASH/flash.c.obj
 .debug_info    0x0000e8c9      0x790 CMakeFiles/BOOT.dir/bootloader/ymodem.c.obj
 .debug_info    0x0000f059      0xfb5 D:/ST/STM32CubeCLT_1.18.0/GNU-tools-for-STM32/bin/../lib/gcc/arm-none-eabi/13.3.1/../../../../arm-none-eabi/lib/thumb/v7e-m+dp/hard\libg_nano.a(libc_a-findfp.o)
 .debug_info    0x0001000e      0x7d2 D:/ST/STM32CubeCLT_1.18.0/GNU-tools-for-STM32/bin/../lib/gcc/arm-none-eabi/13.3.1/../../../../arm-none-eabi/lib/thumb/v7e-m+dp/hard\libg_nano.a(libc_a-fwalk.o)
 .debug_info    0x000107e0      0x841 D:/ST/STM32CubeCLT_1.18.0/GNU-tools-for-STM32/bin/../lib/gcc/arm-none-eabi/13.3.1/../../../../arm-none-eabi/lib/thumb/v7e-m+dp/hard\libg_nano.a(libc_a-printf.o)
 .debug_info    0x00011021      0x950 D:/ST/STM32CubeCLT_1.18.0/GNU-tools-for-STM32/bin/../lib/gcc/arm-none-eabi/13.3.1/../../../../arm-none-eabi/lib/thumb/v7e-m+dp/hard\libg_nano.a(libc_a-puts.o)
 .debug_info    0x00011971      0xa90 D:/ST/STM32CubeCLT_1.18.0/GNU-tools-for-STM32/bin/../lib/gcc/arm-none-eabi/13.3.1/../../../../arm-none-eabi/lib/thumb/v7e-m+dp/hard\libg_nano.a(libc_a-stdio.o)
 .debug_info    0x00012401      0x874 D:/ST/STM32CubeCLT_1.18.0/GNU-tools-for-STM32/bin/../lib/gcc/arm-none-eabi/13.3.1/../../../../arm-none-eabi/lib/thumb/v7e-m+dp/hard\libg_nano.a(libc_a-wbuf.o)
 .debug_info    0x00012c75      0x7bb D:/ST/STM32CubeCLT_1.18.0/GNU-tools-for-STM32/bin/../lib/gcc/arm-none-eabi/13.3.1/../../../../arm-none-eabi/lib/thumb/v7e-m+dp/hard\libg_nano.a(libc_a-wsetup.o)
 .debug_info    0x00013430      0x104 D:/ST/STM32CubeCLT_1.18.0/GNU-tools-for-STM32/bin/../lib/gcc/arm-none-eabi/13.3.1/../../../../arm-none-eabi/lib/thumb/v7e-m+dp/hard\libg_nano.a(libc_a-memcmp.o)
 .debug_info    0x00013534       0xe0 D:/ST/STM32CubeCLT_1.18.0/GNU-tools-for-STM32/bin/../lib/gcc/arm-none-eabi/13.3.1/../../../../arm-none-eabi/lib/thumb/v7e-m+dp/hard\libg_nano.a(libc_a-memset.o)
 .debug_info    0x00013614      0x75d D:/ST/STM32CubeCLT_1.18.0/GNU-tools-for-STM32/bin/../lib/gcc/arm-none-eabi/13.3.1/../../../../arm-none-eabi/lib/thumb/v7e-m+dp/hard\libg_nano.a(libc_a-closer.o)
 .debug_info    0x00013d71      0x8a1 D:/ST/STM32CubeCLT_1.18.0/GNU-tools-for-STM32/bin/../lib/gcc/arm-none-eabi/13.3.1/../../../../arm-none-eabi/lib/thumb/v7e-m+dp/hard\libg_nano.a(libc_a-reent.o)
 .debug_info    0x00014612      0x715 D:/ST/STM32CubeCLT_1.18.0/GNU-tools-for-STM32/bin/../lib/gcc/arm-none-eabi/13.3.1/../../../../arm-none-eabi/lib/thumb/v7e-m+dp/hard\libg_nano.a(libc_a-impure.o)
 .debug_info    0x00014d27      0x7a8 D:/ST/STM32CubeCLT_1.18.0/GNU-tools-for-STM32/bin/../lib/gcc/arm-none-eabi/13.3.1/../../../../arm-none-eabi/lib/thumb/v7e-m+dp/hard\libg_nano.a(libc_a-lseekr.o)
 .debug_info    0x000154cf      0x7bf D:/ST/STM32CubeCLT_1.18.0/GNU-tools-for-STM32/bin/../lib/gcc/arm-none-eabi/13.3.1/../../../../arm-none-eabi/lib/thumb/v7e-m+dp/hard\libg_nano.a(libc_a-readr.o)
 .debug_info    0x00015c8e      0x7c5 D:/ST/STM32CubeCLT_1.18.0/GNU-tools-for-STM32/bin/../lib/gcc/arm-none-eabi/13.3.1/../../../../arm-none-eabi/lib/thumb/v7e-m+dp/hard\libg_nano.a(libc_a-writer.o)
 .debug_info    0x00016453      0x6fb D:/ST/STM32CubeCLT_1.18.0/GNU-tools-for-STM32/bin/../lib/gcc/arm-none-eabi/13.3.1/../../../../arm-none-eabi/lib/thumb/v7e-m+dp/hard\libg_nano.a(libc_a-errno.o)
 .debug_info    0x00016b4e      0x10b D:/ST/STM32CubeCLT_1.18.0/GNU-tools-for-STM32/bin/../lib/gcc/arm-none-eabi/13.3.1/../../../../arm-none-eabi/lib/thumb/v7e-m+dp/hard\libg_nano.a(libc_a-init.o)
 .debug_info    0x00016c59      0x218 D:/ST/STM32CubeCLT_1.18.0/GNU-tools-for-STM32/bin/../lib/gcc/arm-none-eabi/13.3.1/../../../../arm-none-eabi/lib/thumb/v7e-m+dp/hard\libg_nano.a(libc_a-lock.o)
 .debug_info    0x00016e71      0x851 D:/ST/STM32CubeCLT_1.18.0/GNU-tools-for-STM32/bin/../lib/gcc/arm-none-eabi/13.3.1/../../../../arm-none-eabi/lib/thumb/v7e-m+dp/hard\libg_nano.a(libc_a-freer.o)
 .debug_info    0x000176c2      0x9bc D:/ST/STM32CubeCLT_1.18.0/GNU-tools-for-STM32/bin/../lib/gcc/arm-none-eabi/13.3.1/../../../../arm-none-eabi/lib/thumb/v7e-m+dp/hard\libg_nano.a(libc_a-mallocr.o)
 .debug_info    0x0001807e      0x76b D:/ST/STM32CubeCLT_1.18.0/GNU-tools-for-STM32/bin/../lib/gcc/arm-none-eabi/13.3.1/../../../../arm-none-eabi/lib/thumb/v7e-m+dp/hard\libg_nano.a(libc_a-mlock.o)
 .debug_info    0x000187e9     0x1094 D:/ST/STM32CubeCLT_1.18.0/GNU-tools-for-STM32/bin/../lib/gcc/arm-none-eabi/13.3.1/../../../../arm-none-eabi/lib/thumb/v7e-m+dp/hard\libg_nano.a(libc_a-nano-vfprintf.o)
 .debug_info    0x0001987d      0xde2 D:/ST/STM32CubeCLT_1.18.0/GNU-tools-for-STM32/bin/../lib/gcc/arm-none-eabi/13.3.1/../../../../arm-none-eabi/lib/thumb/v7e-m+dp/hard\libg_nano.a(libc_a-nano-vfprintf_i.o)
 .debug_info    0x0001a65f      0x9f2 D:/ST/STM32CubeCLT_1.18.0/GNU-tools-for-STM32/bin/../lib/gcc/arm-none-eabi/13.3.1/../../../../arm-none-eabi/lib/thumb/v7e-m+dp/hard\libg_nano.a(libc_a-fflush.o)
 .debug_info    0x0001b051      0xb1a D:/ST/STM32CubeCLT_1.18.0/GNU-tools-for-STM32/bin/../lib/gcc/arm-none-eabi/13.3.1/../../../../arm-none-eabi/lib/thumb/v7e-m+dp/hard\libg_nano.a(libc_a-makebuf.o)
 .debug_info    0x0001bb6b      0x981 D:/ST/STM32CubeCLT_1.18.0/GNU-tools-for-STM32/bin/../lib/gcc/arm-none-eabi/13.3.1/../../../../arm-none-eabi/lib/thumb/v7e-m+dp/hard\libg_nano.a(libc_a-fstatr.o)
 .debug_info    0x0001c4ec      0x75d D:/ST/STM32CubeCLT_1.18.0/GNU-tools-for-STM32/bin/../lib/gcc/arm-none-eabi/13.3.1/../../../../arm-none-eabi/lib/thumb/v7e-m+dp/hard\libg_nano.a(libc_a-isattyr.o)
 .debug_info    0x0001cc49      0x782 D:/ST/STM32CubeCLT_1.18.0/GNU-tools-for-STM32/bin/../lib/gcc/arm-none-eabi/13.3.1/../../../../arm-none-eabi/lib/thumb/v7e-m+dp/hard\libg_nano.a(libc_a-sbrkr.o)
 .debug_info    0x0001d3cb       0x25 D:/ST/STM32CubeCLT_1.18.0/GNU-tools-for-STM32/bin/../lib/gcc/arm-none-eabi/13.3.1/../../../../arm-none-eabi/lib/thumb/v7e-m+dp/hard\libg_nano.a(libc_a-memchr.o)

.debug_abbrev   0x00000000     0x6483
 .debug_abbrev  0x00000000      0x13b cmake/stm32cubemx/CMakeFiles/STM32_Drivers.dir/__/__/Core/Src/system_stm32f7xx.c.obj
 .debug_abbrev  0x0000013b      0x31e cmake/stm32cubemx/CMakeFiles/STM32_Drivers.dir/__/__/Drivers/STM32F7xx_HAL_Driver/Src/stm32f7xx_hal_cortex.c.obj
 .debug_abbrev  0x00000459      0x2e6 cmake/stm32cubemx/CMakeFiles/STM32_Drivers.dir/__/__/Drivers/STM32F7xx_HAL_Driver/Src/stm32f7xx_hal_uart.c.obj
 .debug_abbrev  0x0000073f      0x2de cmake/stm32cubemx/CMakeFiles/STM32_Drivers.dir/__/__/Drivers/STM32F7xx_HAL_Driver/Src/stm32f7xx_hal_rcc.c.obj
 .debug_abbrev  0x00000a1d      0x1c9 cmake/stm32cubemx/CMakeFiles/STM32_Drivers.dir/__/__/Drivers/STM32F7xx_HAL_Driver/Src/stm32f7xx_hal_rcc_ex.c.obj
 .debug_abbrev  0x00000be6      0x27e cmake/stm32cubemx/CMakeFiles/STM32_Drivers.dir/__/__/Drivers/STM32F7xx_HAL_Driver/Src/stm32f7xx_hal_flash.c.obj
 .debug_abbrev  0x00000e64      0x24c cmake/stm32cubemx/CMakeFiles/STM32_Drivers.dir/__/__/Drivers/STM32F7xx_HAL_Driver/Src/stm32f7xx_hal_flash_ex.c.obj
 .debug_abbrev  0x000010b0      0x1d4 cmake/stm32cubemx/CMakeFiles/STM32_Drivers.dir/__/__/Drivers/STM32F7xx_HAL_Driver/Src/stm32f7xx_hal_gpio.c.obj
 .debug_abbrev  0x00001284      0x264 cmake/stm32cubemx/CMakeFiles/STM32_Drivers.dir/__/__/Drivers/STM32F7xx_HAL_Driver/Src/stm32f7xx_hal_dma.c.obj
 .debug_abbrev  0x000014e8      0x1d5 cmake/stm32cubemx/CMakeFiles/STM32_Drivers.dir/__/__/Drivers/STM32F7xx_HAL_Driver/Src/stm32f7xx_hal_pwr_ex.c.obj
 .debug_abbrev  0x000016bd      0x213 cmake/stm32cubemx/CMakeFiles/STM32_Drivers.dir/__/__/Drivers/STM32F7xx_HAL_Driver/Src/stm32f7xx_hal.c.obj
 .debug_abbrev  0x000018d0      0x28f CMakeFiles/BOOT.dir/Core/Src/main.c.obj
 .debug_abbrev  0x00001b5f      0x152 CMakeFiles/BOOT.dir/Core/Src/gpio.c.obj
 .debug_abbrev  0x00001cb1      0x218 CMakeFiles/BOOT.dir/Core/Src/usart.c.obj
 .debug_abbrev  0x00001ec9      0x174 CMakeFiles/BOOT.dir/Core/Src/stm32f7xx_it.c.obj
 .debug_abbrev  0x0000203d       0xd8 CMakeFiles/BOOT.dir/Core/Src/stm32f7xx_hal_msp.c.obj
 .debug_abbrev  0x00002115       0xbc CMakeFiles/BOOT.dir/Core/Src/sysmem.c.obj
 .debug_abbrev  0x000021d1      0x1bc CMakeFiles/BOOT.dir/Core/Src/syscalls.c.obj
 .debug_abbrev  0x0000238d       0x24 CMakeFiles/BOOT.dir/startup_stm32f767xx.s.obj
 .debug_abbrev  0x000023b1      0x1c0 CMakeFiles/BOOT.dir/APP/LED/led.c.obj
 .debug_abbrev  0x00002571      0x174 CMakeFiles/BOOT.dir/APP/Printf/printf.c.obj
 .debug_abbrev  0x000026e5      0x1ee CMakeFiles/BOOT.dir/APP/KEY/key.c.obj
 .debug_abbrev  0x000028d3      0x361 CMakeFiles/BOOT.dir/APP/FLASH/flash.c.obj
 .debug_abbrev  0x00002c34      0x298 CMakeFiles/BOOT.dir/bootloader/ymodem.c.obj
 .debug_abbrev  0x00002ecc      0x424 D:/ST/STM32CubeCLT_1.18.0/GNU-tools-for-STM32/bin/../lib/gcc/arm-none-eabi/13.3.1/../../../../arm-none-eabi/lib/thumb/v7e-m+dp/hard\libg_nano.a(libc_a-findfp.o)
 .debug_abbrev  0x000032f0      0x19b D:/ST/STM32CubeCLT_1.18.0/GNU-tools-for-STM32/bin/../lib/gcc/arm-none-eabi/13.3.1/../../../../arm-none-eabi/lib/thumb/v7e-m+dp/hard\libg_nano.a(libc_a-fwalk.o)
 .debug_abbrev  0x0000348b      0x21a D:/ST/STM32CubeCLT_1.18.0/GNU-tools-for-STM32/bin/../lib/gcc/arm-none-eabi/13.3.1/../../../../arm-none-eabi/lib/thumb/v7e-m+dp/hard\libg_nano.a(libc_a-printf.o)
 .debug_abbrev  0x000036a5      0x2a7 D:/ST/STM32CubeCLT_1.18.0/GNU-tools-for-STM32/bin/../lib/gcc/arm-none-eabi/13.3.1/../../../../arm-none-eabi/lib/thumb/v7e-m+dp/hard\libg_nano.a(libc_a-puts.o)
 .debug_abbrev  0x0000394c      0x221 D:/ST/STM32CubeCLT_1.18.0/GNU-tools-for-STM32/bin/../lib/gcc/arm-none-eabi/13.3.1/../../../../arm-none-eabi/lib/thumb/v7e-m+dp/hard\libg_nano.a(libc_a-stdio.o)
 .debug_abbrev  0x00003b6d      0x22d D:/ST/STM32CubeCLT_1.18.0/GNU-tools-for-STM32/bin/../lib/gcc/arm-none-eabi/13.3.1/../../../../arm-none-eabi/lib/thumb/v7e-m+dp/hard\libg_nano.a(libc_a-wbuf.o)
 .debug_abbrev  0x00003d9a      0x1e2 D:/ST/STM32CubeCLT_1.18.0/GNU-tools-for-STM32/bin/../lib/gcc/arm-none-eabi/13.3.1/../../../../arm-none-eabi/lib/thumb/v7e-m+dp/hard\libg_nano.a(libc_a-wsetup.o)
 .debug_abbrev  0x00003f7c       0x90 D:/ST/STM32CubeCLT_1.18.0/GNU-tools-for-STM32/bin/../lib/gcc/arm-none-eabi/13.3.1/../../../../arm-none-eabi/lib/thumb/v7e-m+dp/hard\libg_nano.a(libc_a-memcmp.o)
 .debug_abbrev  0x0000400c       0x9e D:/ST/STM32CubeCLT_1.18.0/GNU-tools-for-STM32/bin/../lib/gcc/arm-none-eabi/13.3.1/../../../../arm-none-eabi/lib/thumb/v7e-m+dp/hard\libg_nano.a(libc_a-memset.o)
 .debug_abbrev  0x000040aa      0x1b0 D:/ST/STM32CubeCLT_1.18.0/GNU-tools-for-STM32/bin/../lib/gcc/arm-none-eabi/13.3.1/../../../../arm-none-eabi/lib/thumb/v7e-m+dp/hard\libg_nano.a(libc_a-closer.o)
 .debug_abbrev  0x0000425a      0x1f7 D:/ST/STM32CubeCLT_1.18.0/GNU-tools-for-STM32/bin/../lib/gcc/arm-none-eabi/13.3.1/../../../../arm-none-eabi/lib/thumb/v7e-m+dp/hard\libg_nano.a(libc_a-reent.o)
 .debug_abbrev  0x00004451      0x149 D:/ST/STM32CubeCLT_1.18.0/GNU-tools-for-STM32/bin/../lib/gcc/arm-none-eabi/13.3.1/../../../../arm-none-eabi/lib/thumb/v7e-m+dp/hard\libg_nano.a(libc_a-impure.o)
 .debug_abbrev  0x0000459a      0x1c4 D:/ST/STM32CubeCLT_1.18.0/GNU-tools-for-STM32/bin/../lib/gcc/arm-none-eabi/13.3.1/../../../../arm-none-eabi/lib/thumb/v7e-m+dp/hard\libg_nano.a(libc_a-lseekr.o)
 .debug_abbrev  0x0000475e      0x1b0 D:/ST/STM32CubeCLT_1.18.0/GNU-tools-for-STM32/bin/../lib/gcc/arm-none-eabi/13.3.1/../../../../arm-none-eabi/lib/thumb/v7e-m+dp/hard\libg_nano.a(libc_a-readr.o)
 .debug_abbrev  0x0000490e      0x1b5 D:/ST/STM32CubeCLT_1.18.0/GNU-tools-for-STM32/bin/../lib/gcc/arm-none-eabi/13.3.1/../../../../arm-none-eabi/lib/thumb/v7e-m+dp/hard\libg_nano.a(libc_a-writer.o)
 .debug_abbrev  0x00004ac3      0x15e D:/ST/STM32CubeCLT_1.18.0/GNU-tools-for-STM32/bin/../lib/gcc/arm-none-eabi/13.3.1/../../../../arm-none-eabi/lib/thumb/v7e-m+dp/hard\libg_nano.a(libc_a-errno.o)
 .debug_abbrev  0x00004c21       0xc9 D:/ST/STM32CubeCLT_1.18.0/GNU-tools-for-STM32/bin/../lib/gcc/arm-none-eabi/13.3.1/../../../../arm-none-eabi/lib/thumb/v7e-m+dp/hard\libg_nano.a(libc_a-init.o)