Archive member included to satisfy reference by file (symbol)

D:/ST/STM32CubeCLT_1.18.0/GNU-tools-for-STM32/bin/../lib/gcc/arm-none-eabi/13.3.1/thumb/v7e-m+dp/hard\libgcc.a(_aeabi_uldivmod.o)
                              cmake/stm32cubemx/CMakeFiles/STM32_Drivers.dir/__/__/Drivers/STM32F7xx_HAL_Driver/Src/stm32f7xx_hal_rcc.c.obj (__aeabi_uldivmod)
D:/ST/STM32CubeCLT_1.18.0/GNU-tools-for-STM32/bin/../lib/gcc/arm-none-eabi/13.3.1/thumb/v7e-m+dp/hard\libgcc.a(_udivmoddi4.o)
                              D:/ST/STM32CubeCLT_1.18.0/GNU-tools-for-STM32/bin/../lib/gcc/arm-none-eabi/13.3.1/thumb/v7e-m+dp/hard\libgcc.a(_aeabi_uldivmod.o) (__udivmoddi4)
D:/ST/STM32CubeCLT_1.18.0/GNU-tools-for-STM32/bin/../lib/gcc/arm-none-eabi/13.3.1/thumb/v7e-m+dp/hard\libgcc.a(_dvmd_tls.o)
                              D:/ST/STM32CubeCLT_1.18.0/GNU-tools-for-STM32/bin/../lib/gcc/arm-none-eabi/13.3.1/thumb/v7e-m+dp/hard\libgcc.a(_aeabi_uldivmod.o) (__aeabi_ldiv0)
D:/ST/STM32CubeCLT_1.18.0/GNU-tools-for-STM32/bin/../lib/gcc/arm-none-eabi/13.3.1/../../../../arm-none-eabi/lib/thumb/v7e-m+dp/hard\libg_nano.a(libc_a-exit.o)
                              D:/ST/STM32CubeCLT_1.18.0/GNU-tools-for-STM32/bin/../lib/gcc/arm-none-eabi/13.3.1/../../../../arm-none-eabi/lib/thumb/v7e-m+dp/hard/crt0.o (exit)
D:/ST/STM32CubeCLT_1.18.0/GNU-tools-for-STM32/bin/../lib/gcc/arm-none-eabi/13.3.1/../../../../arm-none-eabi/lib/thumb/v7e-m+dp/hard\libg_nano.a(libc_a-findfp.o)
                              D:/ST/STM32CubeCLT_1.18.0/GNU-tools-for-STM32/bin/../lib/gcc/arm-none-eabi/13.3.1/../../../../arm-none-eabi/lib/thumb/v7e-m+dp/hard\libg_nano.a(libc_a-exit.o) (__stdio_exit_handler)
D:/ST/STM32CubeCLT_1.18.0/GNU-tools-for-STM32/bin/../lib/gcc/arm-none-eabi/13.3.1/../../../../arm-none-eabi/lib/thumb/v7e-m+dp/hard\libg_nano.a(libc_a-fwalk.o)
                              D:/ST/STM32CubeCLT_1.18.0/GNU-tools-for-STM32/bin/../lib/gcc/arm-none-eabi/13.3.1/../../../../arm-none-eabi/lib/thumb/v7e-m+dp/hard\libg_nano.a(libc_a-findfp.o) (_fwalk_sglue)
D:/ST/STM32CubeCLT_1.18.0/GNU-tools-for-STM32/bin/../lib/gcc/arm-none-eabi/13.3.1/../../../../arm-none-eabi/lib/thumb/v7e-m+dp/hard\libg_nano.a(libc_a-printf.o)
                              CMakeFiles/BOOT.dir/APP/FLASH/flash.c.obj (printf)
D:/ST/STM32CubeCLT_1.18.0/GNU-tools-for-STM32/bin/../lib/gcc/arm-none-eabi/13.3.1/../../../../arm-none-eabi/lib/thumb/v7e-m+dp/hard\libg_nano.a(libc_a-puts.o)
                              CMakeFiles/BOOT.dir/Core/Src/main.c.obj (puts)
D:/ST/STM32CubeCLT_1.18.0/GNU-tools-for-STM32/bin/../lib/gcc/arm-none-eabi/13.3.1/../../../../arm-none-eabi/lib/thumb/v7e-m+dp/hard\libg_nano.a(libc_a-stdio.o)
                              D:/ST/STM32CubeCLT_1.18.0/GNU-tools-for-STM32/bin/../lib/gcc/arm-none-eabi/13.3.1/../../../../arm-none-eabi/lib/thumb/v7e-m+dp/hard\libg_nano.a(libc_a-findfp.o) (__sread)
D:/ST/STM32CubeCLT_1.18.0/GNU-tools-for-STM32/bin/../lib/gcc/arm-none-eabi/13.3.1/../../../../arm-none-eabi/lib/thumb/v7e-m+dp/hard\libg_nano.a(libc_a-wbuf.o)
                              D:/ST/STM32CubeCLT_1.18.0/GNU-tools-for-STM32/bin/../lib/gcc/arm-none-eabi/13.3.1/../../../../arm-none-eabi/lib/thumb/v7e-m+dp/hard\libg_nano.a(libc_a-puts.o) (__swbuf_r)
D:/ST/STM32CubeCLT_1.18.0/GNU-tools-for-STM32/bin/../lib/gcc/arm-none-eabi/13.3.1/../../../../arm-none-eabi/lib/thumb/v7e-m+dp/hard\libg_nano.a(libc_a-wsetup.o)
                              D:/ST/STM32CubeCLT_1.18.0/GNU-tools-for-STM32/bin/../lib/gcc/arm-none-eabi/13.3.1/../../../../arm-none-eabi/lib/thumb/v7e-m+dp/hard\libg_nano.a(libc_a-puts.o) (__swsetup_r)
D:/ST/STM32CubeCLT_1.18.0/GNU-tools-for-STM32/bin/../lib/gcc/arm-none-eabi/13.3.1/../../../../arm-none-eabi/lib/thumb/v7e-m+dp/hard\libg_nano.a(libc_a-memcmp.o)
                              CMakeFiles/BOOT.dir/bootloader/ymodem.c.obj (memcmp)
D:/ST/STM32CubeCLT_1.18.0/GNU-tools-for-STM32/bin/../lib/gcc/arm-none-eabi/13.3.1/../../../../arm-none-eabi/lib/thumb/v7e-m+dp/hard\libg_nano.a(libc_a-memset.o)
                              D:/ST/STM32CubeCLT_1.18.0/GNU-tools-for-STM32/bin/../lib/gcc/arm-none-eabi/13.3.1/../../../../arm-none-eabi/lib/thumb/v7e-m+dp/hard/crt0.o (memset)
D:/ST/STM32CubeCLT_1.18.0/GNU-tools-for-STM32/bin/../lib/gcc/arm-none-eabi/13.3.1/../../../../arm-none-eabi/lib/thumb/v7e-m+dp/hard\libg_nano.a(libc_a-closer.o)
                              D:/ST/STM32CubeCLT_1.18.0/GNU-tools-for-STM32/bin/../lib/gcc/arm-none-eabi/13.3.1/../../../../arm-none-eabi/lib/thumb/v7e-m+dp/hard\libg_nano.a(libc_a-stdio.o) (_close_r)
D:/ST/STM32CubeCLT_1.18.0/GNU-tools-for-STM32/bin/../lib/gcc/arm-none-eabi/13.3.1/../../../../arm-none-eabi/lib/thumb/v7e-m+dp/hard\libg_nano.a(libc_a-reent.o)
                              D:/ST/STM32CubeCLT_1.18.0/GNU-tools-for-STM32/bin/../lib/gcc/arm-none-eabi/13.3.1/../../../../arm-none-eabi/lib/thumb/v7e-m+dp/hard\libg_nano.a(libc_a-closer.o) (errno)
[...]
Memory Configuration

Name             Origin             Length             Attributes
RAM              0x20000000         0x00080000         xrw
FLASH            0x08000000         0x00100000         xr
*default*        0x00000000         0xffffffff

Linker script and memory map

LOAD D:/ST/STM32CubeCLT_1.18.0/GNU-tools-for-STM32/bin/../lib/gcc/arm-none-eabi/13.3.1/thumb/v7e-m+dp/hard/crti.o
LOAD D:/ST/STM32CubeCLT_1.18.0/GNU-tools-for-STM32/bin/../lib/gcc/arm-none-eabi/13.3.1/thumb/v7e-m+dp/hard/crtbegin.o
LOAD D:/ST/STM32CubeCLT_1.18.0/GNU-tools-for-STM32/bin/../lib/gcc/arm-none-eabi/13.3.1/../../../../arm-none-eabi/lib/thumb/v7e-m+dp/hard/crt0.o
LOAD cmake/stm32cubemx/CMakeFiles/STM32_Drivers.dir/__/__/Core/Src/system_stm32f7xx.c.obj
LOAD cmake/stm32cubemx/CMakeFiles/STM32_Drivers.dir/__/__/Drivers/STM32F7xx_HAL_Driver/Src/stm32f7xx_hal_cortex.c.obj
LOAD cmake/stm32cubemx/CMakeFiles/STM32_Drivers.dir/__/__/Drivers/STM32F7xx_HAL_Driver/Src/stm32f7xx_hal_uart.c.obj
LOAD cmake/stm32cubemx/CMakeFiles/STM32_Drivers.dir/__/__/Drivers/STM32F7xx_HAL_Driver/Src/stm32f7xx_hal_uart_ex.c.obj
LOAD cmake/stm32cubemx/CMakeFiles/STM32_Drivers.dir/__/__/Drivers/STM32F7xx_HAL_Driver/Src/stm32f7xx_hal_rcc.c.obj
LOAD cmake/stm32cubemx/CMakeFiles/STM32_Drivers.dir/__/__/Drivers/STM32F7xx_HAL_Driver/Src/stm32f7xx_hal_rcc_ex.c.obj
LOAD cmake/stm32cubemx/CMakeFiles/STM32_Drivers.dir/__/__/Drivers/STM32F7xx_HAL_Driver/Src/stm32f7xx_hal_flash.c.obj
LOAD cmake/stm32cubemx/CMakeFiles/STM32_Drivers.dir/__/__/Drivers/STM32F7xx_HAL_Driver/Src/stm32f7xx_hal_flash_ex.c.obj
LOAD cmake/stm32cubemx/CMakeFiles/STM32_Drivers.dir/__/__/Drivers/STM32F7xx_HAL_Driver/Src/stm32f7xx_hal_gpio.c.obj
LOAD cmake/stm32cubemx/CMakeFiles/STM32_Drivers.dir/__/__/Drivers/STM32F7xx_HAL_Driver/Src/stm32f7xx_hal_dma.c.obj
LOAD cmake/stm32cubemx/CMakeFiles/STM32_Drivers.dir/__/__/Drivers/STM32F7xx_HAL_Driver/Src/stm32f7xx_hal_dma_ex.c.obj
LOAD cmake/stm32cubemx/CMakeFiles/STM32_Drivers.dir/__/__/Drivers/STM32F7xx_HAL_Driver/Src/stm32f7xx_hal_pwr.c.obj
LOAD cmake/stm32cubemx/CMakeFiles/STM32_Drivers.dir/__/__/Drivers/STM32F7xx_HAL_Driver/Src/stm32f7xx_hal_pwr_ex.c.obj
LOAD cmake/stm32cubemx/CMakeFiles/STM32_Drivers.dir/__/__/Drivers/STM32F7xx_HAL_Driver/Src/stm32f7xx_hal.c.obj
LOAD cmake/stm32cubemx/CMakeFiles/STM32_Drivers.dir/__/__/Drivers/STM32F7xx_HAL_Driver/Src/stm32f7xx_hal_i2c.c.obj
LOAD cmake/stm32cubemx/CMakeFiles/STM32_Drivers.dir/__/__/Drivers/STM32F7xx_HAL_Driver/Src/stm32f7xx_hal_i2c_ex.c.obj
LOAD cmake/stm32cubemx/CMakeFiles/STM32_Drivers.dir/__/__/Drivers/STM32F7xx_HAL_Driver/Src/stm32f7xx_hal_exti.c.obj
LOAD CMakeFiles/BOOT.dir/Core/Src/main.c.obj
LOAD CMakeFiles/BOOT.dir/Core/Src/gpio.c.obj
LOAD CMakeFiles/BOOT.dir/Core/Src/usart.c.obj
LOAD CMakeFiles/BOOT.dir/Core/Src/stm32f7xx_it.c.obj
LOAD CMakeFiles/BOOT.dir/Core/Src/stm32f7xx_hal_msp.c.obj
LOAD CMakeFiles/BOOT.dir/Core/Src/sysmem.c.obj
LOAD CMakeFiles/BOOT.dir/Core/Src/syscalls.c.obj
LOAD CMakeFiles/BOOT.dir/startup_stm32f767xx.s.obj
LOAD CMakeFiles/BOOT.dir/APP/LED/led.c.obj
LOAD CMakeFiles/BOOT.dir/APP/Printf/printf.c.obj
LOAD CMakeFiles/BOOT.dir/APP/KEY/key.c.obj
LOAD CMakeFiles/BOOT.dir/APP/FLASH/flash.c.obj
LOAD CMakeFiles/BOOT.dir/bootloader/ymodem.c.obj
LOAD D:/ST/STM32CubeCLT_1.18.0/GNU-tools-for-STM32/bin/../lib/gcc/arm-none-eabi/13.3.1/../../../../arm-none-eabi/lib/thumb/v7e-m+dp/hard\libm.a
START GROUP
LOAD D:/ST/STM32CubeCLT_1.18.0/GNU-tools-for-STM32/bin/../lib/gcc/arm-none-eabi/13.3.1/thumb/v7e-m+dp/hard\libgcc.a
LOAD D:/ST/STM32CubeCLT_1.18.0/GNU-tools-for-STM32/bin/../lib/gcc/arm-none-eabi/13.3.1/../../../../arm-none-eabi/lib/thumb/v7e-m+dp/hard\libg_nano.a
LOAD D:/ST/STM32CubeCLT_1.18.0/GNU-tools-for-STM32/bin/../lib/gcc/arm-none-eabi/13.3.1/../../../../arm-none-eabi/lib/thumb/v7e-m+dp/hard\libc_nano.a
END GROUP
START GROUP
LOAD D:/ST/STM32CubeCLT_1.18.0/GNU-tools-for-STM32/bin/../lib/gcc/arm-none-eabi/13.3.1/thumb/v7e-m+dp/hard\libgcc.a
LOAD D:/ST/STM32CubeCLT_1.18.0/GNU-tools-for-STM32/bin/../lib/gcc/arm-none-eabi/13.3.1/../../../../arm-none-eabi/lib/thumb/v7e-m+dp/hard\libc_nano.a
END GROUP
LOAD D:/ST/STM32CubeCLT_1.18.0/GNU-tools-for-STM32/bin/../lib/gcc/arm-none-eabi/13.3.1/thumb/v7e-m+dp/hard/crtend.o
LOAD D:/ST/STM32CubeCLT_1.18.0/GNU-tools-for-STM32/bin/../lib/gcc/arm-none-eabi/13.3.1/thumb/v7e-m+dp/hard/crtn.o
                0x20080000                        _estack = (ORIGIN (RAM) + LENGTH (RAM))
                0x00000800                        _Min_Heap_Size = 0x800
                0x00000800                        _Min_Stack_Size = 0x800

.isr_vector     0x08000000      0x1f8
                0x08000000                        . = ALIGN (0x4)
 *(.isr_vector)
 .isr_vector    0x08000000      0x1f8 CMakeFiles/BOOT.dir/startup_stm32f767xx.s.obj
                0x08000000                g_pfnVectors
                0x080001f8                        . = ALIGN (0x4)

.text           0x08000200     0x5310
                0x08000200                        . = ALIGN (0x4)
 *(.text)
 .text          0x08000200       0x40 D:/ST/STM32CubeCLT_1.18.0/GNU-tools-for-STM32/bin/../lib/gcc/arm-none-eabi/13.3.1/thumb/v7e-m+dp/hard/crtbegin.o
 .text          0x08000240       0x30 D:/ST/STM32CubeCLT_1.18.0/GNU-tools-for-STM32/bin/../lib/gcc/arm-none-eabi/13.3.1/thumb/v7e-m+dp/hard\libgcc.a(_aeabi_uldivmod.o)
                0x08000240                __aeabi_uldivmod
 .text          0x08000270      0x2f8 D:/ST/STM32CubeCLT_1.18.0/GNU-tools-for-STM32/bin/../lib/gcc/arm-none-eabi/13.3.1/thumb/v7e-m+dp/hard\libgcc.a(_udivmoddi4.o)
                0x08000270                __udivmoddi4
 .text          0x08000568        0x4 D:/ST/STM32CubeCLT_1.18.0/GNU-tools-for-STM32/bin/../lib/gcc/arm-none-eabi/13.3.1/thumb/v7e-m+dp/hard\libgcc.a(_dvmd_tls.o)
                0x08000568                __aeabi_idiv0
                0x08000568                __aeabi_ldiv0
 *fill*         0x0800056c        0x4 
 .text          0x08000570       0xa0 D:/ST/STM32CubeCLT_1.18.0/GNU-tools-for-STM32/bin/../lib/gcc/arm-none-eabi/13.3.1/../../../../arm-none-eabi/lib/thumb/v7e-m+dp/hard\libg_nano.a(libc_a-memchr.o)
                0x08000570                memchr
 *(.text*)
 .text.SystemInit
                0x08000610       0x24 cmake/stm32cubemx/CMakeFiles/STM32_Drivers.dir/__/__/Core/Src/system_stm32f7xx.c.obj
                0x08000610                SystemInit
 .text.__NVIC_SetPriorityGrouping
                0x08000634       0x48 cmake/stm32cubemx/CMakeFiles/STM32_Drivers.dir/__/__/Drivers/STM32F7xx_HAL_Driver/Src/stm32f7xx_hal_cortex.c.obj
 .text.__NVIC_GetPriorityGrouping
                0x0800067c       0x1c cmake/stm32cubemx/CMakeFiles/STM32_Drivers.dir/__/__/Drivers/STM32F7xx_HAL_Driver/Src/stm32f7xx_hal_cortex.c.obj
 .text.__NVIC_SetPriority
                0x08000698       0x54 cmake/stm32cubemx/CMakeFiles/STM32_Drivers.dir/__/__/Drivers/STM32F7xx_HAL_Driver/Src/stm32f7xx_hal_cortex.c.obj
 .text.NVIC_EncodePriority
                0x080006ec       0x66 cmake/stm32cubemx/CMakeFiles/STM32_Drivers.dir/__/__/Drivers/STM32F7xx_HAL_Driver/Src/stm32f7xx_hal_cortex.c.obj
 *fill*         0x08000752        0x2 
 .text.SysTick_Config
                0x08000754       0x44 cmake/stm32cubemx/CMakeFiles/STM32_Drivers.dir/__/__/Drivers/STM32F7xx_HAL_Driver/Src/stm32f7xx_hal_cortex.c.obj
 .text.HAL_NVIC_SetPriorityGrouping
                0x08000798       0x16 cmake/stm32cubemx/CMakeFiles/STM32_Drivers.dir/__/__/Drivers/STM32F7xx_HAL_Driver/Src/stm32f7xx_hal_cortex.c.obj
                0x08000798                HAL_NVIC_SetPriorityGrouping
 .text.HAL_NVIC_SetPriority
                0x080007ae       0x38 cmake/stm32cubemx/CMakeFiles/STM32_Drivers.dir/__/__/Drivers/STM32F7xx_HAL_Driver/Src/stm32f7xx_hal_cortex.c.obj
                0x080007ae                HAL_NVIC_SetPriority
 .text.HAL_SYSTICK_Config
                0x080007e6       0x18 cmake/stm32cubemx/CMakeFiles/STM32_Drivers.dir/__/__/Drivers/STM32F7xx_HAL_Driver/Src/stm32f7xx_hal_cortex.c.obj
                0x080007e6                HAL_SYSTICK_Config
 *fill*         0x080007fe        0x2 
 .text.HAL_MPU_Disable
                0x08000800       0x30 cmake/stm32cubemx/CMakeFiles/STM32_Drivers.dir/__/__/Drivers/STM32F7xx_HAL_Driver/Src/stm32f7xx_hal_cortex.c.obj
                0x08000800                HAL_MPU_Disable
 .text.HAL_MPU_Enable
                0x08000830       0x40 cmake/stm32cubemx/CMakeFiles/STM32_Drivers.dir/__/__/Drivers/STM32F7xx_HAL_Driver/Src/stm32f7xx_hal_cortex.c.obj
                0x08000830                HAL_MPU_Enable
 .text.HAL_MPU_ConfigRegion
                0x08000870       0x80 cmake/stm32cubemx/CMakeFiles/STM32_Drivers.dir/__/__/Drivers/STM32F7xx_HAL_Driver/Src/stm32f7xx_hal_cortex.c.obj
                0x08000870                HAL_MPU_ConfigRegion
 .text.HAL_UART_Init
                0x080008f0       0x9c cmake/stm32cubemx/CMakeFiles/STM32_Drivers.dir/__/__/Drivers/STM32F7xx_HAL_Driver/Src/stm32f7xx_hal_uart.c.obj
                0x080008f0                HAL_UART_Init
 .text.HAL_UART_Transmit
                0x0800098c      0x112 cmake/stm32cubemx/CMakeFiles/STM32_Drivers.dir/__/__/Drivers/STM32F7xx_HAL_Driver/Src/stm32f7xx_hal_uart.c.obj
                0x0800098c                HAL_UART_Transmit
 .text.HAL_UART_Receive
                0x08000a9e      0x190 cmake/stm32cubemx/CMakeFiles/STM32_Drivers.dir/__/__/Drivers/STM32F7xx_HAL_Driver/Src/stm32f7xx_hal_uart.c.obj
                0x08000a9e                HAL_UART_Receive
 *fill*         0x08000c2e        0x2 
 .text.UART_SetConfig
                0x08000c30      0x4c8 cmake/stm32cubemx/CMakeFiles/STM32_Drivers.dir/__/__/Drivers/STM32F7xx_HAL_Driver/Src/stm32f7xx_hal_uart.c.obj
                0x08000c30                UART_SetConfig
 .text.UART_AdvFeatureConfig
                0x080010f8      0x144 cmake/stm32cubemx/CMakeFiles/STM32_Drivers.dir/__/__/Drivers/STM32F7xx_HAL_Driver/Src/stm32f7xx_hal_uart.c.obj
                0x080010f8                UART_AdvFeatureConfig
 .text.UART_CheckIdleState
                0x0800123c      0x150 cmake/stm32cubemx/CMakeFiles/STM32_Drivers.dir/__/__/Drivers/STM32F7xx_HAL_Driver/Src/stm32f7xx_hal_uart.c.obj
                0x0800123c                UART_CheckIdleState
 .text.UART_WaitOnFlagUntilTimeout
                0x0800138c       0xda cmake/stm32cubemx/CMakeFiles/STM32_Drivers.dir/__/__/Drivers/STM32F7xx_HAL_Driver/Src/stm32f7xx_hal_uart.c.obj
                0x0800138c                UART_WaitOnFlagUntilTimeout
 .text.UART_EndRxTransfer
                0x08001466       0xc8 cmake/stm32cubemx/CMakeFiles/STM32_Drivers.dir/__/__/Drivers/STM32F7xx_HAL_Driver/Src/stm32f7xx_hal_uart.c.obj
 *fill*         0x0800152e        0x2 
 .text.HAL_RCC_OscConfig
                0x08001530      0x55c cmake/stm32cubemx/CMakeFiles/STM32_Drivers.dir/__/__/Drivers/STM32F7xx_HAL_Driver/Src/stm32f7xx_hal_rcc.c.obj
                0x08001530                HAL_RCC_OscConfig
 .text.HAL_RCC_ClockConfig
                0x08001a8c      0x1d8 cmake/stm32cubemx/CMakeFiles/STM32_Drivers.dir/__/__/Drivers/STM32F7xx_HAL_Driver/Src/stm32f7xx_hal_rcc.c.obj
                0x08001a8c                HAL_RCC_ClockConfig
 .text.HAL_RCC_GetSysClockFreq
                0x08001c64      0x18c cmake/stm32cubemx/CMakeFiles/STM32_Drivers.dir/__/__/Drivers/STM32F7xx_HAL_Driver/Src/stm32f7xx_hal_rcc.c.obj
                0x08001c64                HAL_RCC_GetSysClockFreq
 .text.HAL_RCC_GetHCLKFreq
                0x08001df0       0x18 cmake/stm32cubemx/CMakeFiles/STM32_Drivers.dir/__/__/Drivers/STM32F7xx_HAL_Driver/Src/stm32f7xx_hal_rcc.c.obj
                0x08001df0                HAL_RCC_GetHCLKFreq
 .text.HAL_RCC_GetPCLK1Freq
                0x08001e08       0x28 cmake/stm32cubemx/CMakeFiles/STM32_Drivers.dir/__/__/Drivers/STM32F7xx_HAL_Driver/Src/stm32f7xx_hal_rcc.c.obj
                0x08001e08                HAL_RCC_GetPCLK1Freq
 .text.HAL_RCC_GetPCLK2Freq
                0x08001e30       0x28 cmake/stm32cubemx/CMakeFiles/STM32_Drivers.dir/__/__/Drivers/STM32F7xx_HAL_Driver/Src/stm32f7xx_hal_rcc.c.obj
                0x08001e30                HAL_RCC_GetPCLK2Freq
 .text.HAL_RCCEx_PeriphCLKConfig
                0x08001e58      0x850 cmake/stm32cubemx/CMakeFiles/STM32_Drivers.dir/__/__/Drivers/STM32F7xx_HAL_Driver/Src/stm32f7xx_hal_rcc_ex.c.obj
                0x08001e58                HAL_RCCEx_PeriphCLKConfig
 .text.HAL_FLASH_Program
                0x080026a8       0xb4 cmake/stm32cubemx/CMakeFiles/STM32_Drivers.dir/__/__/Drivers/STM32F7xx_HAL_Driver/Src/stm32f7xx_hal_flash.c.obj
                0x080026a8                HAL_FLASH_Program
 .text.HAL_FLASH_Unlock
                0x0800275c       0x44 cmake/stm32cubemx/CMakeFiles/STM32_Drivers.dir/__/__/Drivers/STM32F7xx_HAL_Driver/Src/stm32f7xx_hal_flash.c.obj
                0x0800275c                HAL_FLASH_Unlock
 .text.HAL_FLASH_Lock
                0x080027a0       0x20 cmake/stm32cubemx/CMakeFiles/STM32_Drivers.dir/__/__/Drivers/STM32F7xx_HAL_Driver/Src/stm32f7xx_hal_flash.c.obj
                0x080027a0                HAL_FLASH_Lock
 .text.FLASH_WaitForLastOperation
                0x080027c0       0x80 cmake/stm32cubemx/CMakeFiles/STM32_Drivers.dir/__/__/Drivers/STM32F7xx_HAL_Driver/Src/stm32f7xx_hal_flash.c.obj
                0x080027c0                FLASH_WaitForLastOperation
 .text.FLASH_Program_DoubleWord
                0x08002840       0x6c cmake/stm32cubemx/CMakeFiles/STM32_Drivers.dir/__/__/Drivers/STM32F7xx_HAL_Driver/Src/stm32f7xx_hal_flash.c.obj
 .text.FLASH_Program_Word
                0x080028ac       0x4c cmake/stm32cubemx/CMakeFiles/STM32_Drivers.dir/__/__/Drivers/STM32F7xx_HAL_Driver/Src/stm32f7xx_hal_flash.c.obj
 .text.FLASH_Program_HalfWord
                0x080028f8       0x4c cmake/stm32cubemx/CMakeFiles/STM32_Drivers.dir/__/__/Drivers/STM32F7xx_HAL_Driver/Src/stm32f7xx_hal_flash.c.obj
 .text.FLASH_Program_Byte
                0x08002944       0x48 cmake/stm32cubemx/CMakeFiles/STM32_Drivers.dir/__/__/Drivers/STM32F7xx_HAL_Driver/Src/stm32f7xx_hal_flash.c.obj
 .text.FLASH_SetErrorCode
                0x0800298c       0x94 cmake/stm32cubemx/CMakeFiles/STM32_Drivers.dir/__/__/Drivers/STM32F7xx_HAL_Driver/Src/stm32f7xx_hal_flash.c.obj
 .text.HAL_FLASHEx_Erase
                0x08002a20       0xdc cmake/stm32cubemx/CMakeFiles/STM32_Drivers.dir/__/__/Drivers/STM32F7xx_HAL_Driver/Src/stm32f7xx_hal_flash_ex.c.obj
                0x08002a20                HAL_FLASHEx_Erase
 .text.FLASH_MassErase
                0x08002afc       0x78 cmake/stm32cubemx/CMakeFiles/STM32_Drivers.dir/__/__/Drivers/STM32F7xx_HAL_Driver/Src/stm32f7xx_hal_flash_ex.c.obj
 .text.FLASH_Erase_Sector
                0x08002b74       0xa4 cmake/stm32cubemx/CMakeFiles/STM32_Drivers.dir/__/__/Drivers/STM32F7xx_HAL_Driver/Src/stm32f7xx_hal_flash_ex.c.obj
                0x08002b74                FLASH_Erase_Sector
 .text.HAL_GPIO_Init
                0x08002c18      0x358 cmake/stm32cubemx/CMakeFiles/STM32_Drivers.dir/__/__/Drivers/STM32F7xx_HAL_Driver/Src/stm32f7xx_hal_gpio.c.obj
                0x08002c18                HAL_GPIO_Init
 .text.HAL_GPIO_ReadPin
                0x08002f70       0x30 cmake/stm32cubemx/CMakeFiles/STM32_Drivers.dir/__/__/Drivers/STM32F7xx_HAL_Driver/Src/stm32f7xx_hal_gpio.c.obj
                0x08002f70                HAL_GPIO_ReadPin
 .text.HAL_GPIO_WritePin
                0x08002fa0       0x32 cmake/stm32cubemx/CMakeFiles/STM32_Drivers.dir/__/__/Drivers/STM32F7xx_HAL_Driver/Src/stm32f7xx_hal_gpio.c.obj
                0x08002fa0                HAL_GPIO_WritePin
 .text.HAL_GPIO_TogglePin
                0x08002fd2       0x34 cmake/stm32cubemx/CMakeFiles/STM32_Drivers.dir/__/__/Drivers/STM32F7xx_HAL_Driver/Src/stm32f7xx_hal_gpio.c.obj
                0x08002fd2                HAL_GPIO_TogglePin
 *fill*         0x08003006        0x2 
 .text.HAL_PWREx_EnableOverDrive
                0x08003008       0xa0 cmake/stm32cubemx/CMakeFiles/STM32_Drivers.dir/__/__/Drivers/STM32F7xx_HAL_Driver/Src/stm32f7xx_hal_pwr_ex.c.obj
                0x08003008                HAL_PWREx_EnableOverDrive
 .text.HAL_Init
                0x080030a8       0x1a cmake/stm32cubemx/CMakeFiles/STM32_Drivers.dir/__/__/Drivers/STM32F7xx_HAL_Driver/Src/stm32f7xx_hal.c.obj
                0x080030a8                HAL_Init
 *fill*         0x080030c2        0x2 
 .text.HAL_InitTick
                0x080030c4       0x60 cmake/stm32cubemx/CMakeFiles/STM32_Drivers.dir/__/__/Drivers/STM32F7xx_HAL_Driver/Src/stm32f7xx_hal.c.obj
                0x080030c4                HAL_InitTick
 .text.HAL_IncTick
                0x08003124       0x28 cmake/stm32cubemx/CMakeFiles/STM32_Drivers.dir/__/__/Drivers/STM32F7xx_HAL_Driver/Src/stm32f7xx_hal.c.obj
                0x08003124                HAL_IncTick
 .text.HAL_GetTick
                0x0800314c       0x18 cmake/stm32cubemx/CMakeFiles/STM32_Drivers.dir/__/__/Drivers/STM32F7xx_HAL_Driver/Src/stm32f7xx_hal.c.obj
                0x0800314c                HAL_GetTick
 .text.HAL_Delay
                0x08003164       0x48 cmake/stm32cubemx/CMakeFiles/STM32_Drivers.dir/__/__/Drivers/STM32F7xx_HAL_Driver/Src/stm32f7xx_hal.c.obj
                0x08003164                HAL_Delay
 .text.__NVIC_SystemReset
                0x080031ac       0x2c CMakeFiles/BOOT.dir/Core/Src/main.c.obj
 .text.main     0x080031d8      0x1c0 CMakeFiles/BOOT.dir/Core/Src/main.c.obj
                0x080031d8                main
 .text.SystemClock_Config
                0x08003398       0xe0 CMakeFiles/BOOT.dir/Core/Src/main.c.obj
                0x08003398                SystemClock_Config
 .text.MPU_Config
                0x08003478       0x58 CMakeFiles/BOOT.dir/Core/Src/main.c.obj
 .text.Error_Handler
                0x080034d0       0x14 CMakeFiles/BOOT.dir/Core/Src/main.c.obj
                0x080034d0                Error_Handler
 .text.MX_GPIO_Init
                0x080034e4       0xb0 CMakeFiles/BOOT.dir/Core/Src/gpio.c.obj
                0x080034e4                MX_GPIO_Init
 .text.MX_USART2_UART_Init
                0x08003594       0x60 CMakeFiles/BOOT.dir/Core/Src/usart.c.obj
                0x08003594                MX_USART2_UART_Init
 .text.HAL_UART_MspInit
                0x080035f4       0xbc CMakeFiles/BOOT.dir/Core/Src/usart.c.obj
                0x080035f4                HAL_UART_MspInit
 .text.NMI_Handler
                0x080036b0        0x8 CMakeFiles/BOOT.dir/Core/Src/stm32f7xx_it.c.obj
                0x080036b0                NMI_Handler
 .text.HardFault_Handler
                0x080036b8        0x8 CMakeFiles/BOOT.dir/Core/Src/stm32f7xx_it.c.obj
                0x080036b8                HardFault_Handler
 .text.MemManage_Handler
                0x080036c0        0x8 CMakeFiles/BOOT.dir/Core/Src/stm32f7xx_it.c.obj
                0x080036c0                MemManage_Handler
 .text.BusFault_Handler
                0x080036c8        0x8 CMakeFiles/BOOT.dir/Core/Src/stm32f7xx_it.c.obj
                0x080036c8                BusFault_Handler
 .text.UsageFault_Handler
                0x080036d0        0x8 CMakeFiles/BOOT.dir/Core/Src/stm32f7xx_it.c.obj
                0x080036d0                UsageFault_Handler
 .text.SVC_Handler
                0x080036d8        0xe CMakeFiles/BOOT.dir/Core/Src/stm32f7xx_it.c.obj
                0x080036d8                SVC_Handler
 .text.DebugMon_Handler
                0x080036e6        0xe CMakeFiles/BOOT.dir/Core/Src/stm32f7xx_it.c.obj
                0x080036e6                DebugMon_Handler
 .text.PendSV_Handler
                0x080036f4        0xe CMakeFiles/BOOT.dir/Core/Src/stm32f7xx_it.c.obj
                0x080036f4                PendSV_Handler
 .text.SysTick_Handler
                0x08003702        0xc CMakeFiles/BOOT.dir/Core/Src/stm32f7xx_it.c.obj
                0x08003702                SysTick_Handler
 *fill*         0x0800370e        0x2 
 .text.HAL_MspInit
                0x08003710       0x48 CMakeFiles/BOOT.dir/Core/Src/stm32f7xx_hal_msp.c.obj
                0x08003710                HAL_MspInit
 .text._sbrk    0x08003758       0x6c CMakeFiles/BOOT.dir/Core/Src/sysmem.c.obj
                0x08003758                _sbrk
 .text._read    0x080037c4       0x3a CMakeFiles/BOOT.dir/Core/Src/syscalls.c.obj
                0x080037c4                _read
 .text._write   0x080037fe       0x38 CMakeFiles/BOOT.dir/Core/Src/syscalls.c.obj
                0x080037fe                _write
 .text._close   0x08003836       0x18 CMakeFiles/BOOT.dir/Core/Src/syscalls.c.obj
                0x08003836                _close
 .text._fstat   0x0800384e       0x20 CMakeFiles/BOOT.dir/Core/Src/syscalls.c.obj
                0x0800384e                _fstat
 .text._isatty  0x0800386e       0x16 CMakeFiles/BOOT.dir/Core/Src/syscalls.c.obj
                0x0800386e                _isatty
 .text._lseek   0x08003884       0x1a CMakeFiles/BOOT.dir/Core/Src/syscalls.c.obj
                0x08003884                _lseek
 *fill*         0x0800389e        0x2 
 .text.Reset_Handler
                0x080038a0       0x50 CMakeFiles/BOOT.dir/startup_stm32f767xx.s.obj
                0x080038a0                Reset_Handler
 .text.Default_Handler
                0x080038f0        0x2 CMakeFiles/BOOT.dir/startup_stm32f767xx.s.obj
                0x080038f0                RTC_Alarm_IRQHandler
                0x080038f0                EXTI2_IRQHandler
                0x080038f0                TIM8_CC_IRQHandler
                0x080038f0                UART8_IRQHandler
                0x080038f0                SPI4_IRQHandler
                0x080038f0                TIM1_CC_IRQHandler
                0x080038f0                DMA2_Stream5_IRQHandler
                0x080038f0                JPEG_IRQHandler
                0x080038f0                DMA1_Stream5_IRQHandler
                0x080038f0                CAN3_RX1_IRQHandler
                0x080038f0                PVD_IRQHandler
                0x080038f0                TAMP_STAMP_IRQHandler
                0x080038f0                CAN2_RX1_IRQHandler
                0x080038f0                EXTI3_IRQHandler
                0x080038f0                TIM8_TRG_COM_TIM14_IRQHandler
                0x080038f0                DFSDM1_FLT1_IRQHandler
                0x080038f0                TIM1_UP_TIM10_IRQHandler
                0x080038f0                TIM8_UP_TIM13_IRQHandler
                0x080038f0                I2C3_ER_IRQHandler
                0x080038f0                DFSDM1_FLT2_IRQHandler
                0x080038f0                EXTI0_IRQHandler
                0x080038f0                I2C2_EV_IRQHandler
                0x080038f0                DMA1_Stream2_IRQHandler
                0x080038f0                CAN1_RX0_IRQHandler
                0x080038f0                FPU_IRQHandler
                0x080038f0                OTG_HS_WKUP_IRQHandler
                0x080038f0                CAN3_SCE_IRQHandler
                0x080038f0                LTDC_ER_IRQHandler
                0x080038f0                CAN2_SCE_IRQHandler
                0x080038f0                DMA2_Stream2_IRQHandler
                0x080038f0                SPI1_IRQHandler
                0x080038f0                TIM6_DAC_IRQHandler
                0x080038f0                TIM1_BRK_TIM9_IRQHandler
                0x080038f0                DCMI_IRQHandler
                0x080038f0                CAN2_RX0_IRQHandler
                0x080038f0                DMA2_Stream3_IRQHandler
                0x080038f0                SAI2_IRQHandler
                0x080038f0                DFSDM1_FLT3_IRQHandler
                0x080038f0                USART6_IRQHandler
                0x080038f0                CAN3_RX0_IRQHandler
                0x080038f0                USART3_IRQHandler
                0x080038f0                CAN1_RX1_IRQHandler
                0x080038f0                UART5_IRQHandler
                0x080038f0                DMA2_Stream0_IRQHandler
                0x080038f0                TIM4_IRQHandler
                0x080038f0                QUADSPI_IRQHandler
                0x080038f0                I2C1_EV_IRQHandler
                0x080038f0                DMA1_Stream6_IRQHandler
                0x080038f0                DMA1_Stream1_IRQHandler
                0x080038f0                UART4_IRQHandler
                0x080038f0                TIM3_IRQHandler
                0x080038f0                RCC_IRQHandler
                0x080038f0                TIM8_BRK_TIM12_IRQHandler
                0x080038f0                Default_Handler
                0x080038f0                CEC_IRQHandler
                0x080038f0                EXTI15_10_IRQHandler
                0x080038f0                ADC_IRQHandler
                0x080038f0                DMA1_Stream7_IRQHandler
                0x080038f0                SPI5_IRQHandler
                0x080038f0                TIM7_IRQHandler
                0x080038f0                SDMMC1_IRQHandler
                0x080038f0                CAN2_TX_IRQHandler
                0x080038f0                TIM5_IRQHandler
                0x080038f0                DMA2_Stream7_IRQHandler
                0x080038f0                I2C3_EV_IRQHandler
                0x080038f0                EXTI9_5_IRQHandler
                0x080038f0                RTC_WKUP_IRQHandler
                0x080038f0                LTDC_IRQHandler
                0x080038f0                ETH_WKUP_IRQHandler
                0x080038f0                SPDIF_RX_IRQHandler
                0x080038f0                SPI2_IRQHandler
                0x080038f0                OTG_HS_EP1_IN_IRQHandler
                0x080038f0                DMA1_Stream0_IRQHandler
                0x080038f0                CAN1_TX_IRQHandler
                0x080038f0                EXTI4_IRQHandler
                0x080038f0                RNG_IRQHandler
                0x080038f0                ETH_IRQHandler
                0x080038f0                OTG_HS_EP1_OUT_IRQHandler
                0x080038f0                WWDG_IRQHandler
                0x080038f0                SPI6_IRQHandler
                0x080038f0                MDIOS_IRQHandler
                0x080038f0                I2C4_EV_IRQHandler
                0x080038f0                CAN3_TX_IRQHandler
                0x080038f0                TIM2_IRQHandler
                0x080038f0                OTG_FS_WKUP_IRQHandler
                0x080038f0                TIM1_TRG_COM_TIM11_IRQHandler
                0x080038f0                OTG_HS_IRQHandler
                0x080038f0                DMA2D_IRQHandler
                0x080038f0                EXTI1_IRQHandler
                0x080038f0                SDMMC2_IRQHandler
                0x080038f0                UART7_IRQHandler
                0x080038f0                USART2_IRQHandler
                0x080038f0                DFSDM1_FLT0_IRQHandler
                0x080038f0                I2C2_ER_IRQHandler
                0x080038f0                DMA2_Stream1_IRQHandler
                0x080038f0                CAN1_SCE_IRQHandler
                0x080038f0                FLASH_IRQHandler
                0x080038f0                DMA2_Stream4_IRQHandler
                0x080038f0                USART1_IRQHandler
                0x080038f0                OTG_FS_IRQHandler
                0x080038f0                SPI3_IRQHandler
                0x080038f0                DMA1_Stream4_IRQHandler
                0x080038f0                I2C1_ER_IRQHandler
                0x080038f0                FMC_IRQHandler
                0x080038f0                LPTIM1_IRQHandler
                0x080038f0                I2C4_ER_IRQHandler
                0x080038f0                DMA2_Stream6_IRQHandler
                0x080038f0                SAI1_IRQHandler
                0x080038f0                DMA1_Stream3_IRQHandler
 *fill*         0x080038f2        0x2 
 .text.LED_Init
                0x080038f4       0x88 CMakeFiles/BOOT.dir/APP/LED/led.c.obj
                0x080038f4                LED_Init
 .text.LED_Off  0x0800397c       0x3c CMakeFiles/BOOT.dir/APP/LED/led.c.obj
                0x0800397c                LED_Off
 .text.LED_Toggle
                0x080039b8       0x38 CMakeFiles/BOOT.dir/APP/LED/led.c.obj
                0x080039b8                LED_Toggle
 .text.LED_AllOff
                0x080039f0       0x14 CMakeFiles/BOOT.dir/APP/LED/led.c.obj
                0x080039f0                LED_AllOff
 .text.LED_Blink
                0x08003a04       0x48 CMakeFiles/BOOT.dir/APP/LED/led.c.obj
                0x08003a04                LED_Blink
 .text.Printf_Init
                0x08003a4c        0xe CMakeFiles/BOOT.dir/APP/Printf/printf.c.obj
                0x08003a4c                Printf_Init
 *fill*         0x08003a5a        0x2 
 .text.__io_putchar
                0x08003a5c       0x24 CMakeFiles/BOOT.dir/APP/Printf/printf.c.obj
                0x08003a5c                __io_putchar
 .text.KEY_Init
                0x08003a80       0x78 CMakeFiles/BOOT.dir/APP/KEY/key.c.obj
                0x08003a80                KEY_Init
 .text.KEY_Read
                0x08003af8       0x68 CMakeFiles/BOOT.dir/APP/KEY/key.c.obj
                0x08003af8                KEY_Read
 .text.KEY_IsPressed
                0x08003b60       0x26 CMakeFiles/BOOT.dir/APP/KEY/key.c.obj
                0x08003b60                KEY_IsPressed
 *fill*         0x08003b86        0x2 
 .text.FLASH_WriteWord
                0x08003b88       0x4c CMakeFiles/BOOT.dir/APP/FLASH/flash.c.obj
                0x08003b88                FLASH_WriteWord
 .text.FLASH_ReadWord
                0x08003bd4       0x18 CMakeFiles/BOOT.dir/APP/FLASH/flash.c.obj
                0x08003bd4                FLASH_ReadWord
 .text.BOOT_EnterBootloaderMode
                0x08003bec       0x30 CMakeFiles/BOOT.dir/APP/FLASH/flash.c.obj
                0x08003bec                BOOT_EnterBootloaderMode
 .text.BOOT_CheckEnterBootloader
                0x08003c1c       0xa0 CMakeFiles/BOOT.dir/APP/FLASH/flash.c.obj
                0x08003c1c                BOOT_CheckEnterBootloader
 .text.BOOT_JumpToApp
                0x08003cbc       0x94 CMakeFiles/BOOT.dir/APP/FLASH/flash.c.obj
                0x08003cbc                BOOT_JumpToApp
 .text.BOOT_VerifyAppFirmware
                0x08003d50       0x98 CMakeFiles/BOOT.dir/APP/FLASH/flash.c.obj
                0x08003d50                BOOT_VerifyAppFirmware
 .text.BOOT_SetFlag
                0x08003de8       0x1c CMakeFiles/BOOT.dir/APP/FLASH/flash.c.obj
                0x08003de8                BOOT_SetFlag
 .text.BOOT_GetFlag
                0x08003e04       0x14 CMakeFiles/BOOT.dir/APP/FLASH/flash.c.obj
                0x08003e04                BOOT_GetFlag
 .text.YMODEM_Init
                0x08003e18       0x84 CMakeFiles/BOOT.dir/bootloader/ymodem.c.obj
                0x08003e18                YMODEM_Init
 .text.GenerateResponse
                0x08003e9c      0x108 CMakeFiles/BOOT.dir/bootloader/ymodem.c.obj
 .text.YMODEM_Abort
                0x08003fa4       0x38 CMakeFiles/BOOT.dir/bootloader/ymodem.c.obj
                0x08003fa4                YMODEM_Abort
 .text.YMODEM_ReceiveByte
                0x08003fdc      0x1b8 CMakeFiles/BOOT.dir/bootloader/ymodem.c.obj
                0x08003fdc                YMODEM_ReceiveByte
 .text.YMODEM_ProcessPacket
                0x08004194       0x70 CMakeFiles/BOOT.dir/bootloader/ymodem.c.obj
 .text.YMODEM_ProcessDataPacket
                0x08004204       0xd0 CMakeFiles/BOOT.dir/bootloader/ymodem.c.obj
 .text.YMODEM_ProcessFirstPacket
                0x080042d4      0x118 CMakeFiles/BOOT.dir/bootloader/ymodem.c.obj
 .text.Str2Int  0x080043ec       0x92 CMakeFiles/BOOT.dir/bootloader/ymodem.c.obj
 .text.crc_update
                0x0800447e       0x44 CMakeFiles/BOOT.dir/bootloader/ymodem.c.obj
 .text.crc16    0x080044c2       0x78 CMakeFiles/BOOT.dir/bootloader/ymodem.c.obj
 *fill*         0x0800453a        0x2 
 .text.YMODEM_CheckCRC
                0x0800453c       0x84 CMakeFiles/BOOT.dir/bootloader/ymodem.c.obj
 .text.std      0x080045c0       0x6c D:/ST/STM32CubeCLT_1.18.0/GNU-tools-for-STM32/bin/../lib/gcc/arm-none-eabi/13.3.1/../../../../arm-none-eabi/lib/thumb/v7e-m+dp/hard\libg_nano.a(libc_a-findfp.o)
 .text.stdio_exit_handler
                0x0800462c       0x18 D:/ST/STM32CubeCLT_1.18.0/GNU-tools-for-STM32/bin/../lib/gcc/arm-none-eabi/13.3.1/../../../../arm-none-eabi/lib/thumb/v7e-m+dp/hard\libg_nano.a(libc_a-findfp.o)
 .text.cleanup_stdio
                0x08004644       0x40 D:/ST/STM32CubeCLT_1.18.0/GNU-tools-for-STM32/bin/../lib/gcc/arm-none-eabi/13.3.1/../../../../arm-none-eabi/lib/thumb/v7e-m+dp/hard\libg_nano.a(libc_a-findfp.o)
 .text.global_stdio_init.part.0
                0x08004684       0x3c D:/ST/STM32CubeCLT_1.18.0/GNU-tools-for-STM32/bin/../lib/gcc/arm-none-eabi/13.3.1/../../../../arm-none-eabi/lib/thumb/v7e-m+dp/hard\libg_nano.a(libc_a-findfp.o)
 .text.__sfp_lock_acquire
                0x080046c0        0xc D:/ST/STM32CubeCLT_1.18.0/GNU-tools-for-STM32/bin/../lib/gcc/arm-none-eabi/13.3.1/../../../../arm-none-eabi/lib/thumb/v7e-m+dp/hard\libg_nano.a(libc_a-findfp.o)
                0x080046c0                __sfp_lock_acquire
 .text.__sfp_lock_release
                0x080046cc        0xc D:/ST/STM32CubeCLT_1.18.0/GNU-tools-for-STM32/bin/../lib/gcc/arm-none-eabi/13.3.1/../../../../arm-none-eabi/lib/thumb/v7e-m+dp/hard\libg_nano.a(libc_a-findfp.o)
                0x080046cc                __sfp_lock_release
 .text.__sinit  0x080046d8       0x30 D:/ST/STM32CubeCLT_1.18.0/GNU-tools-for-STM32/bin/../lib/gcc/arm-none-eabi/13.3.1/../../../../arm-none-eabi/lib/thumb/v7e-m+dp/hard\libg_nano.a(libc_a-findfp.o)
                0x080046d8                __sinit
 .text._fwalk_sglue
                0x08004708       0x3c D:/ST/STM32CubeCLT_1.18.0/GNU-tools-for-STM32/bin/../lib/gcc/arm-none-eabi/13.3.1/../../../../arm-none-eabi/lib/thumb/v7e-m+dp/hard\libg_nano.a(libc_a-fwalk.o)
                0x08004708                _fwalk_sglue
 .text.printf   0x08004744       0x24 D:/ST/STM32CubeCLT_1.18.0/GNU-tools-for-STM32/bin/../lib/gcc/arm-none-eabi/13.3.1/../../../../arm-none-eabi/lib/thumb/v7e-m+dp/hard\libg_nano.a(libc_a-printf.o)
                0x08004744                iprintf
                0x08004744                printf
 .text._puts_r  0x08004768       0xaa D:/ST/STM32CubeCLT_1.18.0/GNU-tools-for-STM32/bin/../lib/gcc/arm-none-eabi/13.3.1/../../../../arm-none-eabi/lib/thumb/v7e-m+dp/hard\libg_nano.a(libc_a-puts.o)
                0x08004768                _puts_r
 *fill*         0x08004812        0x2 
 .text.puts     0x08004814       0x10 D:/ST/STM32CubeCLT_1.18.0/GNU-tools-for-STM32/bin/../lib/gcc/arm-none-eabi/13.3.1/../../../../arm-none-eabi/lib/thumb/v7e-m+dp/hard\libg_nano.a(libc_a-puts.o)
                0x08004814                puts
 .text.__sread  0x08004824       0x22 D:/ST/STM32CubeCLT_1.18.0/GNU-tools-for-STM32/bin/../lib/gcc/arm-none-eabi/13.3.1/../../../../arm-none-eabi/lib/thumb/v7e-m+dp/hard\libg_nano.a(libc_a-stdio.o)
                0x08004824                __sread
 .text.__swrite
                0x08004846       0x38 D:/ST/STM32CubeCLT_1.18.0/GNU-tools-for-STM32/bin/../lib/gcc/arm-none-eabi/13.3.1/../../../../arm-none-eabi/lib/thumb/v7e-m+dp/hard\libg_nano.a(libc_a-stdio.o)
                0x08004846                __swrite
 .text.__sseek  0x0800487e       0x24 D:/ST/STM32CubeCLT_1.18.0/GNU-tools-for-STM32/bin/../lib/gcc/arm-none-eabi/13.3.1/../../../../arm-none-eabi/lib/thumb/v7e-m+dp/hard\libg_nano.a(libc_a-stdio.o)
                0x0800487e                __sseek
 .text.__sclose
                0x080048a2        0x8 D:/ST/STM32CubeCLT_1.18.0/GNU-tools-for-STM32/bin/../lib/gcc/arm-none-eabi/13.3.1/../../../../arm-none-eabi/lib/thumb/v7e-m+dp/hard\libg_nano.a(libc_a-stdio.o)
                0x080048a2                __sclose
 .text.__swbuf_r
                0x080048aa       0x7c D:/ST/STM32CubeCLT_1.18.0/GNU-tools-for-STM32/bin/../lib/gcc/arm-none-eabi/13.3.1/../../../../arm-none-eabi/lib/thumb/v7e-m+dp/hard\libg_nano.a(libc_a-wbuf.o)
                0x080048aa                __swbuf_r
 *fill*         0x08004926        0x2 
 .text.__swsetup_r
                0x08004928       0xac D:/ST/STM32CubeCLT_1.18.0/GNU-tools-for-STM32/bin/../lib/gcc/arm-none-eabi/13.3.1/../../../../arm-none-eabi/lib/thumb/v7e-m+dp/hard\libg_nano.a(libc_a-wsetup.o)
                0x08004928                __swsetup_r
 .text.memcmp   0x080049d4       0x20 D:/ST/STM32CubeCLT_1.18.0/GNU-tools-for-STM32/bin/../lib/gcc/arm-none-eabi/13.3.1/../../../../arm-none-eabi/lib/thumb/v7e-m+dp/hard\libg_nano.a(libc_a-memcmp.o)
                0x080049d4                memcmp
 .text.memset   0x080049f4       0x10 D:/ST/STM32CubeCLT_1.18.0/GNU-tools-for-STM32/bin/../lib/gcc/arm-none-eabi/13.3.1/../../../../arm-none-eabi/lib/thumb/v7e-m+dp/hard\libg_nano.a(libc_a-memset.o)
                0x080049f4                memset
 .text._close_r
                0x08004a04       0x20 D:/ST/STM32CubeCLT_1.18.0/GNU-tools-for-STM32/bin/../lib/gcc/arm-none-eabi/13.3.1/../../../../arm-none-eabi/lib/thumb/v7e-m+dp/hard\libg_nano.a(libc_a-closer.o)
                0x08004a04                _close_r
 .text._lseek_r
                0x08004a24       0x24 D:/ST/STM32CubeCLT_1.18.0/GNU-tools-for-STM32/bin/../lib/gcc/arm-none-eabi/13.3.1/../../../../arm-none-eabi/lib/thumb/v7e-m+dp/hard\libg_nano.a(libc_a-lseekr.o)
                0x08004a24                _lseek_r
 .text._read_r  0x08004a48       0x24 D:/ST/STM32CubeCLT_1.18.0/GNU-tools-for-STM32/bin/../lib/gcc/arm-none-eabi/13.3.1/../../../../arm-none-eabi/lib/thumb/v7e-m+dp/hard\libg_nano.a(libc_a-readr.o)
                0x08004a48                _read_r
 .text._write_r
                0x08004a6c       0x24 D:/ST/STM32CubeCLT_1.18.0/GNU-tools-for-STM32/bin/../lib/gcc/arm-none-eabi/13.3.1/../../../../arm-none-eabi/lib/thumb/v7e-m+dp/hard\libg_nano.a(libc_a-writer.o)
                0x08004a6c                _write_r
 .text.__errno  0x08004a90        0xc D:/ST/STM32CubeCLT_1.18.0/GNU-tools-for-STM32/bin/../lib/gcc/arm-none-eabi/13.3.1/../../../../arm-none-eabi/lib/thumb/v7e-m+dp/hard\libg_nano.a(libc_a-errno.o)
                0x08004a90                __errno
 .text.__libc_init_array
                0x08004a9c       0x48 D:/ST/STM32CubeCLT_1.18.0/GNU-tools-for-STM32/bin/../lib/gcc/arm-none-eabi/13.3.1/../../../../arm-none-eabi/lib/thumb/v7e-m+dp/hard\libg_nano.a(libc_a-init.o)
                0x08004a9c                __libc_init_array
 .text.__retarget_lock_init_recursive
                0x08004ae4        0x2 D:/ST/STM32CubeCLT_1.18.0/GNU-tools-for-STM32/bin/../lib/gcc/arm-none-eabi/13.3.1/../../../../arm-none-eabi/lib/thumb/v7e-m+dp/hard\libg_nano.a(libc_a-lock.o)
                0x08004ae4                __retarget_lock_init_recursive
 .text.__retarget_lock_acquire_recursive
                0x08004ae6        0x2 D:/ST/STM32CubeCLT_1.18.0/GNU-tools-for-STM32/bin/../lib/gcc/arm-none-eabi/13.3.1/../../../../arm-none-eabi/lib/thumb/v7e-m+dp/hard\libg_nano.a(libc_a-lock.o)
                0x08004ae6                __retarget_lock_acquire_recursive
 .text.__retarget_lock_release_recursive
                0x08004ae8        0x2 D:/ST/STM32CubeCLT_1.18.0/GNU-tools-for-STM32/bin/../lib/gcc/arm-none-eabi/13.3.1/../../../../arm-none-eabi/lib/thumb/v7e-m+dp/hard\libg_nano.a(libc_a-lock.o)
                0x08004ae8                __retarget_lock_release_recursive
 *fill*         0x08004aea        0x2 
 .text._free_r  0x08004aec       0x94 D:/ST/STM32CubeCLT_1.18.0/GNU-tools-for-STM32/bin/../lib/gcc/arm-none-eabi/13.3.1/../../../../arm-none-eabi/lib/thumb/v7e-m+dp/hard\libg_nano.a(libc_a-freer.o)
                0x08004aec                _free_r
 .text.sbrk_aligned
                0x08004b80       0x44 D:/ST/STM32CubeCLT_1.18.0/GNU-tools-for-STM32/bin/../lib/gcc/arm-none-eabi/13.3.1/../../../../arm-none-eabi/lib/thumb/v7e-m+dp/hard\libg_nano.a(libc_a-mallocr.o)
 .text._malloc_r
                0x08004bc4      0x100 D:/ST/STM32CubeCLT_1.18.0/GNU-tools-for-STM32/bin/../lib/gcc/arm-none-eabi/13.3.1/../../../../arm-none-eabi/lib/thumb/v7e-m+dp/hard\libg_nano.a(libc_a-mallocr.o)
                0x08004bc4                _malloc_r
 .text.__malloc_lock
                0x08004cc4        0xc D:/ST/STM32CubeCLT_1.18.0/GNU-tools-for-STM32/bin/../lib/gcc/arm-none-eabi/13.3.1/../../../../arm-none-eabi/lib/thumb/v7e-m+dp/hard\libg_nano.a(libc_a-mlock.o)
                0x08004cc4                __malloc_lock
 .text.__malloc_unlock
                0x08004cd0        0xc D:/ST/STM32CubeCLT_1.18.0/GNU-tools-for-STM32/bin/../lib/gcc/arm-none-eabi/13.3.1/../../../../arm-none-eabi/lib/thumb/v7e-m+dp/hard\libg_nano.a(libc_a-mlock.o)
                0x08004cd0                __malloc_unlock
 .text.__sfputc_r
                0x08004cdc       0x2e D:/ST/STM32CubeCLT_1.18.0/GNU-tools-for-STM32/bin/../lib/gcc/arm-none-eabi/13.3.1/../../../../arm-none-eabi/lib/thumb/v7e-m+dp/hard\libg_nano.a(libc_a-nano-vfprintf.o)
 .text.__sfputs_r
                0x08004d0a       0x24 D:/ST/STM32CubeCLT_1.18.0/GNU-tools-for-STM32/bin/../lib/gcc/arm-none-eabi/13.3.1/../../../../arm-none-eabi/lib/thumb/v7e-m+dp/hard\libg_nano.a(libc_a-nano-vfprintf.o)
                0x08004d0a                __sfputs_r
 *fill*         0x08004d2e        0x2 
 .text._vfprintf_r
                0x08004d30      0x230 D:/ST/STM32CubeCLT_1.18.0/GNU-tools-for-STM32/bin/../lib/gcc/arm-none-eabi/13.3.1/../../../../arm-none-eabi/lib/thumb/v7e-m+dp/hard\libg_nano.a(libc_a-nano-vfprintf.o)
                0x08004d30                _vfprintf_r
                0x08004d30                _vfiprintf_r
 .text._printf_common
                0x08004f60       0xda D:/ST/STM32CubeCLT_1.18.0/GNU-tools-for-STM32/bin/../lib/gcc/arm-none-eabi/13.3.1/../../../../arm-none-eabi/lib/thumb/v7e-m+dp/hard\libg_nano.a(libc_a-nano-vfprintf_i.o)
                0x08004f60                _printf_common
 *fill*         0x0800503a        0x2 
 .text._printf_i
                0x0800503c      0x23c D:/ST/STM32CubeCLT_1.18.0/GNU-tools-for-STM32/bin/../lib/gcc/arm-none-eabi/13.3.1/../../../../arm-none-eabi/lib/thumb/v7e-m+dp/hard\libg_nano.a(libc_a-nano-vfprintf_i.o)
                0x0800503c                _printf_i
 .text.__sflush_r
                0x08005278      0x108 D:/ST/STM32CubeCLT_1.18.0/GNU-tools-for-STM32/bin/../lib/gcc/arm-none-eabi/13.3.1/../../../../arm-none-eabi/lib/thumb/v7e-m+dp/hard\libg_nano.a(libc_a-fflush.o)
                0x08005278                __sflush_r
 .text._fflush_r
                0x08005380       0x50 D:/ST/STM32CubeCLT_1.18.0/GNU-tools-for-STM32/bin/../lib/gcc/arm-none-eabi/13.3.1/../../../../arm-none-eabi/lib/thumb/v7e-m+dp/hard\libg_nano.a(libc_a-fflush.o)
                0x08005380                _fflush_r
 .text.__swhatbuf_r
                0x080053d0       0x4c D:/ST/STM32CubeCLT_1.18.0/GNU-tools-for-STM32/bin/../lib/gcc/arm-none-eabi/13.3.1/../../../../arm-none-eabi/lib/thumb/v7e-m+dp/hard\libg_nano.a(libc_a-makebuf.o)
                0x080053d0                __swhatbuf_r
 .text.__smakebuf_r
                0x0800541c       0x78 D:/ST/STM32CubeCLT_1.18.0/GNU-tools-for-STM32/bin/../lib/gcc/arm-none-eabi/13.3.1/../../../../arm-none-eabi/lib/thumb/v7e-m+dp/hard\libg_nano.a(libc_a-makebuf.o)
                0x0800541c                __smakebuf_r
 .text._fstat_r
                0x08005494       0x24 D:/ST/STM32CubeCLT_1.18.0/GNU-tools-for-STM32/bin/../lib/gcc/arm-none-eabi/13.3.1/../../../../arm-none-eabi/lib/thumb/v7e-m+dp/hard\libg_nano.a(libc_a-fstatr.o)
                0x08005494                _fstat_r
 .text._isatty_r
                0x080054b8       0x20 D:/ST/STM32CubeCLT_1.18.0/GNU-tools-for-STM32/bin/../lib/gcc/arm-none-eabi/13.3.1/../../../../arm-none-eabi/lib/thumb/v7e-m+dp/hard\libg_nano.a(libc_a-isattyr.o)
                0x080054b8                _isatty_r
 .text._sbrk_r  0x080054d8       0x20 D:/ST/STM32CubeCLT_1.18.0/GNU-tools-for-STM32/bin/../lib/gcc/arm-none-eabi/13.3.1/../../../../arm-none-eabi/lib/thumb/v7e-m+dp/hard\libg_nano.a(libc_a-sbrkr.o)
                0x080054d8                _sbrk_r
 *(.glue_7)
 .glue_7        0x080054f8        0x0 linker stubs
 *(.glue_7t)
 .glue_7t       0x080054f8        0x0 linker stubs
 *(.eh_frame)
 .eh_frame      0x080054f8        0x0 D:/ST/STM32CubeCLT_1.18.0/GNU-tools-for-STM32/bin/../lib/gcc/arm-none-eabi/13.3.1/thumb/v7e-m+dp/hard/crtbegin.o
 *(.init)
 .init          0x080054f8        0x4 D:/ST/STM32CubeCLT_1.18.0/GNU-tools-for-STM32/bin/../lib/gcc/arm-none-eabi/13.3.1/thumb/v7e-m+dp/hard/crti.o
                0x080054f8                _init
 .init          0x080054fc        0x8 D:/ST/STM32CubeCLT_1.18.0/GNU-tools-for-STM32/bin/../lib/gcc/arm-none-eabi/13.3.1/thumb/v7e-m+dp/hard/crtn.o
 *(.fini)
 .fini          0x08005504        0x4 D:/ST/STM32CubeCLT_1.18.0/GNU-tools-for-STM32/bin/../lib/gcc/arm-none-eabi/13.3.1/thumb/v7e-m+dp/hard/crti.o
                0x08005504                _fini
 .fini          0x08005508        0x8 D:/ST/STM32CubeCLT_1.18.0/GNU-tools-for-STM32/bin/../lib/gcc/arm-none-eabi/13.3.1/thumb/v7e-m+dp/hard/crtn.o
                0x08005510                        . = ALIGN (0x4)
                0x08005510                        _etext = .

.vfp11_veneer   0x08005510        0x0
 .vfp11_veneer  0x08005510        0x0 linker stubs

.v4_bx          0x08005510        0x0
 .v4_bx         0x08005510        0x0 linker stubs

.iplt           0x08005510        0x0
 .iplt          0x08005510        0x0 D:/ST/STM32CubeCLT_1.18.0/GNU-tools-for-STM32/bin/../lib/gcc/arm-none-eabi/13.3.1/thumb/v7e-m+dp/hard/crtbegin.o

.rodata         0x08005510      0x430
                0x08005510                        . = ALIGN (0x4)
 *(.rodata)
 .rodata        0x08005510      0x16f CMakeFiles/BOOT.dir/Core/Src/main.c.obj
 *fill*         0x0800567f        0x1 
 .rodata        0x08005680      0x271 CMakeFiles/BOOT.dir/APP/FLASH/flash.c.obj
 *(.rodata*)
 *fill*         0x080058f1        0x3 
 .rodata.AHBPrescTable
                0x080058f4       0x10 cmake/stm32cubemx/CMakeFiles/STM32_Drivers.dir/__/__/Core/Src/system_stm32f7xx.c.obj
                0x080058f4                AHBPrescTable
 .rodata.APBPrescTable
                0x08005904        0x8 cmake/stm32cubemx/CMakeFiles/STM32_Drivers.dir/__/__/Core/Src/system_stm32f7xx.c.obj
                0x08005904                APBPrescTable
 .rodata._vfprintf_r.str1.1
                0x0800590c       0x33 D:/ST/STM32CubeCLT_1.18.0/GNU-tools-for-STM32/bin/../lib/gcc/arm-none-eabi/13.3.1/../../../../arm-none-eabi/lib/thumb/v7e-m+dp/hard\libg_nano.a(libc_a-nano-vfprintf.o)
                                 0x11 (size before relaxing)
 .rodata._printf_i.str1.1
                0x0800593f       0x22 D:/ST/STM32CubeCLT_1.18.0/GNU-tools-for-STM32/bin/../lib/gcc/arm-none-eabi/13.3.1/../../../../arm-none-eabi/lib/thumb/v7e-m+dp/hard\libg_nano.a(libc_a-nano-vfprintf_i.o)
                0x08005964                        . = ALIGN (0x4)
 *fill*         0x0800593f        0x1 

.ARM.extab      0x08005940        0x0
                0x08005940                        . = ALIGN (0x4)
 *(.ARM.extab* .gnu.linkonce.armextab.*)
                0x08005940                        . = ALIGN (0x4)

.ARM            0x08005940        0x8
                0x08005940                        . = ALIGN (0x4)
                0x08005940                        __exidx_start = .
 *(.ARM.exidx*)
 .ARM.exidx     0x08005940        0x8 D:/ST/STM32CubeCLT_1.18.0/GNU-tools-for-STM32/bin/../lib/gcc/arm-none-eabi/13.3.1/thumb/v7e-m+dp/hard\libgcc.a(_udivmoddi4.o)
 .ARM.exidx     0x08005948        0x0 D:/ST/STM32CubeCLT_1.18.0/GNU-tools-for-STM32/bin/../lib/gcc/arm-none-eabi/13.3.1/../../../../arm-none-eabi/lib/thumb/v7e-m+dp/hard\libg_nano.a(libc_a-memchr.o)
                                  0x8 (size before relaxing)
                0x08005948                        __exidx_end = .
                0x08005948                        . = ALIGN (0x4)

.preinit_array  0x08005948        0x0
                0x08005948                        . = ALIGN (0x4)
                0x08005948                        PROVIDE (__preinit_array_start = .)
 *(.preinit_array*)
                0x08005948                        PROVIDE (__preinit_array_end = .)
                0x08005948                        . = ALIGN (0x4)

.init_array     0x08005948        0x4
                0x08005948                        . = ALIGN (0x4)
                0x08005948                        PROVIDE (__init_array_start = .)
 *(SORT_BY_NAME(.init_array.*))
 *(.init_array*)
 .init_array    0x08005948        0x4 D:/ST/STM32CubeCLT_1.18.0/GNU-tools-for-STM32/bin/../lib/gcc/arm-none-eabi/13.3.1/thumb/v7e-m+dp/hard/crtbegin.o
                0x0800594c                        PROVIDE (__init_array_end = .)
                0x0800594c                        . = ALIGN (0x4)

.fini_array     0x0800594c        0x4
                0x0800594c                        . = ALIGN (0x4)
                [!provide]                        PROVIDE (__fini_array_start = .)
 *(SORT_BY_NAME(.fini_array.*))
 *(.fini_array*)
 .fini_array    0x0800594c        0x4 D:/ST/STM32CubeCLT_1.18.0/GNU-tools-for-STM32/bin/../lib/gcc/arm-none-eabi/13.3.1/thumb/v7e-m+dp/hard/crtbegin.o
                [!provide]                        PROVIDE (__fini_array_end = .)
                0x08005950                        . = ALIGN (0x4)
                0x08005950                        _sidata = LOADADDR (.data)

.rel.dyn        0x08005950        0x0
 .rel.iplt      0x08005950        0x0 D:/ST/STM32CubeCLT_1.18.0/GNU-tools-for-STM32/bin/../lib/gcc/arm-none-eabi/13.3.1/thumb/v7e-m+dp/hard/crtbegin.o

.data           0x20000000       0x68 load address 0x08005950
                0x20000000                        . = ALIGN (0x4)
                0x20000000                        _sdata = .
 *(.data)
 *(.data*)
 .data.SystemCoreClock
                0x20000000        0x4 cmake/stm32cubemx/CMakeFiles/STM32_Drivers.dir/__/__/Core/Src/system_stm32f7xx.c.obj
                0x20000000                SystemCoreClock
 .data.uwTickPrio
                0x20000004        0x4 cmake/stm32cubemx/CMakeFiles/STM32_Drivers.dir/__/__/Drivers/STM32F7xx_HAL_Driver/Src/stm32f7xx_hal.c.obj
                0x20000004                uwTickPrio
 .data.uwTickFreq
                0x20000008        0x1 cmake/stm32cubemx/CMakeFiles/STM32_Drivers.dir/__/__/Drivers/STM32F7xx_HAL_Driver/Src/stm32f7xx_hal.c.obj
                0x20000008                uwTickFreq
 *fill*         0x20000009        0x3 
 .data.__sglue  0x2000000c        0xc D:/ST/STM32CubeCLT_1.18.0/GNU-tools-for-STM32/bin/../lib/gcc/arm-none-eabi/13.3.1/../../../../arm-none-eabi/lib/thumb/v7e-m+dp/hard\libg_nano.a(libc_a-findfp.o)
                0x2000000c                __sglue
 .data._impure_ptr
                0x20000018        0x4 D:/ST/STM32CubeCLT_1.18.0/GNU-tools-for-STM32/bin/../lib/gcc/arm-none-eabi/13.3.1/../../../../arm-none-eabi/lib/thumb/v7e-m+dp/hard\libg_nano.a(libc_a-impure.o)
                0x20000018                _impure_ptr
 .data._impure_data
                0x2000001c       0x4c D:/ST/STM32CubeCLT_1.18.0/GNU-tools-for-STM32/bin/../lib/gcc/arm-none-eabi/13.3.1/../../../../arm-none-eabi/lib/thumb/v7e-m+dp/hard\libg_nano.a(libc_a-impure.o)
                0x2000001c                _impure_data
 *(.RamFunc)
 *(.RamFunc*)
                0x20000068                        . = ALIGN (0x4)

.igot.plt       0x20000068        0x0 load address 0x080059b8
 .igot.plt      0x20000068        0x0 D:/ST/STM32CubeCLT_1.18.0/GNU-tools-for-STM32/bin/../lib/gcc/arm-none-eabi/13.3.1/thumb/v7e-m+dp/hard/crtbegin.o

.tdata          0x20000068        0x0 load address 0x080059b8
 *(.tdata .tdata.* .gnu.linkonce.td.*)
                0x20000068                        . = ALIGN (0x4)
                0x20000068                        _edata = .
                [!provide]                        PROVIDE (__data_end = .)
                [!provide]                        PROVIDE (__tdata_end = .)
                [!provide]                        PROVIDE (__tdata_start = ADDR (.tdata))
                [!provide]                        PROVIDE (__tdata_size = (__tdata_end - __tdata_start))
                [!provide]                        PROVIDE (__data_start = ADDR (.data))
                [!provide]                        PROVIDE (__data_size = (__data_end - __data_start))
                [!provide]                        PROVIDE (__tdata_source = LOADADDR (.tdata))
                [!provide]                        PROVIDE (__tdata_source_end = (LOADADDR (.tdata) + SIZEOF (.tdata)))
                [!provide]                        PROVIDE (__tdata_source_size = (__tdata_source_end - __tdata_source))
                [!provide]                        PROVIDE (__data_source = LOADADDR (.data))
                [!provide]                        PROVIDE (__data_source_end = __tdata_source_end)
                [!provide]                        PROVIDE (__data_source_size = (__data_source_end - __data_source))

.tbss           0x20000068        0x0 load address 0x080059b8
                0x20000068                        _sbss = .
                0x20000068                        __bss_start__ = _sbss
 *(.tbss .tbss.*)
                0x20000068                        . = ALIGN (0x4)
                [!provide]                        PROVIDE (__tbss_end = .)
                [!provide]                        PROVIDE (__tbss_start = ADDR (.tbss))
                [!provide]                        PROVIDE (__tbss_size = (__tbss_end - __tbss_start))
                [!provide]                        PROVIDE (__tbss_offset = (ADDR (.tbss) - ADDR (.tdata)))
                [!provide]                        PROVIDE (__tls_base = __tdata_start)
                [!provide]                        PROVIDE (__tls_end = __tbss_end)
                [!provide]                        PROVIDE (__tls_size = (__tls_end - __tls_base))
                [!provide]                        PROVIDE (__tls_align = MAX (ALIGNOF (.tdata), ALIGNOF (.tbss)))
                [!provide]                        PROVIDE (__tls_size_align = (((__tls_size + __tls_align) - 0x1) & ~ ((__tls_align - 0x1))))
                [!provide]                        PROVIDE (__arm32_tls_tcb_offset = MAX (0x8, __tls_align))
                [!provide]                        PROVIDE (__arm64_tls_tcb_offset = MAX (0x10, __tls_align))

.bss            0x20000068      0x760 load address 0x080059b8
 *(.bss)
 .bss           0x20000068       0x1c D:/ST/STM32CubeCLT_1.18.0/GNU-tools-for-STM32/bin/../lib/gcc/arm-none-eabi/13.3.1/thumb/v7e-m+dp/hard/crtbegin.o
 *(.bss*)
 .bss.pFlash    0x20000084       0x1c cmake/stm32cubemx/CMakeFiles/STM32_Drivers.dir/__/__/Drivers/STM32F7xx_HAL_Driver/Src/stm32f7xx_hal_flash.c.obj
                0x20000084                pFlash
 .bss.uwTick    0x200000a0        0x4 cmake/stm32cubemx/CMakeFiles/STM32_Drivers.dir/__/__/Drivers/STM32F7xx_HAL_Driver/Src/stm32f7xx_hal.c.obj
                0x200000a0                uwTick
 .bss.rx_byte   0x200000a4        0x1 CMakeFiles/BOOT.dir/Core/Src/main.c.obj
 *fill*         0x200000a5        0x3 
 .bss.tx_buffer
                0x200000a8       0x10 CMakeFiles/BOOT.dir/Core/Src/main.c.obj
 .bss.tx_len    0x200000b8        0x1 CMakeFiles/BOOT.dir/Core/Src/main.c.obj
 .bss.ym_ret    0x200000b9        0x1 CMakeFiles/BOOT.dir/Core/Src/main.c.obj
 .bss.bIsBootloader
                0x200000ba        0x1 CMakeFiles/BOOT.dir/Core/Src/main.c.obj
 *fill*         0x200000bb        0x1 
 .bss.huart2    0x200000bc       0x88 CMakeFiles/BOOT.dir/Core/Src/usart.c.obj
                0x200000bc                huart2
 .bss.__sbrk_heap_end
                0x20000144        0x4 CMakeFiles/BOOT.dir/Core/Src/sysmem.c.obj
 .bss.key_state
                0x20000148        0x1 CMakeFiles/BOOT.dir/APP/KEY/key.c.obj
 *fill*         0x20000149        0x3 
 .bss.packet_data
                0x2000014c      0x405 CMakeFiles/BOOT.dir/bootloader/ymodem.c.obj
 *fill*         0x20000551        0x3 
 .bss.fileName  0x20000554      0x100 CMakeFiles/BOOT.dir/bootloader/ymodem.c.obj
 .bss.fileSizeStr
                0x20000654       0x10 CMakeFiles/BOOT.dir/bootloader/ymodem.c.obj
 .bss.fileSize  0x20000664        0x4 CMakeFiles/BOOT.dir/bootloader/ymodem.c.obj
 .bss.prevC     0x20000668        0x1 CMakeFiles/BOOT.dir/bootloader/ymodem.c.obj
 .bss.startOfPacket
                0x20000669        0x1 CMakeFiles/BOOT.dir/bootloader/ymodem.c.obj
 .bss.eotReceived
                0x2000066a        0x1 CMakeFiles/BOOT.dir/bootloader/ymodem.c.obj
 *fill*         0x2000066b        0x1 
 .bss.packetBytes
                0x2000066c        0x2 CMakeFiles/BOOT.dir/bootloader/ymodem.c.obj
 .bss.packetSize
                0x2000066e        0x2 CMakeFiles/BOOT.dir/bootloader/ymodem.c.obj
 .bss.packetsReceived
                0x20000670        0x4 CMakeFiles/BOOT.dir/bootloader/ymodem.c.obj
 .bss.flashAddr
                0x20000674        0x4 CMakeFiles/BOOT.dir/bootloader/ymodem.c.obj
 .bss.nextStatus
                0x20000678        0x1 CMakeFiles/BOOT.dir/bootloader/ymodem.c.obj
 *fill*         0x20000679        0x3 
 .bss.__sf      0x2000067c      0x138 D:/ST/STM32CubeCLT_1.18.0/GNU-tools-for-STM32/bin/../lib/gcc/arm-none-eabi/13.3.1/../../../../arm-none-eabi/lib/thumb/v7e-m+dp/hard\libg_nano.a(libc_a-findfp.o)
                0x2000067c                __sf
 .bss.__stdio_exit_handler
                0x200007b4        0x4 D:/ST/STM32CubeCLT_1.18.0/GNU-tools-for-STM32/bin/../lib/gcc/arm-none-eabi/13.3.1/../../../../arm-none-eabi/lib/thumb/v7e-m+dp/hard\libg_nano.a(libc_a-findfp.o)
                0x200007b4                __stdio_exit_handler
 .bss.errno     0x200007b8        0x4 D:/ST/STM32CubeCLT_1.18.0/GNU-tools-for-STM32/bin/../lib/gcc/arm-none-eabi/13.3.1/../../../../arm-none-eabi/lib/thumb/v7e-m+dp/hard\libg_nano.a(libc_a-reent.o)
                0x200007b8                errno
 .bss.__lock___malloc_recursive_mutex
                0x200007bc        0x1 D:/ST/STM32CubeCLT_1.18.0/GNU-tools-for-STM32/bin/../lib/gcc/arm-none-eabi/13.3.1/../../../../arm-none-eabi/lib/thumb/v7e-m+dp/hard\libg_nano.a(libc_a-lock.o)
                0x200007bc                __lock___malloc_recursive_mutex
 .bss.__lock___sfp_recursive_mutex
                0x200007bd        0x1 D:/ST/STM32CubeCLT_1.18.0/GNU-tools-for-STM32/bin/../lib/gcc/arm-none-eabi/13.3.1/../../../../arm-none-eabi/lib/thumb/v7e-m+dp/hard\libg_nano.a(libc_a-lock.o)
                0x200007bd                __lock___sfp_recursive_mutex
 *fill*         0x200007be        0x2 
 .bss.__malloc_sbrk_start
                0x200007c0        0x4 D:/ST/STM32CubeCLT_1.18.0/GNU-tools-for-STM32/bin/../lib/gcc/arm-none-eabi/13.3.1/../../../../arm-none-eabi/lib/thumb/v7e-m+dp/hard\libg_nano.a(libc_a-mallocr.o)
                0x200007c0                __malloc_sbrk_start
 .bss.__malloc_free_list
                0x200007c4        0x4 D:/ST/STM32CubeCLT_1.18.0/GNU-tools-for-STM32/bin/../lib/gcc/arm-none-eabi/13.3.1/../../../../arm-none-eabi/lib/thumb/v7e-m+dp/hard\libg_nano.a(libc_a-mallocr.o)
                0x200007c4                __malloc_free_list
 *(COMMON)
                0x200007c8                        . = ALIGN (0x4)
                0x200007c8                        _ebss = .
                0x200007c8                        __bss_end__ = _ebss
                [!provide]                        PROVIDE (__bss_end = .)
                [!provide]                        PROVIDE (__non_tls_bss_start = ADDR (.bss))
                [!provide]                        PROVIDE (__bss_start = __tbss_start)
                [!provide]                        PROVIDE (__bss_size = (__bss_end - __bss_start))

._user_heap_stack
                0x200007c8     0x1000 load address 0x080059b8
                0x200007c8                        . = ALIGN (0x8)
                [!provide]                        PROVIDE (end = .)
                0x200007c8                        PROVIDE (_end = .)
                0x20000fc8                        . = (. + _Min_Heap_Size)
 *fill*         0x200007c8      0x800 
                0x200017c8                        . = (. + _Min_Stack_Size)
 *fill*         0x20000fc8      0x800 
                0x200017c8                        . = ALIGN (0x8)

/DISCARD/
 libc.a:*(*)
 libm.a:*(*)
 libgcc.a:*(*)
OUTPUT(BOOT.elf elf32-littlearm)
LOAD linker stubs

.ARM.attributes
                0x00000000       0x2e
 .ARM.attributes
                0x00000000       0x20 D:/ST/STM32CubeCLT_1.18.0/GNU-tools-for-STM32/bin/../lib/gcc/arm-none-eabi/13.3.1/thumb/v7e-m+dp/hard/crti.o
 .ARM.attributes
                0x00000020       0x32 D:/ST/STM32CubeCLT_1.18.0/GNU-tools-for-STM32/bin/../lib/gcc/arm-none-eabi/13.3.1/thumb/v7e-m+dp/hard/crtbegin.o
 .ARM.attributes
                0x00000052       0x32 cmake/stm32cubemx/CMakeFiles/STM32_Drivers.dir/__/__/Core/Src/system_stm32f7xx.c.obj
 .ARM.attributes
                0x00000084       0x32 cmake/stm32cubemx/CMakeFiles/STM32_Drivers.dir/__/__/Drivers/STM32F7xx_HAL_Driver/Src/stm32f7xx_hal_cortex.c.obj
 .ARM.attributes
                0x000000b6       0x32 cmake/stm32cubemx/CMakeFiles/STM32_Drivers.dir/__/__/Drivers/STM32F7xx_HAL_Driver/Src/stm32f7xx_hal_uart.c.obj
 .ARM.attributes
                0x000000e8       0x32 cmake/stm32cubemx/CMakeFiles/STM32_Drivers.dir/__/__/Drivers/STM32F7xx_HAL_Driver/Src/stm32f7xx_hal_rcc.c.obj
 .ARM.attributes
                0x0000011a       0x32 cmake/stm32cubemx/CMakeFiles/STM32_Drivers.dir/__/__/Drivers/STM32F7xx_HAL_Driver/Src/stm32f7xx_hal_rcc_ex.c.obj
 .ARM.attributes
                0x0000014c       0x32 cmake/stm32cubemx/CMakeFiles/STM32_Drivers.dir/__/__/Drivers/STM32F7xx_HAL_Driver/Src/stm32f7xx_hal_flash.c.obj
 .ARM.attributes
                0x0000017e       0x32 cmake/stm32cubemx/CMakeFiles/STM32_Drivers.dir/__/__/Drivers/STM32F7xx_HAL_Driver/Src/stm32f7xx_hal_flash_ex.c.obj
 .ARM.attributes
                0x000001b0       0x32 cmake/stm32cubemx/CMakeFiles/STM32_Drivers.dir/__/__/Drivers/STM32F7xx_HAL_Driver/Src/stm32f7xx_hal_gpio.c.obj
 .ARM.attributes
                0x000001e2       0x32 cmake/stm32cubemx/CMakeFiles/STM32_Drivers.dir/__/__/Drivers/STM32F7xx_HAL_Driver/Src/stm32f7xx_hal_pwr_ex.c.obj
 .ARM.attributes
                0x00000214       0x32 cmake/stm32cubemx/CMakeFiles/STM32_Drivers.dir/__/__/Drivers/STM32F7xx_HAL_Driver/Src/stm32f7xx_hal.c.obj
 .ARM.attributes
                0x00000246       0x32 CMakeFiles/BOOT.dir/Core/Src/main.c.obj
 .ARM.attributes
                0x00000278       0x32 CMakeFiles/BOOT.dir/Core/Src/gpio.c.obj
 .ARM.attributes
                0x000002aa       0x32 CMakeFiles/BOOT.dir/Core/Src/usart.c.obj
 .ARM.attributes
                0x000002dc       0x32 CMakeFiles/BOOT.dir/Core/Src/stm32f7xx_it.c.obj
 .ARM.attributes
                0x0000030e       0x32 CMakeFiles/BOOT.dir/Core/Src/stm32f7xx_hal_msp.c.obj
 .ARM.attributes
                0x00000340       0x32 CMakeFiles/BOOT.dir/Core/Src/sysmem.c.obj
 .ARM.attributes
                0x00000372       0x32 CMakeFiles/BOOT.dir/Core/Src/syscalls.c.obj
 .ARM.attributes
                0x000003a4       0x21 CMakeFiles/BOOT.dir/startup_stm32f767xx.s.obj
 .ARM.attributes
                0x000003c5       0x32 CMakeFiles/BOOT.dir/APP/LED/led.c.obj
 .ARM.attributes
                0x000003f7       0x32 CMakeFiles/BOOT.dir/APP/Printf/printf.c.obj
 .ARM.attributes
                0x00000429       0x32 CMakeFiles/BOOT.dir/APP/KEY/key.c.obj
 .ARM.attributes
                0x0000045b       0x32 CMakeFiles/BOOT.dir/APP/FLASH/flash.c.obj
 .ARM.attributes
                0x0000048d       0x32 CMakeFiles/BOOT.dir/bootloader/ymodem.c.obj
 .ARM.attributes
                0x000004bf       0x20 D:/ST/STM32CubeCLT_1.18.0/GNU-tools-for-STM32/bin/../lib/gcc/arm-none-eabi/13.3.1/thumb/v7e-m+dp/hard\libgcc.a(_aeabi_uldivmod.o)
 .ARM.attributes
                0x000004df       0x32 D:/ST/STM32CubeCLT_1.18.0/GNU-tools-for-STM32/bin/../lib/gcc/arm-none-eabi/13.3.1/thumb/v7e-m+dp/hard\libgcc.a(_udivmoddi4.o)
 .ARM.attributes
                0x00000511       0x20 D:/ST/STM32CubeCLT_1.18.0/GNU-tools-for-STM32/bin/../lib/gcc/arm-none-eabi/13.3.1/thumb/v7e-m+dp/hard\libgcc.a(_dvmd_tls.o)
 .ARM.attributes
                0x00000531       0x32 D:/ST/STM32CubeCLT_1.18.0/GNU-tools-for-STM32/bin/../lib/gcc/arm-none-eabi/13.3.1/../../../../arm-none-eabi/lib/thumb/v7e-m+dp/hard\libg_nano.a(libc_a-findfp.o)
 .ARM.attributes
                0x00000563       0x32 D:/ST/STM32CubeCLT_1.18.0/GNU-tools-for-STM32/bin/../lib/gcc/arm-none-eabi/13.3.1/../../../../arm-none-eabi/lib/thumb/v7e-m+dp/hard\libg_nano.a(libc_a-fwalk.o)
 .ARM.attributes
                0x00000595       0x32 D:/ST/STM32CubeCLT_1.18.0/GNU-tools-for-STM32/bin/../lib/gcc/arm-none-eabi/13.3.1/../../../../arm-none-eabi/lib/thumb/v7e-m+dp/hard\libg_nano.a(libc_a-printf.o)
 .ARM.attributes
                0x000005c7       0x32 D:/ST/STM32CubeCLT_1.18.0/GNU-tools-for-STM32/bin/../lib/gcc/arm-none-eabi/13.3.1/../../../../arm-none-eabi/lib/thumb/v7e-m+dp/hard\libg_nano.a(libc_a-puts.o)
 .ARM.attributes
                0x000005f9       0x32 D:/ST/STM32CubeCLT_1.18.0/GNU-tools-for-STM32/bin/../lib/gcc/arm-none-eabi/13.3.1/../../../../arm-none-eabi/lib/thumb/v7e-m+dp/hard\libg_nano.a(libc_a-stdio.o)
 .ARM.attributes
                0x0000062b       0x32 D:/ST/STM32CubeCLT_1.18.0/GNU-tools-for-STM32/bin/../lib/gcc/arm-none-eabi/13.3.1/../../../../arm-none-eabi/lib/thumb/v7e-m+dp/hard\libg_nano.a(libc_a-wbuf.o)
 .ARM.attributes
                0x0000065d       0x32 D:/ST/STM32CubeCLT_1.18.0/GNU-tools-for-STM32/bin/../lib/gcc/arm-none-eabi/13.3.1/../../../../arm-none-eabi/lib/thumb/v7e-m+dp/hard\libg_nano.a(libc_a-wsetup.o)
 .ARM.attributes
                0x0000068f       0x32 D:/ST/STM32CubeCLT_1.18.0/GNU-tools-for-STM32/bin/../lib/gcc/arm-none-eabi/13.3.1/../../../../arm-none-eabi/lib/thumb/v7e-m+dp/hard\libg_nano.a(libc_a-memcmp.o)
 .ARM.attributes
                0x000006c1       0x32 D:/ST/STM32CubeCLT_1.18.0/GNU-tools-for-STM32/bin/../lib/gcc/arm-none-eabi/13.3.1/../../../../arm-none-eabi/lib/thumb/v7e-m+dp/hard\libg_nano.a(libc_a-memset.o)
 .ARM.attributes
                0x000006f3       0x32 D:/ST/STM32CubeCLT_1.18.0/GNU-tools-for-STM32/bin/../lib/gcc/arm-none-eabi/13.3.1/../../../../arm-none-eabi/lib/thumb/v7e-m+dp/hard\libg_nano.a(libc_a-closer.o)
 .ARM.attributes
                0x00000725       0x32 D:/ST/STM32CubeCLT_1.18.0/GNU-tools-for-STM32/bin/../lib/gcc/arm-none-eabi/13.3.1/../../../../arm-none-eabi/lib/thumb/v7e-m+dp/hard\libg_nano.a(libc_a-reent.o)
 .ARM.attributes
                0x00000757       0x32 D:/ST/STM32CubeCLT_1.18.0/GNU-tools-for-STM32/bin/../lib/gcc/arm-none-eabi/13.3.1/../../../../arm-none-eabi/lib/thumb/v7e-m+dp/hard\libg_nano.a(libc_a-impure.o)
 .ARM.attributes
                0x00000789       0x32 D:/ST/STM32CubeCLT_1.18.0/GNU-tools-for-STM32/bin/../lib/gcc/arm-none-eabi/13.3.1/../../../../arm-none-eabi/lib/thumb/v7e-m+dp/hard\libg_nano.a(libc_a-lseekr.o)
 .ARM.attributes
                0x000007bb       0x32 D:/ST/STM32CubeCLT_1.18.0/GNU-tools-for-STM32/bin/../lib/gcc/arm-none-eabi/13.3.1/../../../../arm-none-eabi/lib/thumb/v7e-m+dp/hard\libg_nano.a(libc_a-readr.o)
 .ARM.attributes
                0x000007ed       0x32 D:/ST/STM32CubeCLT_1.18.0/GNU-tools-for-STM32/bin/../lib/gcc/arm-none-eabi/13.3.1/../../../../arm-none-eabi/lib/thumb/v7e-m+dp/hard\libg_nano.a(libc_a-writer.o)
 .ARM.attributes
                0x0000081f       0x32 D:/ST/STM32CubeCLT_1.18.0/GNU-tools-for-STM32/bin/../lib/gcc/arm-none-eabi/13.3.1/../../../../arm-none-eabi/lib/thumb/v7e-m+dp/hard\libg_nano.a(libc_a-errno.o)
 .ARM.attributes
                0x00000851       0x32 D:/ST/STM32CubeCLT_1.18.0/GNU-tools-for-STM32/bin/../lib/gcc/arm-none-eabi/13.3.1/../../../../arm-none-eabi/lib/thumb/v7e-m+dp/hard\libg_nano.a(libc_a-init.o)
 .ARM.attributes
                0x00000883       0x32 D:/ST/STM32CubeCLT_1.18.0/GNU-tools-for-STM32/bin/../lib/gcc/arm-none-eabi/13.3.1/../../../../arm-none-eabi/lib/thumb/v7e-m+dp/hard\libg_nano.a(libc_a-lock.o)
 .ARM.attributes
                0x000008b5       0x32 D:/ST/STM32CubeCLT_1.18.0/GNU-tools-for-STM32/bin/../lib/gcc/arm-none-eabi/13.3.1/../../../../arm-none-eabi/lib/thumb/v7e-m+dp/hard\libg_nano.a(libc_a-freer.o)
 .ARM.attributes
                0x000008e7       0x32 D:/ST/STM32CubeCLT_1.18.0/GNU-tools-for-STM32/bin/../lib/gcc/arm-none-eabi/13.3.1/../../../../arm-none-eabi/lib/thumb/v7e-m+dp/hard\libg_nano.a(libc_a-mallocr.o)
 .ARM.attributes
                0x00000919       0x32 D:/ST/STM32CubeCLT_1.18.0/GNU-tools-for-STM32/bin/../lib/gcc/arm-none-eabi/13.3.1/../../../../arm-none-eabi/lib/thumb/v7e-m+dp/hard\libg_nano.a(libc_a-mlock.o)
 .ARM.attributes
                0x0000094b       0x32 D:/ST/STM32CubeCLT_1.18.0/GNU-tools-for-STM32/bin/../lib/gcc/arm-none-eabi/13.3.1/../../../../arm-none-eabi/lib/thumb/v7e-m+dp/hard\libg_nano.a(libc_a-nano-vfprintf.o)
 .ARM.attributes
                0x0000097d       0x32 D:/ST/STM32CubeCLT_1.18.0/GNU-tools-for-STM32/bin/../lib/gcc/arm-none-eabi/13.3.1/../../../../arm-none-eabi/lib/thumb/v7e-m+dp/hard\libg_nano.a(libc_a-nano-vfprintf_i.o)
 .ARM.attributes
                0x000009af       0x32 D:/ST/STM32CubeCLT_1.18.0/GNU-tools-for-STM32/bin/../lib/gcc/arm-none-eabi/13.3.1/../../../../arm-none-eabi/lib/thumb/v7e-m+dp/hard\libg_nano.a(libc_a-fflush.o)
 .ARM.attributes
                0x000009e1       0x32 D:/ST/STM32CubeCLT_1.18.0/GNU-tools-for-STM32/bin/../lib/gcc/arm-none-eabi/13.3.1/../../../../arm-none-eabi/lib/thumb/v7e-m+dp/hard\libg_nano.a(libc_a-makebuf.o)
 .ARM.attributes
                0x00000a13       0x32 D:/ST/STM32CubeCLT_1.18.0/GNU-tools-for-STM32/bin/../lib/gcc/arm-none-eabi/13.3.1/../../../../arm-none-eabi/lib/thumb/v7e-m+dp/hard\libg_nano.a(libc_a-fstatr.o)
 .ARM.attributes
                0x00000a45       0x32 D:/ST/STM32CubeCLT_1.18.0/GNU-tools-for-STM32/bin/../lib/gcc/arm-none-eabi/13.3.1/../../../../arm-none-eabi/lib/thumb/v7e-m+dp/hard\libg_nano.a(libc_a-isattyr.o)
 .ARM.attributes
                0x00000a77       0x32 D:/ST/STM32CubeCLT_1.18.0/GNU-tools-for-STM32/bin/../lib/gcc/arm-none-eabi/13.3.1/../../../../arm-none-eabi/lib/thumb/v7e-m+dp/hard\libg_nano.a(libc_a-sbrkr.o)
 .ARM.attributes
                0x00000aa9       0x1c D:/ST/STM32CubeCLT_1.18.0/GNU-tools-for-STM32/bin/../lib/gcc/arm-none-eabi/13.3.1/../../../../arm-none-eabi/lib/thumb/v7e-m+dp/hard\libg_nano.a(libc_a-memchr.o)
 .ARM.attributes
                0x00000ac5       0x20 D:/ST/STM32CubeCLT_1.18.0/GNU-tools-for-STM32/bin/../lib/gcc/arm-none-eabi/13.3.1/thumb/v7e-m+dp/hard/crtn.o

.comment        0x00000000       0x43
 .comment       0x00000000       0x43 cmake/stm32cubemx/CMakeFiles/STM32_Drivers.dir/__/__/Core/Src/system_stm32f7xx.c.obj
                                 0x44 (size before relaxing)
 .comment       0x00000043       0x44 cmake/stm32cubemx/CMakeFiles/STM32_Drivers.dir/__/__/Drivers/STM32F7xx_HAL_Driver/Src/stm32f7xx_hal_cortex.c.obj
 .comment       0x00000043       0x44 cmake/stm32cubemx/CMakeFiles/STM32_Drivers.dir/__/__/Drivers/STM32F7xx_HAL_Driver/Src/stm32f7xx_hal_uart.c.obj
 .comment       0x00000043       0x44 cmake/stm32cubemx/CMakeFiles/STM32_Drivers.dir/__/__/Drivers/STM32F7xx_HAL_Driver/Src/stm32f7xx_hal_rcc.c.obj
 .comment       0x00000043       0x44 cmake/stm32cubemx/CMakeFiles/STM32_Drivers.dir/__/__/Drivers/STM32F7xx_HAL_Driver/Src/stm32f7xx_hal_rcc_ex.c.obj
 .comment       0x00000043       0x44 cmake/stm32cubemx/CMakeFiles/STM32_Drivers.dir/__/__/Drivers/STM32F7xx_HAL_Driver/Src/stm32f7xx_hal_flash.c.obj
 .comment       0x00000043       0x44 cmake/stm32cubemx/CMakeFiles/STM32_Drivers.dir/__/__/Drivers/STM32F7xx_HAL_Driver/Src/stm32f7xx_hal_flash_ex.c.obj
 .comment       0x00000043       0x44 cmake/stm32cubemx/CMakeFiles/STM32_Drivers.dir/__/__/Drivers/STM32F7xx_HAL_Driver/Src/stm32f7xx_hal_gpio.c.obj
 .comment       0x00000043       0x44 cmake/stm32cubemx/CMakeFiles/STM32_Drivers.dir/__/__/Drivers/STM32F7xx_HAL_Driver/Src/stm32f7xx_hal_pwr_ex.c.obj
 .comment       0x00000043       0x44 cmake/stm32cubemx/CMakeFiles/STM32_Drivers.dir/__/__/Drivers/STM32F7xx_HAL_Driver/Src/stm32f7xx_hal.c.obj
 .comment       0x00000043       0x44 CMakeFiles/BOOT.dir/Core/Src/main.c.obj
 .comment       0x00000043       0x44 CMakeFiles/BOOT.dir/Core/Src/gpio.c.obj
 .comment       0x00000043       0x44 CMakeFiles/BOOT.dir/Core/Src/usart.c.obj
 .comment       0x00000043       0x44 CMakeFiles/BOOT.dir/Core/Src/stm32f7xx_it.c.obj
 .comment       0x00000043       0x44 CMakeFiles/BOOT.dir/Core/Src/stm32f7xx_hal_msp.c.obj
 .comment       0x00000043       0x44 CMakeFiles/BOOT.dir/Core/Src/sysmem.c.obj
 .comment       0x00000043       0x44 CMakeFiles/BOOT.dir/Core/Src/syscalls.c.obj
 .comment       0x00000043       0x44 CMakeFiles/BOOT.dir/APP/LED/led.c.obj
 .comment       0x00000043       0x44 CMakeFiles/BOOT.dir/APP/Printf/printf.c.obj
 .comment       0x00000043       0x44 CMakeFiles/BOOT.dir/APP/KEY/key.c.obj
 .comment       0x00000043       0x44 CMakeFiles/BOOT.dir/APP/FLASH/flash.c.obj
 .comment       0x00000043       0x44 CMakeFiles/BOOT.dir/bootloader/ymodem.c.obj
 .comment       0x00000043       0x44 D:/ST/STM32CubeCLT_1.18.0/GNU-tools-for-STM32/bin/../lib/gcc/arm-none-eabi/13.3.1/../../../../arm-none-eabi/lib/thumb/v7e-m+dp/hard\libg_nano.a(libc_a-findfp.o)
 .comment       0x00000043       0x44 D:/ST/STM32CubeCLT_1.18.0/GNU-tools-for-STM32/bin/../lib/gcc/arm-none-eabi/13.3.1/../../../../arm-none-eabi/lib/thumb/v7e-m+dp/hard\libg_nano.a(libc_a-fwalk.o)
 .comment       0x00000043       0x44 D:/ST/STM32CubeCLT_1.18.0/GNU-tools-for-STM32/bin/../lib/gcc/arm-none-eabi/13.3.1/../../../../arm-none-eabi/lib/thumb/v7e-m+dp/hard\libg_nano.a(libc_a-printf.o)
 .comment       0x00000043       0x44 D:/ST/STM32CubeCLT_1.18.0/GNU-tools-for-STM32/bin/../lib/gcc/arm-none-eabi/13.3.1/../../../../arm-none-eabi/lib/thumb/v7e-m+dp/hard\libg_nano.a(libc_a-puts.o)
 .comment       0x00000043       0x44 D:/ST/STM32CubeCLT_1.18.0/GNU-tools-for-STM32/bin/../lib/gcc/arm-none-eabi/13.3.1/../../../../arm-none-eabi/lib/thumb/v7e-m+dp/hard\libg_nano.a(libc_a-stdio.o)
 .comment       0x00000043       0x44 D:/ST/STM32CubeCLT_1.18.0/GNU-tools-for-STM32/bin/../lib/gcc/arm-none-eabi/13.3.1/../../../../arm-none-eabi/lib/thumb/v7e-m+dp/hard\libg_nano.a(libc_a-wbuf.o)
 .comment       0x00000043       0x44 D:/ST/STM32CubeCLT_1.18.0/GNU-tools-for-STM32/bin/../lib/gcc/arm-none-eabi/13.3.1/../../../../arm-none-eabi/lib/thumb/v7e-m+dp/hard\libg_nano.a(libc_a-wsetup.o)
 .comment       0x00000043       0x44 D:/ST/STM32CubeCLT_1.18.0/GNU-tools-for-STM32/bin/../lib/gcc/arm-none-eabi/13.3.1/../../../../arm-none-eabi/lib/thumb/v7e-m+dp/hard\libg_nano.a(libc_a-memcmp.o)
 .comment       0x00000043       0x44 D:/ST/STM32CubeCLT_1.18.0/GNU-tools-for-STM32/bin/../lib/gcc/arm-none-eabi/13.3.1/../../../../arm-none-eabi/lib/thumb/v7e-m+dp/hard\libg_nano.a(libc_a-memset.o)
 .comment       0x00000043       0x44 D:/ST/STM32CubeCLT_1.18.0/GNU-tools-for-STM32/bin/../lib/gcc/arm-none-eabi/13.3.1/../../../../arm-none-eabi/lib/thumb/v7e-m+dp/hard\libg_nano.a(libc_a-closer.o)
 .comment       0x00000043       0x44 D:/ST/STM32CubeCLT_1.18.0/GNU-tools-for-STM32/bin/../lib/gcc/arm-none-eabi/13.3.1/../../../../arm-none-eabi/lib/thumb/v7e-m+dp/hard\libg_nano.a(libc_a-reent.o)
 .comment       0x00000043       0x44 D:/ST/STM32CubeCLT_1.18.0/GNU-tools-for-STM32/bin/../lib/gcc/arm-none-eabi/13.3.1/../../../../arm-none-eabi/lib/thumb/v7e-m+dp/hard\libg_nano.a(libc_a-impure.o)
 .comment       0x00000043       0x44 D:/ST/STM32CubeCLT_1.18.0/GNU-tools-for-STM32/bin/../lib/gcc/arm-none-eabi/13.3.1/../../../../arm-none-eabi/lib/thumb/v7e-m+dp/hard\libg_nano.a(libc_a-lseekr.o)
 .comment       0x00000043       0x44 D:/ST/STM32CubeCLT_1.18.0/GNU-tools-for-STM32/bin/../lib/gcc/arm-none-eabi/13.3.1/../../../../arm-none-eabi/lib/thumb/v7e-m+dp/hard\libg_nano.a(libc_a-readr.o)
 .comment       0x00000043       0x44 D:/ST/STM32CubeCLT_1.18.0/GNU-tools-for-STM32/bin/../lib/gcc/arm-none-eabi/13.3.1/../../../../arm-none-eabi/lib/thumb/v7e-m+dp/hard\libg_nano.a(libc_a-writer.o)
 .comment       0x00000043       0x44 D:/ST/STM32CubeCLT_1.18.0/GNU-tools-for-STM32/bin/../lib/gcc/arm-none-eabi/13.3.1/../../../../arm-none-eabi/lib/thumb/v7e-m+dp/hard\libg_nano.a(libc_a-errno.o)
 .comment       0x00000043       0x44 D:/ST/STM32CubeCLT_1.18.0/GNU-tools-for-STM32/bin/../lib/gcc/arm-none-eabi/13.3.1/../../../../arm-none-eabi/lib/thumb/v7e-m+dp/hard\libg_nano.a(libc_a-init.o)
 .comment       0x00000043       0x44 D:/ST/STM32CubeCLT_1.18.0/GNU-tools-for-STM32/bin/../lib/gcc/arm-none-eabi/13.3.1/../../../../arm-none-eabi/lib/thumb/v7e-m+dp/hard\libg_nano.a(libc_a-lock.o)
 .comment       0x00000043       0x44 D:/ST/STM32CubeCLT_1.18.0/GNU-tools-for-STM32/bin/../lib/gcc/arm-none-eabi/13.3.1/../../../../arm-none-eabi/lib/thumb/v7e-m+dp/hard\libg_nano.a(libc_a-freer.o)
 .comment       0x00000043       0x44 D:/ST/STM32CubeCLT_1.18.0/GNU-tools-for-STM32/bin/../lib/gcc/arm-none-eabi/13.3.1/../../../../arm-none-eabi/lib/thumb/v7e-m+dp/hard\libg_nano.a(libc_a-mallocr.o)
 .comment       0x00000043       0x44 D:/ST/STM32CubeCLT_1.18.0/GNU-tools-for-STM32/bin/../lib/gcc/arm-none-eabi/13.3.1/../../../../arm-none-eabi/lib/thumb/v7e-m+dp/hard\libg_nano.a(libc_a-mlock.o)
 .comment       0x00000043       0x44 D:/ST/STM32CubeCLT_1.18.0/GNU-tools-for-STM32/bin/../lib/gcc/arm-none-eabi/13.3.1/../../../../arm-none-eabi/lib/thumb/v7e-m+dp/hard\libg_nano.a(libc_a-nano-vfprintf.o)
 .comment       0x00000043       0x44 D:/ST/STM32CubeCLT_1.18.0/GNU-tools-for-STM32/bin/../lib/gcc/arm-none-eabi/13.3.1/../../../../arm-none-eabi/lib/thumb/v7e-m+dp/hard\libg_nano.a(libc_a-nano-vfprintf_i.o)
 .comment       0x00000043       0x44 D:/ST/STM32CubeCLT_1.18.0/GNU-tools-for-STM32/bin/../lib/gcc/arm-none-eabi/13.3.1/../../../../arm-none-eabi/lib/thumb/v7e-m+dp/hard\libg_nano.a(libc_a-fflush.o)
 .comment       0x00000043       0x44 D:/ST/STM32CubeCLT_1.18.0/GNU-tools-for-STM32/bin/../lib/gcc/arm-none-eabi/13.3.1/../../../../arm-none-eabi/lib/thumb/v7e-m+dp/hard\libg_nano.a(libc_a-makebuf.o)
 .comment       0x00000043       0x44 D:/ST/STM32CubeCLT_1.18.0/GNU-tools-for-STM32/bin/../lib/gcc/arm-none-eabi/13.3.1/../../../../arm-none-eabi/lib/thumb/v7e-m+dp/hard\libg_nano.a(libc_a-fstatr.o)
 .comment       0x00000043       0x44 D:/ST/STM32CubeCLT_1.18.0/GNU-tools-for-STM32/bin/../lib/gcc/arm-none-eabi/13.3.1/../../../../arm-none-eabi/lib/thumb/v7e-m+dp/hard\libg_nano.a(libc_a-isattyr.o)
 .comment       0x00000043       0x44 D:/ST/STM32CubeCLT_1.18.0/GNU-tools-for-STM32/bin/../lib/gcc/arm-none-eabi/13.3.1/../../../../arm-none-eabi/lib/thumb/v7e-m+dp/hard\libg_nano.a(libc_a-sbrkr.o)

.debug_info     0x00000000    0x1c223
 .debug_info    0x00000000      0x6ed cmake/stm32cubemx/CMakeFiles/STM32_Drivers.dir/__/__/Core/Src/system_stm32f7xx.c.obj
 .debug_info    0x000006ed      0xfc0 cmake/stm32cubemx/CMakeFiles/STM32_Drivers.dir/__/__/Drivers/STM32F7xx_HAL_Driver/Src/stm32f7xx_hal_cortex.c.obj
 .debug_info    0x000016ad     0x3b13 cmake/stm32cubemx/CMakeFiles/STM32_Drivers.dir/__/__/Drivers/STM32F7xx_HAL_Driver/Src/stm32f7xx_hal_uart.c.obj
 .debug_info    0x000051c0      0x94b cmake/stm32cubemx/CMakeFiles/STM32_Drivers.dir/__/__/Drivers/STM32F7xx_HAL_Driver/Src/stm32f7xx_hal_rcc.c.obj
 .debug_info    0x00005b0b      0x6e1 cmake/stm32cubemx/CMakeFiles/STM32_Drivers.dir/__/__/Drivers/STM32F7xx_HAL_Driver/Src/stm32f7xx_hal_rcc_ex.c.obj
 .debug_info    0x000061ec      0x5a7 cmake/stm32cubemx/CMakeFiles/STM32_Drivers.dir/__/__/Drivers/STM32F7xx_HAL_Driver/Src/stm32f7xx_hal_flash.c.obj
 .debug_info    0x00006793      0x71d cmake/stm32cubemx/CMakeFiles/STM32_Drivers.dir/__/__/Drivers/STM32F7xx_HAL_Driver/Src/stm32f7xx_hal_flash_ex.c.obj
 .debug_info    0x00006eb0      0x6f3 cmake/stm32cubemx/CMakeFiles/STM32_Drivers.dir/__/__/Drivers/STM32F7xx_HAL_Driver/Src/stm32f7xx_hal_gpio.c.obj
 .debug_info    0x000075a3      0x8cd cmake/stm32cubemx/CMakeFiles/STM32_Drivers.dir/__/__/Drivers/STM32F7xx_HAL_Driver/Src/stm32f7xx_hal_pwr_ex.c.obj
 .debug_info    0x00007e70      0xa4c cmake/stm32cubemx/CMakeFiles/STM32_Drivers.dir/__/__/Drivers/STM32F7xx_HAL_Driver/Src/stm32f7xx_hal.c.obj
 .debug_info    0x000088bc     0x11b5 CMakeFiles/BOOT.dir/Core/Src/main.c.obj
 .debug_info    0x00009a71      0x411 CMakeFiles/BOOT.dir/Core/Src/gpio.c.obj
 .debug_info    0x00009e82      0xc81 CMakeFiles/BOOT.dir/Core/Src/usart.c.obj
 .debug_info    0x0000ab03      0x112 CMakeFiles/BOOT.dir/Core/Src/stm32f7xx_it.c.obj
 .debug_info    0x0000ac15      0x28d CMakeFiles/BOOT.dir/Core/Src/stm32f7xx_hal_msp.c.obj
 .debug_info    0x0000aea2      0x168 CMakeFiles/BOOT.dir/Core/Src/sysmem.c.obj
 .debug_info    0x0000b00a      0x6b4 CMakeFiles/BOOT.dir/Core/Src/syscalls.c.obj
 .debug_info    0x0000b6be       0x30 CMakeFiles/BOOT.dir/startup_stm32f767xx.s.obj
 .debug_info    0x0000b6ee      0x594 CMakeFiles/BOOT.dir/APP/LED/led.c.obj
 .debug_info    0x0000bc82      0x6fb CMakeFiles/BOOT.dir/APP/Printf/printf.c.obj
 .debug_info    0x0000c37d      0x5e8 CMakeFiles/BOOT.dir/APP/KEY/key.c.obj
 .debug_info    0x0000c965      0xd97 CMakeFiles/BOOT.dir/APP/FLASH/flash.c.obj
 .debug_info    0x0000d6fc      0x790 CMakeFiles/BOOT.dir/bootloader/ymodem.c.obj
 .debug_info    0x0000de8c      0xfb5 D:/ST/STM32CubeCLT_1.18.0/GNU-tools-for-STM32/bin/../lib/gcc/arm-none-eabi/13.3.1/../../../../arm-none-eabi/lib/thumb/v7e-m+dp/hard\libg_nano.a(libc_a-findfp.o)
 .debug_info    0x0000ee41      0x7d2 D:/ST/STM32CubeCLT_1.18.0/GNU-tools-for-STM32/bin/../lib/gcc/arm-none-eabi/13.3.1/../../../../arm-none-eabi/lib/thumb/v7e-m+dp/hard\libg_nano.a(libc_a-fwalk.o)
 .debug_info    0x0000f613      0x841 D:/ST/STM32CubeCLT_1.18.0/GNU-tools-for-STM32/bin/../lib/gcc/arm-none-eabi/13.3.1/../../../../arm-none-eabi/lib/thumb/v7e-m+dp/hard\libg_nano.a(libc_a-printf.o)
 .debug_info    0x0000fe54      0x950 D:/ST/STM32CubeCLT_1.18.0/GNU-tools-for-STM32/bin/../lib/gcc/arm-none-eabi/13.3.1/../../../../arm-none-eabi/lib/thumb/v7e-m+dp/hard\libg_nano.a(libc_a-puts.o)
 .debug_info    0x000107a4      0xa90 D:/ST/STM32CubeCLT_1.18.0/GNU-tools-for-STM32/bin/../lib/gcc/arm-none-eabi/13.3.1/../../../../arm-none-eabi/lib/thumb/v7e-m+dp/hard\libg_nano.a(libc_a-stdio.o)
 .debug_info    0x00011234      0x874 D:/ST/STM32CubeCLT_1.18.0/GNU-tools-for-STM32/bin/../lib/gcc/arm-none-eabi/13.3.1/../../../../arm-none-eabi/lib/thumb/v7e-m+dp/hard\libg_nano.a(libc_a-wbuf.o)
 .debug_info    0x00011aa8      0x7bb D:/ST/STM32CubeCLT_1.18.0/GNU-tools-for-STM32/bin/../lib/gcc/arm-none-eabi/13.3.1/../../../../arm-none-eabi/lib/thumb/v7e-m+dp/hard\libg_nano.a(libc_a-wsetup.o)
 .debug_info    0x00012263      0x104 D:/ST/STM32CubeCLT_1.18.0/GNU-tools-for-STM32/bin/../lib/gcc/arm-none-eabi/13.3.1/../../../../arm-none-eabi/lib/thumb/v7e-m+dp/hard\libg_nano.a(libc_a-memcmp.o)
 .debug_info    0x00012367       0xe0 D:/ST/STM32CubeCLT_1.18.0/GNU-tools-for-STM32/bin/../lib/gcc/arm-none-eabi/13.3.1/../../../../arm-none-eabi/lib/thumb/v7e-m+dp/hard\libg_nano.a(libc_a-memset.o)
 .debug_info    0x00012447      0x75d D:/ST/STM32CubeCLT_1.18.0/GNU-tools-for-STM32/bin/../lib/gcc/arm-none-eabi/13.3.1/../../../../arm-none-eabi/lib/thumb/v7e-m+dp/hard\libg_nano.a(libc_a-closer.o)
 .debug_info    0x00012ba4      0x8a1 D:/ST/STM32CubeCLT_1.18.0/GNU-tools-for-STM32/bin/../lib/gcc/arm-none-eabi/13.3.1/../../../../arm-none-eabi/lib/thumb/v7e-m+dp/hard\libg_nano.a(libc_a-reent.o)
 .debug_info    0x00013445      0x715 D:/ST/STM32CubeCLT_1.18.0/GNU-tools-for-STM32/bin/../lib/gcc/arm-none-eabi/13.3.1/../../../../arm-none-eabi/lib/thumb/v7e-m+dp/hard\libg_nano.a(libc_a-impure.o)
 .debug_info    0x00013b5a      0x7a8 D:/ST/STM32CubeCLT_1.18.0/GNU-tools-for-STM32/bin/../lib/gcc/arm-none-eabi/13.3.1/../../../../arm-none-eabi/lib/thumb/v7e-m+dp/hard\libg_nano.a(libc_a-lseekr.o)
 .debug_info    0x00014302      0x7bf D:/ST/STM32CubeCLT_1.18.0/GNU-tools-for-STM32/bin/../lib/gcc/arm-none-eabi/13.3.1/../../../../arm-none-eabi/lib/thumb/v7e-m+dp/hard\libg_nano.a(libc_a-readr.o)
 .debug_info    0x00014ac1      0x7c5 D:/ST/STM32CubeCLT_1.18.0/GNU-tools-for-STM32/bin/../lib/gcc/arm-none-eabi/13.3.1/../../../../arm-none-eabi/lib/thumb/v7e-m+dp/hard\libg_nano.a(libc_a-writer.o)
 .debug_info    0x00015286      0x6fb D:/ST/STM32CubeCLT_1.18.0/GNU-tools-for-STM32/bin/../lib/gcc/arm-none-eabi/13.3.1/../../../../arm-none-eabi/lib/thumb/v7e-m+dp/hard\libg_nano.a(libc_a-errno.o)
 .debug_info    0x00015981      0x10b D:/ST/STM32CubeCLT_1.18.0/GNU-tools-for-STM32/bin/../lib/gcc/arm-none-eabi/13.3.1/../../../../arm-none-eabi/lib/thumb/v7e-m+dp/hard\libg_nano.a(libc_a-init.o)
 .debug_info    0x00015a8c      0x218 D:/ST/STM32CubeCLT_1.18.0/GNU-tools-for-STM32/bin/../lib/gcc/arm-none-eabi/13.3.1/../../../../arm-none-eabi/lib/thumb/v7e-m+dp/hard\libg_nano.a(libc_a-lock.o)
 .debug_info    0x00015ca4      0x851 D:/ST/STM32CubeCLT_1.18.0/GNU-tools-for-STM32/bin/../lib/gcc/arm-none-eabi/13.3.1/../../../../arm-none-eabi/lib/thumb/v7e-m+dp/hard\libg_nano.a(libc_a-freer.o)
 .debug_info    0x000164f5      0x9bc D:/ST/STM32CubeCLT_1.18.0/GNU-tools-for-STM32/bin/../lib/gcc/arm-none-eabi/13.3.1/../../../../arm-none-eabi/lib/thumb/v7e-m+dp/hard\libg_nano.a(libc_a-mallocr.o)
 .debug_info    0x00016eb1      0x76b D:/ST/STM32CubeCLT_1.18.0/GNU-tools-for-STM32/bin/../lib/gcc/arm-none-eabi/13.3.1/../../../../arm-none-eabi/lib/thumb/v7e-m+dp/hard\libg_nano.a(libc_a-mlock.o)
 .debug_info    0x0001761c     0x1094 D:/ST/STM32CubeCLT_1.18.0/GNU-tools-for-STM32/bin/../lib/gcc/arm-none-eabi/13.3.1/../../../../arm-none-eabi/lib/thumb/v7e-m+dp/hard\libg_nano.a(libc_a-nano-vfprintf.o)
 .debug_info    0x000186b0      0xde2 D:/ST/STM32CubeCLT_1.18.0/GNU-tools-for-STM32/bin/../lib/gcc/arm-none-eabi/13.3.1/../../../../arm-none-eabi/lib/thumb/v7e-m+dp/hard\libg_nano.a(libc_a-nano-vfprintf_i.o)
 .debug_info    0x00019492      0x9f2 D:/ST/STM32CubeCLT_1.18.0/GNU-tools-for-STM32/bin/../lib/gcc/arm-none-eabi/13.3.1/../../../../arm-none-eabi/lib/thumb/v7e-m+dp/hard\libg_nano.a(libc_a-fflush.o)
 .debug_info    0x00019e84      0xb1a D:/ST/STM32CubeCLT_1.18.0/GNU-tools-for-STM32/bin/../lib/gcc/arm-none-eabi/13.3.1/../../../../arm-none-eabi/lib/thumb/v7e-m+dp/hard\libg_nano.a(libc_a-makebuf.o)
 .debug_info    0x0001a99e      0x981 D:/ST/STM32CubeCLT_1.18.0/GNU-tools-for-STM32/bin/../lib/gcc/arm-none-eabi/13.3.1/../../../../arm-none-eabi/lib/thumb/v7e-m+dp/hard\libg_nano.a(libc_a-fstatr.o)
 .debug_info    0x0001b31f      0x75d D:/ST/STM32CubeCLT_1.18.0/GNU-tools-for-STM32/bin/../lib/gcc/arm-none-eabi/13.3.1/../../../../arm-none-eabi/lib/thumb/v7e-m+dp/hard\libg_nano.a(libc_a-isattyr.o)
 .debug_info    0x0001ba7c      0x782 D:/ST/STM32CubeCLT_1.18.0/GNU-tools-for-STM32/bin/../lib/gcc/arm-none-eabi/13.3.1/../../../../arm-none-eabi/lib/thumb/v7e-m+dp/hard\libg_nano.a(libc_a-sbrkr.o)
 .debug_info    0x0001c1fe       0x25 D:/ST/STM32CubeCLT_1.18.0/GNU-tools-for-STM32/bin/../lib/gcc/arm-none-eabi/13.3.1/../../../../arm-none-eabi/lib/thumb/v7e-m+dp/hard\libg_nano.a(libc_a-memchr.o)

.debug_abbrev   0x00000000     0x614e
 .debug_abbrev  0x00000000      0x13b cmake/stm32cubemx/CMakeFiles/STM32_Drivers.dir/__/__/Core/Src/system_stm32f7xx.c.obj
 .debug_abbrev  0x0000013b      0x31e cmake/stm32cubemx/CMakeFiles/STM32_Drivers.dir/__/__/Drivers/STM32F7xx_HAL_Driver/Src/stm32f7xx_hal_cortex.c.obj
 .debug_abbrev  0x00000459      0x2e6 cmake/stm32cubemx/CMakeFiles/STM32_Drivers.dir/__/__/Drivers/STM32F7xx_HAL_Driver/Src/stm32f7xx_hal_uart.c.obj
 .debug_abbrev  0x0000073f      0x2de cmake/stm32cubemx/CMakeFiles/STM32_Drivers.dir/__/__/Drivers/STM32F7xx_HAL_Driver/Src/stm32f7xx_hal_rcc.c.obj
 .debug_abbrev  0x00000a1d      0x1c9 cmake/stm32cubemx/CMakeFiles/STM32_Drivers.dir/__/__/Drivers/STM32F7xx_HAL_Driver/Src/stm32f7xx_hal_rcc_ex.c.obj
 .debug_abbrev  0x00000be6      0x27e cmake/stm32cubemx/CMakeFiles/STM32_Drivers.dir/__/__/Drivers/STM32F7xx_HAL_Driver/Src/stm32f7xx_hal_flash.c.obj
 .debug_abbrev  0x00000e64      0x24c cmake/stm32cubemx/CMakeFiles/STM32_Drivers.dir/__/__/Drivers/STM32F7xx_HAL_Driver/Src/stm32f7xx_hal_flash_ex.c.obj
 .debug_abbrev  0x000010b0      0x1d4 cmake/stm32cubemx/CMakeFiles/STM32_Drivers.dir/__/__/Drivers/STM32F7xx_HAL_Driver/Src/stm32f7xx_hal_gpio.c.obj
 .debug_abbrev  0x00001284      0x1d5 cmake/stm32cubemx/CMakeFiles/STM32_Drivers.dir/__/__/Drivers/STM32F7xx_HAL_Driver/Src/stm32f7xx_hal_pwr_ex.c.obj
 .debug_abbrev  0x00001459      0x213 cmake/stm32cubemx/CMakeFiles/STM32_Drivers.dir/__/__/Drivers/STM32F7xx_HAL_Driver/Src/stm32f7xx_hal.c.obj
 .debug_abbrev  0x0000166c      0x2de CMakeFiles/BOOT.dir/Core/Src/main.c.obj
 .debug_abbrev  0x0000194a      0x152 CMakeFiles/BOOT.dir/Core/Src/gpio.c.obj
 .debug_abbrev  0x00001a9c      0x1f9 CMakeFiles/BOOT.dir/Core/Src/usart.c.obj
 .debug_abbrev  0x00001c95       0x73 CMakeFiles/BOOT.dir/Core/Src/stm32f7xx_it.c.obj
 .debug_abbrev  0x00001d08       0xd8 CMakeFiles/BOOT.dir/Core/Src/stm32f7xx_hal_msp.c.obj
 .debug_abbrev  0x00001de0       0xbc CMakeFiles/BOOT.dir/Core/Src/sysmem.c.obj
 .debug_abbrev  0x00001e9c      0x1bc CMakeFiles/BOOT.dir/Core/Src/syscalls.c.obj
 .debug_abbrev  0x00002058       0x24 CMakeFiles/BOOT.dir/startup_stm32f767xx.s.obj
 .debug_abbrev  0x0000207c      0x1c0 CMakeFiles/BOOT.dir/APP/LED/led.c.obj
 .debug_abbrev  0x0000223c      0x174 CMakeFiles/BOOT.dir/APP/Printf/printf.c.obj
 .debug_abbrev  0x000023b0      0x1ee CMakeFiles/BOOT.dir/APP/KEY/key.c.obj
 .debug_abbrev  0x0000259e      0x361 CMakeFiles/BOOT.dir/APP/FLASH/flash.c.obj
 .debug_abbrev  0x000028ff      0x298 CMakeFiles/BOOT.dir/bootloader/ymodem.c.obj
 .debug_abbrev  0x00002b97      0x424 D:/ST/STM32CubeCLT_1.18.0/GNU-tools-for-STM32/bin/../lib/gcc/arm-none-eabi/13.3.1/../../../../arm-none-eabi/lib/thumb/v7e-m+dp/hard\libg_nano.a(libc_a-findfp.o)
 .debug_abbrev  0x00002fbb      0x19b D:/ST/STM32CubeCLT_1.18.0/GNU-tools-for-STM32/bin/../lib/gcc/arm-none-eabi/13.3.1/../../../../arm-none-eabi/lib/thumb/v7e-m+dp/hard\libg_nano.a(libc_a-fwalk.o)
 .debug_abbrev  0x00003156      0x21a D:/ST/STM32CubeCLT_1.18.0/GNU-tools-for-STM32/bin/../lib/gcc/arm-none-eabi/13.3.1/../../../../arm-none-eabi/lib/thumb/v7e-m+dp/hard\libg_nano.a(libc_a-printf.o)
 .debug_abbrev  0x00003370      0x2a7 D:/ST/STM32CubeCLT_1.18.0/GNU-tools-for-STM32/bin/../lib/gcc/arm-none-eabi/13.3.1/../../../../arm-none-eabi/lib/thumb/v7e-m+dp/hard\libg_nano.a(libc_a-puts.o)
 .debug_abbrev  0x00003617      0x221 D:/ST/STM32CubeCLT_1.18.0/GNU-tools-for-STM32/bin/../lib/gcc/arm-none-eabi/13.3.1/../../../../arm-none-eabi/lib/thumb/v7e-m+dp/hard\libg_nano.a(libc_a-stdio.o)
 .debug_abbrev  0x00003838      0x22d D:/ST/STM32CubeCLT_1.18.0/GNU-tools-for-STM32/bin/../lib/gcc/arm-none-eabi/13.3.1/../../../../arm-none-eabi/lib/thumb/v7e-m+dp/hard\libg_nano.a(libc_a-wbuf.o)
 .debug_abbrev  0x00003a65      0x1e2 D:/ST/STM32CubeCLT_1.18.0/GNU-tools-for-STM32/bin/../lib/gcc/arm-none-eabi/13.3.1/../../../../arm-none-eabi/lib/thumb/v7e-m+dp/hard\libg_nano.a(libc_a-wsetup.o)
 .debug_abbrev  0x00003c47       0x90 D:/ST/STM32CubeCLT_1.18.0/GNU-tools-for-STM32/bin/../lib/gcc/arm-none-eabi/13.3.1/../../../../arm-none-eabi/lib/thumb/v7e-m+dp/hard\libg_nano.a(libc_a-memcmp.o)
 .debug_abbrev  0x00003cd7       0x9e D:/ST/STM32CubeCLT_1.18.0/GNU-tools-for-STM32/bin/../lib/gcc/arm-none-eabi/13.3.1/../../../../arm-none-eabi/lib/thumb/v7e-m+dp/hard\libg_nano.a(libc_a-memset.o)
 .debug_abbrev  0x00003d75      0x1b0 D:/ST/STM32CubeCLT_1.18.0/GNU-tools-for-STM32/bin/../lib/gcc/arm-none-eabi/13.3.1/../../../../arm-none-eabi/lib/thumb/v7e-m+dp/hard\libg_nano.a(libc_a-closer.o)
 .debug_abbrev  0x00003f25      0x1f7 D:/ST/STM32CubeCLT_1.18.0/GNU-tools-for-STM32/bin/../lib/gcc/arm-none-eabi/13.3.1/../../../../arm-none-eabi/lib/thumb/v7e-m+dp/hard\libg_nano.a(libc_a-reent.o)
 .debug_abbrev  0x0000411c      0x149 D:/ST/STM32CubeCLT_1.18.0/GNU-tools-for-STM32/bin/../lib/gcc/arm-none-eabi/13.3.1/../../../../arm-none-eabi/lib/thumb/v7e-m+dp/hard\libg_nano.a(libc_a-impure.o)
 .debug_abbrev  0x00004265      0x1c4 D:/ST/STM32CubeCLT_1.18.0/GNU-tools-for-STM32/bin/../lib/gcc/arm-none-eabi/13.3.1/../../../../arm-none-eabi/lib/thumb/v7e-m+dp/hard\libg_nano.a(libc_a-lseekr.o)
 .debug_abbrev  0x00004429      0x1b0 D:/ST/STM32CubeCLT_1.18.0/GNU-tools-for-STM32/bin/../lib/gcc/arm-none-eabi/13.3.1/../../../../arm-none-eabi/lib/thumb/v7e-m+dp/hard\libg_nano.a(libc_a-readr.o)
 .debug_abbrev  0x000045d9      0x1b5 D:/ST/STM32CubeCLT_1.18.0/GNU-tools-for-STM32/bin/../lib/gcc/arm-none-eabi/13.3.1/../../../../arm-none-eabi/lib/thumb/v7e-m+dp/hard\libg_nano.a(libc_a-writer.o)
 .debug_abbrev  0x0000478e      0x15e D:/ST/STM32CubeCLT_1.18.0/GNU-tools-for-STM32/bin/../lib/gcc/arm-none-eabi/13.3.1/../../../../arm-none-eabi/lib/thumb/v7e-m+dp/hard\libg_nano.a(libc_a-errno.o)
 .debug_abbrev  0x000048ec       0xc9 D:/ST/STM32CubeCLT_1.18.0/GNU-tools-for-STM32/bin/../lib/gcc/arm-none-eabi/13.3.1/../../../../arm-none-eabi/lib/thumb/v7e-m+dp/hard\libg_nano.a(libc_a-init.o)
 .debug_abbrev  0x000049b5      0x115 D:/ST/STM32CubeCLT_1.18.0/GNU-tools-for-STM32/bin/../lib/gcc/arm-none-eabi/13.3.1/../../../../arm-none-eabi/lib/thumb/v7e-m+dp/hard\libg_nano.a(libc_a-lock.o)
 .debug_abbrev  0x00004aca      0x236 D:/ST/STM32CubeCLT_1.18.0/GNU-tools-for-STM32/bin/../lib/gcc/arm-none-eabi/13.3.1/../../../../arm-none-eabi/lib/thumb/v7e-m+dp/hard\libg_nano.a(libc_a-freer.o)
 .debug_abbrev  0x00004d00      0x24a D:/ST/STM32CubeCLT_1.18.0/GNU-tools-for-STM32/bin/../lib/gcc/arm-none-eabi/13.3.1/../../../../arm-none-eabi/lib/thumb/v7e-m+dp/hard\libg_nano.a(libc_a-mallocr.o)
 .debug_abbrev  0x00004f4a      0x1bf D:/ST/STM32CubeCLT_1.18.0/GNU-tools-for-STM32/bin/../lib/gcc/arm-none-eabi/13.3.1/../../../../arm-none-eabi/lib/thumb/v7e-m+dp/hard\libg_nano.a(libc_a-mlock.o)
 .debug_abbrev  0x00005109      0x316 D:/ST/STM32CubeCLT_1.18.0/GNU-tools-for-STM32/bin/../lib/gcc/arm-none-eabi/13.3.1/../../../../arm-none-eabi/lib/thumb/v7e-m+dp/hard\libg_nano.a(libc_a-nano-vfprintf.o)
 .debug_abbrev  0x0000541f      0x28e D:/ST/STM32CubeCLT_1.18.0/GNU-tools-for-STM32/bin/../lib/gcc/arm-none-eabi/13.3.1/../../../../arm-none-eabi/lib/thumb/v7e-m+dp/hard\libg_nano.a(libc_a-nano-vfprintf_i.o)
 .debug_abbrev  0x000056ad      0x2b2 D:/ST/STM32CubeCLT_1.18.0/GNU-tools-for-STM32/bin/../lib/gcc/arm-none-eabi/13.3.1/../../../../arm-none-eabi/lib/thumb/v7e-m+dp/hard\libg_nano.a(libc_a-fflush.o)
 .debug_abbrev  0x0000595f      0x28e D:/ST/STM32CubeCLT_1.18.0/GNU-tools-for-STM32/bin/../lib/gcc/arm-none-eabi/13.3.1/../../../../arm-none-eabi/lib/thumb/v7e-m+dp/hard\libg_nano.a(libc_a-makebuf.o)